05-30 22:53:48.473  1217  1242 I SystemConfig: Reading permissions from /product/etc/permissions/org.lineageos.hardware.xml
05-30 22:53:48.473  1217  1242 I SystemConfig: Reading permissions from /product/etc/permissions/org.lineageos.android.xml
05-30 22:53:48.474  1217  1242 I SystemConfig: Reading permissions from /product/etc/permissions/privapp-permissions-hotword.xml
05-30 22:53:48.474  1217  1242 I SystemConfig: Reading permissions from /product/etc/permissions/android.software.nfc.beam.xml
05-30 22:53:48.474  1217  1242 I SystemConfig: Reading permissions from /product/etc/permissions/privapp_whitelist_org.lineageos.eleven.xml
05-30 22:53:48.475  1217  1242 I SystemConfig: Reading permissions from /product/etc/permissions/org.lineageos.health.xml
05-30 22:53:48.475  1217  1217 V SystemServerTiming: StartPowerStatsService took to complete: 3ms
05-30 22:53:48.475  1217  1217 D SystemServerTiming: StartIStatsService
05-30 22:53:48.475  1217  1242 I SystemConfig: Reading permissions from /product/etc/permissions/privapp_whitelist_com.android.dialer-ext.xml
05-30 22:53:48.475  1217  1242 I SystemConfig: Reading permissions from /product/etc/permissions/android.software.sip.voip.xml
05-30 22:53:48.476  1217  1242 I SystemConfig: Reading permissions from /product/etc/permissions/com.android.contacts.xml
05-30 22:53:48.476  1217  1242 I SystemConfig: Reading permissions from /product/etc/permissions/com.android.dialer.xml
05-30 22:53:48.476  1217  1242 I SystemConfig: Reading permissions from /product/etc/permissions/org.lineageos.settings.xml
05-30 22:53:48.477  1217  1217 V SystemServerTiming: StartIStatsService took to complete: 1ms
05-30 22:53:48.477  1217  1217 D SystemServerTiming: MemtrackProxyService
05-30 22:53:48.477  1217  1242 I SystemConfig: Reading permissions from /product/etc/permissions/org.lineageos.livedisplay.xml
05-30 22:53:48.477  1217  1242 I SystemConfig: Reading permissions from /product/etc/permissions/org.lineageos.profiles.xml
05-30 22:53:48.477  1217  1242 I SystemConfig: Reading permissions from /product/etc/permissions/com.android.settings.intelligence.xml
05-30 22:53:48.478  1217  1242 I SystemConfig: Reading permissions from /system_ext/etc/sysconfig/allowlist_com.stevesoltys.seedvault.xml
05-30 22:53:48.478  1217  1242 I SystemConfig: Reading permissions from /system_ext/etc/permissions/privapp_whitelist_com.android.wallpaper.xml
05-30 22:53:48.479  1217  1217 V SystemServerTiming: MemtrackProxyService took to complete: 2ms
05-30 22:53:48.479  1217  1242 I SystemConfig: Reading permissions from /system_ext/etc/permissions/permissions_com.stevesoltys.seedvault.xml
05-30 22:53:48.479  1217  1217 D SystemServerTiming: StartActivityManager
05-30 22:53:48.479  1217  1217 I SystemServiceManager: Starting com.android.server.wm.ActivityTaskManagerService$Lifecycle
05-30 22:53:48.479  1217  1242 I SystemConfig: Reading permissions from /system_ext/etc/permissions/privapp_whitelist_org.lineageos.lineagesettings.xml
05-30 22:53:48.479  1217  1242 I SystemConfig: Reading permissions from /system_ext/etc/permissions/com.android.launcher3.xml
05-30 22:53:48.480  1217  1242 I SystemConfig: Reading permissions from /system_ext/etc/permissions/com.android.emergency.xml
05-30 22:53:48.480  1217  1242 I SystemConfig: Reading permissions from /system_ext/etc/permissions/com.android.systemui.xml
05-30 22:53:48.481  1217  1242 I SystemConfig: Reading permissions from /system_ext/etc/permissions/privapp_whitelist_org.lineageos.updater.xml
05-30 22:53:48.481  1217  1242 I SystemConfig: Reading permissions from /system_ext/etc/permissions/com.android.hotwordenrollment.common.util.xml
05-30 22:53:48.482  1217  1217 I SystemServiceManager: Starting com.android.server.am.ActivityManagerService$Lifecycle
05-30 22:53:48.482  1217  1242 I SystemConfig: Reading permissions from /system_ext/etc/permissions/privapp_whitelist_org.lineageos.audiofx.xml
05-30 22:53:48.482  1217  1242 I SystemConfig: Reading permissions from /system_ext/etc/permissions/com.android.storagemanager.xml
05-30 22:53:48.482  1217  1242 I SystemConfig: Reading permissions from /system_ext/etc/permissions/com.android.settings.xml
05-30 22:53:48.483  1217  1242 I SystemConfig: Reading permissions from /system_ext/etc/permissions/privapp_whitelist_org.lineageos.lineageparts.xml
05-30 22:53:48.484  1217  1217 I ActivityManager: Memory class: 192
05-30 22:53:48.484  1217  1242 I SystemConfig: Reading permissions from /system_ext/etc/permissions/privapp_whitelist_org.lineageos.setupwizard.xml
05-30 22:53:48.484  1217  1242 I SystemConfig: Reading permissions from /system_ext/etc/permissions/com.android.carrierconfig.xml
05-30 22:53:48.485  1217  1242 I SystemConfig: Reading permissions from /apex/com.android.ipsec/etc/permissions/android.net.ipsec.ike.xml
05-30 22:53:48.485  1217  1245 I Binder  : Setting heavy hitter watcher config: false, 0, 0.0
05-30 22:53:48.486  1217  1242 I SystemConfig: Reading permissions from /apex/com.android.mediaprovider/etc/permissions/privapp_allowlist_com.android.providers.media.module.xml
05-30 22:53:48.487  1217  1242 I SystemConfig: Reading permissions from /apex/com.android.adservices/etc/permissions/privapp_allowlist_com.android.adservices.api.xml
05-30 22:53:48.488  1217  1242 I SystemConfig: Reading permissions from /apex/com.android.cellbroadcast/etc/permissions/privapp_allowlist_com.android.cellbroadcastreceiver.module.xml
05-30 22:53:48.488  1217  1242 I SystemConfig: Reading permissions from /apex/com.android.cellbroadcast/etc/permissions/privapp_allowlist_com.android.cellbroadcastservice.xml
05-30 22:53:48.489  1217  1242 I SystemConfig: Reading permissions from /apex/com.android.extservices/etc/permissions/privapp_allowlist_android.ext.services.xml
05-30 22:53:48.490  1217  1242 I SystemConfig: Reading permissions from /apex/com.android.permission/etc/permissions/privapp_allowlist_com.android.permissioncontroller.xml
05-30 22:53:48.491  1217  1242 I SystemConfig: Reading permissions from /apex/com.android.tethering/etc/permissions/permissions.xml
05-30 22:53:48.492  1217  1242 I SystemConfig: Reading permissions from /apex/com.android.btservices/etc/permissions/privapp_allowlist_com.android.bluetooth.xml
05-30 22:53:48.492  1217  1242 V SystemConfig: readAllPermissions took to complete: 52ms
05-30 22:53:48.492  1217  1242 D SystemServerInitThreadPool: Finished executing ReadingSystemConfig
05-30 22:53:48.492  1217  1242 V SystemServerTimingAsync: InitThreadPoolExec:ReadingSystemConfig took to complete: 52ms
05-30 22:53:48.497  1217  1217 I PackageWatchdog: Updated health check state for package android: INACTIVE -> PASSED
05-30 22:53:48.498  1217  1217 W ModemPowerProfile: getAverageBatteryDrainMaH called with unexpected key: 0x0, drain:0,RAT:DEFAULT
05-30 22:53:48.498  1217  1217 W ModemPowerProfile: getAverageBatteryDrainMaH called with unexpected key: 0x10000000, drain:IDLE,RAT:DEFAULT
05-30 22:53:48.498  1217  1217 W ModemPowerProfile: getAverageBatteryDrainMaH called with unexpected key: 0x20000000, drain:RX,RAT:DEFAULT
05-30 22:53:48.498  1217  1217 W ModemPowerProfile: getAverageBatteryDrainMaH called with unexpected key: 0x30000000, drain:TX,level:UNKNOWN(0x0)RAT:DEFAULT
05-30 22:53:48.499  1217  1217 W ModemPowerProfile: getAverageBatteryDrainMaH called with unexpected key: 0x31000000, drain:TX,level:UNKNOWN(0x1000000)RAT:DEFAULT
05-30 22:53:48.499  1217  1217 W ModemPowerProfile: getAverageBatteryDrainMaH called with unexpected key: 0x32000000, drain:TX,level:UNKNOWN(0x2000000)RAT:DEFAULT
05-30 22:53:48.499  1217  1217 W ModemPowerProfile: getAverageBatteryDrainMaH called with unexpected key: 0x33000000, drain:TX,level:UNKNOWN(0x3000000)RAT:DEFAULT
05-30 22:53:48.499  1217  1217 W ModemPowerProfile: getAverageBatteryDrainMaH called with unexpected key: 0x34000000, drain:TX,level:UNKNOWN(0x4000000)RAT:DEFAULT
05-30 22:53:48.501  1217  1217 D BatteryStatsImpl: Reading daily items from /data/system/batterystats-daily.xml
05-30 22:53:48.506  1217  1217 I KernelCpuUidFreqTimeReader: mPerClusterTimesAvailable=false
05-30 22:53:48.531  1217  1252 W KernelMemoryBandwidthStats: No kernel memory bandwidth stats available
05-30 22:53:48.609  1217  1217 I IntentFirewall: Read new rules (A:0 B:0 S:0)
05-30 22:53:48.611  1217  1217 D OomAdjuster: Not killing cached processes
05-30 22:53:48.612  1217  1217 D AppOps  : AppOpsService published
05-30 22:53:48.614  1217  1217 V SystemServerTiming: StartActivityManager took to complete: 134ms
05-30 22:53:48.614  1217  1217 D SystemServerTiming: StartDataLoaderManagerService
05-30 22:53:48.614  1217  1217 I SystemServiceManager: Starting com.android.server.pm.DataLoaderManagerService
05-30 22:53:48.614  1217  1217 V SystemServerTiming: StartDataLoaderManagerService took to complete: 1ms
05-30 22:53:48.614  1217  1217 D SystemServerTiming: StartIncrementalService
05-30 22:53:48.614  1217  1217 V SystemServerTiming: StartIncrementalService took to complete: 0ms
05-30 22:53:48.614  1217  1217 D SystemServerTiming: StartPowerManager
05-30 22:53:48.614  1217  1217 I SystemServiceManager: Starting com.android.server.power.PowerManagerService
05-30 22:53:48.620  1217  1217 V SystemServerTiming: StartPowerManager took to complete: 6ms
05-30 22:53:48.620  1217  1217 D SystemServerTiming: StartThermalManager
05-30 22:53:48.620  1217  1217 I SystemServiceManager: Starting com.android.server.power.ThermalManagerService
05-30 22:53:48.621  1217  1217 V SystemServerTiming: StartThermalManager took to complete: 1ms
05-30 22:53:48.621  1217  1217 D SystemServerTiming: StartHintManager
05-30 22:53:48.621  1217  1217 I SystemServiceManager: Starting com.android.server.power.hint.HintManagerService
05-30 22:53:48.622  1217  1217 V SystemServerTiming: StartHintManager took to complete: 1ms
05-30 22:53:48.623  1217  1217 D SystemServerTiming: InitPowerManagement
05-30 22:53:48.624  1217  1217 V SystemServerTiming: InitPowerManagement took to complete: 1ms
05-30 22:53:48.624  1217  1217 D SystemServerTiming: StartRecoverySystemService
05-30 22:53:48.624  1217  1217 I SystemServiceManager: Starting com.android.server.recoverysystem.RecoverySystemService$Lifecycle
05-30 22:53:48.625  1217  1217 V SystemServerTiming: StartRecoverySystemService took to complete: 1ms
05-30 22:53:48.626  1217  1217 D SystemServerTiming: StartLightsService
05-30 22:53:48.626  1217  1217 I SystemServiceManager: Starting com.android.server.lights.LightsService
05-30 22:53:48.628  1217  1217 V SystemServerTiming: StartLightsService took to complete: 1ms
05-30 22:53:48.628  1217  1217 D SystemServerTiming: StartDisplayOffloadService
05-30 22:53:48.628  1217  1217 V SystemServerTiming: StartDisplayOffloadService took to complete: 0ms
05-30 22:53:48.628  1217  1217 D SystemServerTiming: StartSidekickService
05-30 22:53:48.628  1217  1217 V SystemServerTiming: StartSidekickService took to complete: 0ms
05-30 22:53:48.628  1217  1217 D SystemServerTiming: StartDisplayManager
05-30 22:53:48.628  1217  1217 I SystemServiceManager: Starting com.android.server.display.DisplayManagerService
05-30 22:53:49.686  1217  1217 V SystemServerTiming: StartDisplayManager took to complete: 1059ms
05-30 22:53:49.686  1217  1217 D SystemServerTiming: WaitForDisplay
05-30 22:53:49.686  1217  1217 I SystemServiceManager: Starting phase 100
05-30 22:53:49.686  1217  1217 D SystemServerTiming: OnBootPhase_100
05-30 22:53:49.686  1217  1217 D SystemServerTiming: OnBootPhase_100_com.android.server.security.FileIntegrityService
05-30 22:53:49.686  1217  1217 V SystemServerTiming: OnBootPhase_100_com.android.server.security.FileIntegrityService took to complete: 0ms
05-30 22:53:49.686  1217  1217 D SystemServerTiming: OnBootPhase_100_com.android.server.pm.Installer
05-30 22:53:49.686  1217  1217 V SystemServerTiming: OnBootPhase_100_com.android.server.pm.Installer took to complete: 0ms
05-30 22:53:49.686  1217  1217 D SystemServerTiming: OnBootPhase_100_com.android.server.os.DeviceIdentifiersPolicyService
05-30 22:53:49.686  1217  1217 V SystemServerTiming: OnBootPhase_100_com.android.server.os.DeviceIdentifiersPolicyService took to complete: 0ms
05-30 22:53:49.686  1217  1217 D SystemServerTiming: OnBootPhase_100_com.android.server.uri.UriGrantsManagerService$Lifecycle
05-30 22:53:49.686  1217  1217 V SystemServerTiming: OnBootPhase_100_com.android.server.uri.UriGrantsManagerService$Lifecycle took to complete: 0ms
05-30 22:53:49.686  1217  1217 D SystemServerTiming: OnBootPhase_100_com.android.server.powerstats.PowerStatsService
05-30 22:53:49.686  1217  1217 V SystemServerTiming: OnBootPhase_100_com.android.server.powerstats.PowerStatsService took to complete: 0ms
05-30 22:53:49.686  1217  1217 D SystemServerTiming: OnBootPhase_100_com.android.server.wm.ActivityTaskManagerService$Lifecycle
05-30 22:53:49.686  1217  1217 V SystemServerTiming: OnBootPhase_100_com.android.server.wm.ActivityTaskManagerService$Lifecycle took to complete: 0ms
05-30 22:53:49.686  1217  1217 D SystemServerTiming: OnBootPhase_100_com.android.server.am.ActivityManagerService$Lifecycle
05-30 22:53:49.686  1217  1217 V SystemServerTiming: OnBootPhase_100_com.android.server.am.ActivityManagerService$Lifecycle took to complete: 0ms
05-30 22:53:49.686  1217  1217 D SystemServerTiming: OnBootPhase_100_com.android.server.pm.DataLoaderManagerService
05-30 22:53:49.686  1217  1217 V SystemServerTiming: OnBootPhase_100_com.android.server.pm.DataLoaderManagerService took to complete: 0ms
05-30 22:53:49.686  1217  1217 D SystemServerTiming: OnBootPhase_100_com.android.server.power.PowerManagerService
05-30 22:53:49.686  1217  1217 V SystemServerTiming: OnBootPhase_100_com.android.server.power.PowerManagerService took to complete: 0ms
05-30 22:53:49.686  1217  1217 D SystemServerTiming: OnBootPhase_100_com.android.server.power.ThermalManagerService
05-30 22:53:49.686  1217  1217 V SystemServerTiming: OnBootPhase_100_com.android.server.power.ThermalManagerService took to complete: 0ms
05-30 22:53:49.686  1217  1217 D SystemServerTiming: OnBootPhase_100_com.android.server.power.hint.HintManagerService
05-30 22:53:49.686  1217  1217 V SystemServerTiming: OnBootPhase_100_com.android.server.power.hint.HintManagerService took to complete: 0ms
05-30 22:53:49.686  1217  1217 D SystemServerTiming: OnBootPhase_100_com.android.server.recoverysystem.RecoverySystemService$Lifecycle
05-30 22:53:49.686  1217  1217 V SystemServerTiming: OnBootPhase_100_com.android.server.recoverysystem.RecoverySystemService$Lifecycle took to complete: 0ms
05-30 22:53:49.686  1217  1217 D SystemServerTiming: OnBootPhase_100_com.android.server.lights.LightsService
05-30 22:53:49.686  1217  1217 V SystemServerTiming: OnBootPhase_100_com.android.server.lights.LightsService took to complete: 0ms
05-30 22:53:49.686  1217  1217 D SystemServerTiming: OnBootPhase_100_com.android.server.display.DisplayManagerService
05-30 22:53:49.688  1217  1238 E LocalDisplayAdapter: Can't find display mode with id -1
05-30 22:53:49.688  1217  1238 W LocalDisplayAdapter: DisplayModeSpecs base mode no longer available, using currently active mode.
05-30 22:53:49.691  1217  1238 I DisplayDeviceRepository: Display device added: DisplayDeviceInfo{"Built-in Screen": uniqueId="local:0", 1080 x 2400, modeId 1, defaultModeId 1, supportedModes [{id=1, width=1080, height=2400, fps=60.0, alternativeRefreshRates=[90.0]}, {id=2, width=1080, height=2400, fps=90.0, alternativeRefreshRates=[60.0]}], colorMode 0, supportedColorModes [0], hdrCapabilities HdrCapabilities{mSupportedHdrTypes=[2, 3, 4], mMaxLuminance=500.0, mMaxAverageLuminance=500.0, mMinLuminance=0.0}, allmSupported false, gameContentTypeSupported false, density 480, 409.432 x 409.127 dpi, appVsyncOff 2400001, presDeadline 28600000, cutout DisplayCutout{insets=Rect(0, 115 - 0, 0) waterfall=Insets{left=0, top=0, right=0, bottom=0} boundingRect={Bounds=[Rect(0, 0 - 0, 0), Rect(0, 0 - 150, 115), Rect(0, 0 - 0, 0), Rect(0, 0 - 0, 0)]} cutoutPathParserInfo={CutoutPathParserInfo{displayWidth=1080 displayHeight=2400 physicalDisplayWidth=1080 physicalDisplayHeight=2400 density={3.0} cutoutSpec={M -540,0 L -540,115 L -390,115 L -390,0 Z} rotation={0} scale={1.0} physicalPixelDisplaySizeRatio={1.0}}}}, touch INTERNAL, rotation 0, type INTERNAL, address {port=0}, deviceProductInfo null, state UNKNOWN, committedState UNKNOWN, frameRateOverride , brightnessMinimum 0.0, brightnessMaximum 1.0, brightnessDefault 0.75, roundedCorners RoundedCorners{[RoundedCorner{position=TopLeft, radius=98, center=Point(98, 98)}, RoundedCorner{position=TopRight, radius=98, center=Point(982, 98)}, RoundedCorner{position=BottomRight, radius=103, center=Point(977, 2297)}, RoundedCorner{position=BottomLeft, radius=103, center=Point(103, 2297)}]}, FLAG_ALLOWED_TO_BE_DEFAULT_DISPLAY, FLAG_ROTATES_WITH_CONTENT, FLAG_SECURE, FLAG_SUPPORTS_PROTECTED_BUFFERS, installOrientation 0}
05-30 22:53:49.692  1217  1238 I LogicalDisplayMapper: Applying layout: [{addr: {port=0}, dispId: 0(ON)}], Previous layout: null
05-30 22:53:49.695  1217  1238 I LogicalDisplayMapper: Adding new display: 0: DisplayInfo{"Built-in Screen", displayId 0", displayGroupId -1, FLAG_SECURE, FLAG_SUPPORTS_PROTECTED_BUFFERS, FLAG_TRUSTED, real 1080 x 2400, largest app 1080 x 2400, smallest app 1080 x 2400, appVsyncOff 2400001, presDeadline 28600000, mode 1, defaultMode 1, modes [{id=1, width=1080, height=2400, fps=60.0, alternativeRefreshRates=[90.0]}, {id=2, width=1080, height=2400, fps=90.0, alternativeRefreshRates=[60.0]}], hdrCapabilities HdrCapabilities{mSupportedHdrTypes=[2, 3, 4], mMaxLuminance=500.0, mMaxAverageLuminance=500.0, mMinLuminance=0.0}, userDisabledHdrTypes [], minimalPostProcessingSupported false, rotation 0, state UNKNOWN, committedState UNKNOWN, type INTERNAL, uniqueId "local:0", app 1080 x 2400, density 480 (409.432 x 409.127) dpi, layerStack 0, colorMode 0, supportedColorModes [0], address {port=0}, deviceProductInfo null, removeMode 0, refreshRateOverride 0.0, brightnessMinimum 0.0, brightnessMaximum 1.0, brightnessDefault 0.75, installOrientation ROTATION_0}
05-30 22:53:49.695  1217  1238 I LogicalDisplayMapper: Setting new display group 0 for display 0, from previous group: null
05-30 22:53:49.696  1217  1238 W android.permission.PermissionManager: Missing ActivityManager; assuming 1000 holds android.permission.READ_DEVICE_CONFIG
05-30 22:53:49.702  1217  1217 V SystemServerTiming: OnBootPhase_100_com.android.server.display.DisplayManagerService took to complete: 15ms
05-30 22:53:49.702  1217  1217 V SystemServerTiming: OnBootPhase_100 took to complete: 16ms
05-30 22:53:49.702  1217  1217 V SystemServerTiming: WaitForDisplay took to complete: 16ms
05-30 22:53:49.702  1217  1217 D SystemServerTiming: StartDomainVerificationService
05-30 22:53:49.705  1217  1217 V SystemServerTiming: StartDomainVerificationService took to complete: 2ms
05-30 22:53:49.705  1217  1217 D SystemServerTiming: StartPackageManagerService
05-30 22:53:49.705  1217  1217 I Watchdog: Pausing HandlerChecker: main thread for reason: packagemanagermain. Pause count: 1
05-30 22:53:49.705  1217  1238 I DisplayDeviceRepository: Display device changed: DisplayDeviceInfo{"Built-in Screen": uniqueId="local:0", 1080 x 2400, modeId 2, defaultModeId 1, supportedModes [{id=1, width=1080, height=2400, fps=60.0, alternativeRefreshRates=[90.0]}, {id=2, width=1080, height=2400, fps=90.0, alternativeRefreshRates=[60.0]}], colorMode 0, supportedColorModes [0], hdrCapabilities HdrCapabilities{mSupportedHdrTypes=[2, 3, 4], mMaxLuminance=500.0, mMaxAverageLuminance=500.0, mMinLuminance=0.0}, allmSupported false, gameContentTypeSupported false, density 480, 409.432 x 409.127 dpi, appVsyncOff 7955555, presDeadline 17488889, cutout DisplayCutout{insets=Rect(0, 115 - 0, 0) waterfall=Insets{left=0, top=0, right=0, bottom=0} boundingRect={Bounds=[Rect(0, 0 - 0, 0), Rect(0, 0 - 150, 115), Rect(0, 0 - 0, 0), Rect(0, 0 - 0, 0)]} cutoutPathParserInfo={CutoutPathParserInfo{displayWidth=1080 displayHeight=2400 physicalDisplayWidth=1080 physicalDisplayHeight=2400 density={3.0} cutoutSpec={M -540,0 L -540,115 L -390,115 L -390,0 Z} rotation={0} scale={1.0} physicalPixelDisplaySizeRatio={1.0}}}}, touch INTERNAL, rotation 0, type INTERNAL, address {port=0}, deviceProductInfo null, state UNKNOWN, committedState UNKNOWN, frameRateOverride , brightnessMinimum 0.0, brightnessMaximum 1.0, brightnessDefault 0.75, roundedCorners RoundedCorners{[RoundedCorner{position=TopLeft, radius=98, center=Point(98, 98)}, RoundedCorner{position=TopRight, radius=98, center=Point(982, 98)}, RoundedCorner{position=BottomRight, radius=103, center=Point(977, 2297)}, RoundedCorner{position=BottomLeft, radius=103, center=Point(103, 2297)}]}, FLAG_ALLOWED_TO_BE_DEFAULT_DISPLAY, FLAG_ROTATES_WITH_CONTENT, FLAG_SECURE, FLAG_SUPPORTS_PROTECTED_BUFFERS, installOrientation 0}
05-30 22:53:49.706  1217  1217 D PackageManagerTiming: create package manager
05-30 22:53:49.714  1217  1217 D PackageManagerTiming: createSubComponents
05-30 22:53:49.734  1217  1217 V PackageManagerTiming: createSubComponents took to complete: 19ms
05-30 22:53:49.734  1217  1217 D PackageManagerTiming: addSharedUsers
05-30 22:53:49.734  1217  1217 V PackageManagerTiming: addSharedUsers took to complete: 0ms
05-30 22:53:49.735  1217  1217 W BackgroundDexOptService: SysProp pm.dexopt.downgrade_after_inactive_days not set
05-30 22:53:49.736  1217  1217 D PackageManagerTiming: get system config
05-30 22:53:49.736  1217  1217 V PackageManagerTiming: get system config took to complete: 0ms
05-30 22:53:49.740  1217  1217 D SELinuxMMAC: Using policy file /system/etc/selinux/plat_mac_permissions.xml
05-30 22:53:49.742  1217  1217 D SELinuxMMAC: Using policy file /system_ext/etc/selinux/system_ext_mac_permissions.xml
05-30 22:53:49.743  1217  1217 D SELinuxMMAC: Using policy file /vendor/etc/selinux/vendor_mac_permissions.xml
05-30 22:53:49.743  1217  1217 D PackageManagerTiming: loadFallbacks
05-30 22:53:49.743  1217  1217 V PackageManagerTiming: loadFallbacks took to complete: 0ms
05-30 22:53:49.743  1217  1217 D PackageManagerTiming: read user settings
05-30 22:53:49.789  1217  1217 E PackageManager: Package com.mediatek.ims was user id 0 but is now user SharedUserSetting{eca4b0a android.uid.phone/1001} with id 1001; I am not changing its files so it will probably fail!
05-30 22:53:49.790  1217  1217 E PackageManager: Package com.android.providers.telephony was user id 0 but is now user SharedUserSetting{eca4b0a android.uid.phone/1001} with id 1001; I am not changing its files so it will probably fail!
05-30 22:53:49.790  1217  1217 E PackageManager: Package com.android.dynsystem was user id 0 but is now user SharedUserSetting{8434857 android.uid.system/1000} with id 1000; I am not changing its files so it will probably fail!
05-30 22:53:49.791  1217  1217 E PackageManager: Package com.android.providers.calendar was user id 0 but is now user SharedUserSetting{a313162 android.uid.calendar/10081} with id 10081; I am not changing its files so it will probably fail!
05-30 22:53:49.791  1217  1217 E PackageManager: Package com.android.providers.media was user id 0 but is now user SharedUserSetting{8ea0a29 android.media/10070} with id 10070; I am not changing its files so it will probably fail!
05-30 22:53:49.791  1217  1217 E PackageManager: Package com.android.mms.service was user id 0 but is now user SharedUserSetting{eca4b0a android.uid.phone/1001} with id 1001; I am not changing its files so it will probably fail!
05-30 22:53:49.791  1217  1217 E PackageManager: Package com.android.providers.downloads was user id 0 but is now user SharedUserSetting{8ea0a29 android.media/10070} with id 10070; I am not changing its files so it will probably fail!
05-30 22:53:49.791  1217  1217 E PackageManager: Package com.android.providers.downloads.ui was user id 0 but is now user SharedUserSetting{8ea0a29 android.media/10070} with id 10070; I am not changing its files so it will probably fail!
05-30 22:53:49.792  1217  1217 E PackageManager: Package com.android.networkstack was user id 0 but is now user SharedUserSetting{cdf9886 android.uid.networkstack/1073} with id 1073; I am not changing its files so it will probably fail!
05-30 22:53:49.792  1217  1217 E PackageManager: Package android was user id 0 but is now user SharedUserSetting{8434857 android.uid.system/1000} with id 1000; I am not changing its files so it will probably fail!
05-30 22:53:49.792  1217  1217 E PackageManager: Package com.android.mtp was user id 0 but is now user SharedUserSetting{8ea0a29 android.media/10070} with id 10070; I am not changing its files so it will probably fail!
05-30 22:53:49.792  1217  1217 E PackageManager: Package com.android.nfc was user id 0 but is now user SharedUserSetting{33ccf99 android.uid.nfc/1027} with id 1027; I am not changing its files so it will probably fail!
05-30 22:53:49.792  1217  1217 E PackageManager: Package com.android.ons was user id 0 but is now user SharedUserSetting{eca4b0a android.uid.phone/1001} with id 1001; I am not changing its files so it will probably fail!
05-30 22:53:49.792  1217  1217 E PackageManager: Package com.android.stk was user id 0 but is now user SharedUserSetting{eca4b0a android.uid.phone/1001} with id 1001; I am not changing its files so it will probably fail!
05-30 22:53:49.793  1217  1217 E PackageManager: Package org.lineageos.settings.doze was user id 0 but is now user SharedUserSetting{8434857 android.uid.system/1000} with id 1000; I am not changing its files so it will probably fail!
05-30 22:53:49.793  1217  1217 E PackageManager: Package org.lineageos.setupwizard was user id 0 but is now user SharedUserSetting{8434857 android.uid.system/1000} with id 1000; I am not changing its files so it will probably fail!
05-30 22:53:49.793  1217  1217 E PackageManager: Package com.android.providers.settings was user id 0 but is now user SharedUserSetting{8434857 android.uid.system/1000} with id 1000; I am not changing its files so it will probably fail!
05-30 22:53:49.793  1217  1217 E PackageManager: Package com.android.se was user id 0 but is now user SharedUserSetting{46d08c2 android.uid.se/1068} with id 1068; I am not changing its files so it will probably fail!
05-30 22:53:49.793  1217  1217 E PackageManager: Package com.android.inputdevices was user id 0 but is now user SharedUserSetting{8434857 android.uid.system/1000} with id 1000; I am not changing its files so it will probably fail!
05-30 22:53:49.793  1217  1217 E PackageManager: Package com.android.server.telecom was user id 0 but is now user SharedUserSetting{8434857 android.uid.system/1000} with id 1000; I am not changing its files so it will probably fail!
05-30 22:53:49.794  1217  1217 E PackageManager: Package com.android.cellbroadcastservice was user id 0 but is now user SharedUserSetting{cdf9886 android.uid.networkstack/1073} with id 1073; I am not changing its files so it will probably fail!
05-30 22:53:49.794  1217  1217 E PackageManager: Package com.android.keychain was user id 0 but is now user SharedUserSetting{8434857 android.uid.system/1000} with id 1000; I am not changing its files so it will probably fail!
05-30 22:53:49.794  1217  1217 E PackageManager: Package com.android.service.ims was user id 0 but is now user SharedUserSetting{eca4b0a android.uid.phone/1001} with id 1001; I am not changing its files so it will probably fail!
05-30 22:53:49.794  1217  1217 E PackageManager: Package com.android.calllogbackup was user id 0 but is now user SharedUserSetting{8e2a327 android.uid.shared/10072} with id 10072; I am not changing its files so it will probably fail!
05-30 22:53:49.794  1217  1217 E PackageManager: Package com.android.localtransport was user id 0 but is now user SharedUserSetting{8434857 android.uid.system/1000} with id 1000; I am not changing its files so it will probably fail!
05-30 22:53:49.794  1217  1217 E PackageManager: Package com.android.networkstack.tethering was user id 0 but is now user SharedUserSetting{cdf9886 android.uid.networkstack/1073} with id 1073; I am not changing its files so it will probably fail!
05-30 22:53:49.795  1217  1217 E PackageManager: Package com.android.soundpicker was user id 0 but is now user SharedUserSetting{8ea0a29 android.media/10070} with id 10070; I am not changing its files so it will probably fail!
05-30 22:53:49.795  1217  1217 E PackageManager: Package com.android.service.ims.presence was user id 0 but is now user SharedUserSetting{eca4b0a android.uid.phone/1001} with id 1001; I am not changing its files so it will probably fail!
05-30 22:53:49.795  1217  1217 E PackageManager: Package com.android.settings was user id 0 but is now user SharedUserSetting{8434857 android.uid.system/1000} with id 1000; I am not changing its files so it will probably fail!
05-30 22:53:49.795  1217  1217 E PackageManager: Package org.lineageos.mediatek.incallservice was user id 0 but is now user SharedUserSetting{8434857 android.uid.system/1000} with id 1000; I am not changing its files so it will probably fail!
05-30 22:53:49.795  1217  1217 E PackageManager: Package com.termux was user id 0 but is now user SharedUserSetting{82c8096 com.termux/10006} with id 10006; I am not changing its files so it will probably fail!
05-30 22:53:49.795  1217  1217 E PackageManager: Package com.android.cts.ctsshim was user id 0 but is now user SharedUserSetting{62739ed com.android.cts.ctsshim/10158} with id 10158; I am not changing its files so it will probably fail!
05-30 22:53:49.796  1217  1217 E PackageManager: Package org.lineageos.lineageparts was user id 0 but is now user SharedUserSetting{8434857 android.uid.system/1000} with id 1000; I am not changing its files so it will probably fail!
05-30 22:53:49.796  1217  1217 E PackageManager: Package org.lineageos.lineagesettings was user id 0 but is now user SharedUserSetting{8434857 android.uid.system/1000} with id 1000; I am not changing its files so it will probably fail!
05-30 22:53:49.796  1217  1217 E PackageManager: Package lineageos.platform was user id 0 but is now user SharedUserSetting{8434857 android.uid.system/1000} with id 1000; I am not changing its files so it will probably fail!
05-30 22:53:49.796  1217  1217 E PackageManager: Package com.android.phone was user id 0 but is now user SharedUserSetting{eca4b0a android.uid.phone/1001} with id 1001; I am not changing its files so it will probably fail!
05-30 22:53:49.796  1217  1217 E PackageManager: Package com.android.shell was user id 0 but is now user SharedUserSetting{e6f9588 android.uid.shell/2000} with id 2000; I am not changing its files so it will probably fail!
05-30 22:53:49.796  1217  1217 E PackageManager: Package com.android.wallpaperbackup was user id 0 but is now user SharedUserSetting{8434857 android.uid.system/1000} with id 1000; I am not changing its files so it will probably fail!
05-30 22:53:49.797  1217  1217 E PackageManager: Package com.android.providers.blockednumber was user id 0 but is now user SharedUserSetting{8e2a327 android.uid.shared/10072} with id 10072; I am not changing its files so it will probably fail!
05-30 22:53:49.797  1217  1217 E PackageManager: Package com.android.providers.userdictionary was user id 0 but is now user SharedUserSetting{8e2a327 android.uid.shared/10072} with id 10072; I am not changing its files so it will probably fail!
05-30 22:53:49.797  1217  1217 E PackageManager: Package com.android.emergency was user id 0 but is now user SharedUserSetting{3983d59 com.android.emergency.uid/10132} with id 10132; I am not changing its files so it will probably fail!
05-30 22:53:49.797  1217  1217 E PackageManager: Package com.android.location.fused was user id 0 but is now user SharedUserSetting{8434857 android.uid.system/1000} with id 1000; I am not changing its files so it will probably fail!
05-30 22:53:49.797  1217  1217 E PackageManager: Package com.android.systemui was user id 0 but is now user SharedUserSetting{22b3d2a android.uid.systemui/10139} with id 10139; I am not changing its files so it will probably fail!
05-30 22:53:49.797  1217  1217 E PackageManager: Package com.android.bluetooth was user id 0 but is now user SharedUserSetting{e033e91 android.uid.bluetooth/1002} with id 1002; I am not changing its files so it will probably fail!
05-30 22:53:49.798  1217  1217 E PackageManager: Package com.android.providers.contacts was user id 0 but is now user SharedUserSetting{8e2a327 android.uid.shared/10072} with id 10072; I am not changing its files so it will probably fail!
05-30 22:53:49.866  1217  1217 V SLog    : static_init took to complete: 0ms
05-30 22:53:49.866  1217  1217 W PackageSettings: Missing permission state for package com.android.uwb.resources on user 0
05-30 22:53:49.866  1217  1217 W PackageSettings: Missing permission state for package com.android.internal.display.cutout.emulation.corner on user 0
05-30 22:53:49.866  1217  1217 W PackageSettings: Missing permission state for package org.lineageos.overlay.customization.blacktheme on user 0
05-30 22:53:49.866  1217  1217 W PackageSettings: Missing permission state for package com.android.internal.display.cutout.emulation.double on user 0
05-30 22:53:49.866  1217  1217 W PackageSettings: Missing permission state for package com.android.theme.icon.pebble on user 0
05-30 22:53:49.866  1217  1217 W PackageSettings: Missing permission state for package org.lineageos.ivan.frameworkresoverlay on user 0
05-30 22:53:49.866  1217  1217 W PackageSettings: Missing permission state for package com.android.theme.icon.square on user 0
05-30 22:53:49.866  1217  1217 W PackageSettings: Missing permission state for package com.android.internal.systemui.navbar.gestural_wide_back on user 0
05-30 22:53:49.866  1217  1217 W PackageSettings: Missing permission state for package com.android.managedprovisioning.auto_generated_rro_product__ on user 0
05-30 22:53:49.866  1217  1217 W PackageSettings: Missing permission state for package com.android.theme.icon.vessel on user 0
05-30 22:53:49.866  1217  1217 W PackageSettings: Missing permission state for package com.android.theme.icon_pack.victor.settings on user 0
05-30 22:53:49.866  1217  1217 W PackageSettings: Missing permission state for package com.android.theme.icon_pack.rounded.systemui on user 0
05-30 22:53:49.866  1217  1217 W PackageSettings: Missing permission state for package com.android.theme.icon.taperedrect on user 0
05-30 22:53:49.866  1217  1217 W PackageSettings: Missing permission state for package com.android.htmlviewer on user 0
05-30 22:53:49.866  1217  1217 W PackageSettings: Missing permission state for package org.lineageos.lineageparts.auto_generated_rro_product__ on user 0
05-30 22:53:49.866  1217  1217 W PackageSettings: Missing permission state for package com.android.systemui.auto_generated_rro_product__ on user 0
05-30 22:53:49.866  1217  1217 W PackageSettings: Missing permission state for package com.android.theme.icon_pack.rounded.android on user 0
05-30 22:53:49.866  1217  1217 W PackageSettings: Missing permission state for package org.lineageos.lineagesettings.auto_generated_rro_product__ on user 0
05-30 22:53:49.866  1217  1217 W PackageSettings: Missing permission state for package com.android.theme.icon_pack.victor.systemui on user 0
05-30 22:53:49.866  1217  1217 W PackageSettings: Missing permission state for package org.protonaosp.deviceconfig.auto_generated_rro_product__ on user 0
05-30 22:53:49.866  1217  1217 W PackageSettings: Missing permission state for package com.android.connectivity.resources on user 0
05-30 22:53:49.866  1217  1217 W PackageSettings: Missing permission state for package com.android.internal.display.cutout.emulation.hole on user 0
05-30 22:53:49.866  1217  1217 W PackageSettings: Missing permission state for package com.android.internal.display.cutout.emulation.tall on user 0
05-30 22:53:49.866  1217  1217 W PackageSettings: Missing permission state for package com.android.networkstack.overlay on user 0
05-30 22:53:49.867  1217  1217 W PackageSettings: Missing permission state for package com.android.internal.systemui.navbar.threebutton on user 0
05-30 22:53:49.867  1217  1217 W PackageSettings: Missing permission state for package com.android.theme.icon_pack.rounded.launcher on user 0
05-30 22:53:49.867  1217  1217 W PackageSettings: Missing permission state for package com.android.theme.icon_pack.kai.settings on user 0
05-30 22:53:49.867  1217  1217 W PackageSettings: Missing permission state for package org.lineageos.settings.doze.auto_generated_rro_vendor__ on user 0
05-30 22:53:49.867  1217  1217 W PackageSettings: Missing permission state for package com.android.settings.auto_generated_rro_vendor__ on user 0
05-30 22:53:49.867  1217  1217 W PackageSettings: Missing permission state for package com.android.systemui.auto_generated_rro_vendor__ on user 0
05-30 22:53:49.867  1217  1217 W PackageSettings: Missing permission state for package com.android.internal.systemui.navbar.twobutton on user 0
05-30 22:53:49.867  1217  1217 W PackageSettings: Missing permission state for package com.android.theme.icon_pack.sam.settings on user 0
05-30 22:53:49.867  1217  1217 W PackageSettings: Missing permission state for package com.android.internal.systemui.navbar.gestural_extra_wide_back on user 0
05-30 22:53:49.867  1217  1217 W PackageSettings: Missing permission state for package org.lineageos.setupwizard.auto_generated_rro_product__ on user 0
05-30 22:53:49.867  1217  1217 W PackageSettings: Missing permission state for package com.android.theme.icon_pack.victor.launcher on user 0
05-30 22:53:49.867  1217  1217 W PackageSettings: Missing permission state for package com.android.emergency.auto_generated_rro_product__ on user 0
05-30 22:53:49.867  1217  1217 W PackageSettings: Missing permission state for package com.android.theme.icon_pack.filled.settings on user 0
05-30 22:53:49.867  1217  1217 W PackageSettings: Missing permission state for package com.android.dreams.basic on user 0
05-30 22:53:49.867  1217  1217 W PackageSettings: Missing permission state for package com.android.providers.settings.auto_generated_rro_product__ on user 0
05-30 22:53:49.867  1217  1217 W PackageSettings: Missing permission state for package com.android.theme.icon_pack.kai.systemui on user 0
05-30 22:53:49.867  1217  1217 W PackageSettings: Missing permission state for package com.android.launcher3.overlay on user 0
05-30 22:53:49.867  1217  1217 W PackageSettings: Missing permission state for package com.android.theme.icon_pack.circular.settings on user 0
05-30 22:53:49.867  1217  1217 W PackageSettings: Missing permission state for package com.android.theme.icon_pack.sam.systemui on user 0
05-30 22:53:49.867  1217  1217 W PackageSettings: Missing permission state for package org.lineageos.overlay.font.rubik on user 0
05-30 22:53:49.867  1217  1217 W PackageSettings: Missing permission state for package com.android.theme.icon.teardrop on user 0
05-30 22:53:49.867  1217  1217 W PackageSettings: Missing permission state for package android.ext.shared on user 0
05-30 22:53:49.867  1217  1217 W PackageSettings: Missing permission state for package com.android.theme.icon_pack.filled.systemui on user 0
05-30 22:53:49.867  1217  1217 W PackageSettings: Missing permission state for package com.android.wifi.resources on user 0
05-30 22:53:49.867  1217  1217 W PackageSettings: Missing permission state for package com.android.cameraextensions on user 0
05-30 22:53:49.867  1217  1217 W PackageSettings: Missing permission state for package com.android.theme.icon_pack.sam.android on user 0
05-30 22:53:49.867  1217  1217 W PackageSettings: Missing permission state for package com.android.theme.font.notoserifsource on user 0
05-30 22:53:49.868  1217  1217 W PackageSettings: Missing permission state for package com.android.theme.icon_pack.filled.android on user 0
05-30 22:53:49.868  1217  1217 W PackageSettings: Missing permission state for package com.android.launcher3.auto_generated_rro_product__ on user 0
05-30 22:53:49.868  1217  1217 W PackageSettings: Missing permission state for package com.android.internal.display.cutout.emulation.waterfall on user 0
05-30 22:53:49.868  1217  1217 W PackageSettings: Missing permission state for package com.android.theme.icon_pack.circular.systemui on user 0
05-30 22:53:49.868  1217  1217 W PackageSettings: Missing permission state for package com.android.carrierconfig.ivan on user 0
05-30 22:53:49.868  1217  1217 W PackageSettings: Missing permission state for package com.android.providers.settings.overlay on user 0
05-30 22:53:49.868  1217  1217 W PackageSettings: Missing permission state for package com.android.theme.icon_pack.kai.android on user 0
05-30 22:53:49.868  1217  1217 W PackageSettings: Missing permission state for package org.lineageos.overlay.customization.navbar.nohint on user 0
05-30 22:53:49.868  1217  1217 W PackageSettings: Missing permission state for package org.lineageos.settings.doze.auto_generated_rro_product__ on user 0
05-30 22:53:49.868  1217  1217 W PackageSettings: Missing permission state for package com.android.networkstack.tethering.mt6877 on user 0
05-30 22:53:49.868  1217  1217 W PackageSettings: Missing permission state for package com.android.theme.icon_pack.kai.launcher on user 0
05-30 22:53:49.868  1217  1217 W PackageSettings: Missing permission state for package org.lineageos.overlay.font.lato on user 0
05-30 22:53:49.868  1217  1217 W PackageSettings: Missing permission state for package com.android.phone.auto_generated_rro_vendor__ on user 0
05-30 22:53:49.868  1217  1217 W PackageSettings: Missing permission state for package com.android.inputmethod.latin.auto_generated_rro_product__ on user 0
05-30 22:53:49.868  1217  1217 W PackageSettings: Missing permission state for package com.android.theme.icon_pack.sam.launcher on user 0
05-30 22:53:49.868  1217  1217 W PackageSettings: Missing permission state for package com.android.wifi.resources.nashc on user 0
05-30 22:53:49.868  1217  1217 W PackageSettings: Missing permission state for package com.android.theme.icon.squircle on user 0
05-30 22:53:49.868  1217  1217 W PackageSettings: Missing permission state for package com.android.theme.icon_pack.victor.android on user 0
05-30 22:53:49.868  1217  1217 W PackageSettings: Missing permission state for package com.android.bookmarkprovider on user 0
05-30 22:53:49.868  1217  1217 W PackageSettings: Missing permission state for package com.android.theme.icon_pack.filled.launcher on user 0
05-30 22:53:49.868  1217  1217 W PackageSettings: Missing permission state for package com.google.android.apps.googlecamera.fishfood on user 0
05-30 22:53:49.868  1217  1217 W PackageSettings: Missing permission state for package org.lineageos.updater.auto_generated_rro_product__ on user 0
05-30 22:53:49.868  1217  1217 W PackageSettings: Missing permission state for package com.android.theme.icon_pack.circular.launcher on user 0
05-30 22:53:49.868  1217  1217 W PackageSettings: Missing permission state for package lineageos.platform.auto_generated_rro_product__ on user 0
05-30 22:53:49.868  1217  1217 W PackageSettings: Missing permission state for package com.android.settings.auto_generated_rro_product__ on user 0
05-30 22:53:49.868  1217  1217 W PackageSettings: Missing permission state for package com.android.internal.systemui.navbar.gestural on user 0
05-30 22:53:49.869  1217  1217 W PackageSettings: Missing permission state for package org.lineageos.backgrounds on user 0
05-30 22:53:49.869  1217  1217 W PackageSettings: Missing permission state for package com.android.storagemanager.auto_generated_rro_product__ on user 0
05-30 22:53:49.869  1217  1217 W PackageSettings: Missing permission state for package com.android.imsserviceentitlement.auto_generated_rro_product__ on user 0
05-30 22:53:49.869  1217  1217 W PackageSettings: Missing permission state for package android.auto_generated_rro_product__ on user 0
05-30 22:53:49.869  1217  1217 W PackageSettings: Missing permission state for package com.android.dialer.auto_generated_rro_product__ on user 0
05-30 22:53:49.869  1217  1217 W PackageSettings: Missing permission state for package com.android.documentsui.overlay on user 0
05-30 22:53:49.869  1217  1217 W PackageSettings: Missing permission state for package com.android.theme.icon.roundedrect on user 0
05-30 22:53:49.869  1217  1217 W PackageSettings: Missing permission state for package com.android.internal.systemui.navbar.gestural_narrow_back on user 0
05-30 22:53:49.869  1217  1217 W PackageSettings: Missing permission state for package com.android.theme.icon_pack.rounded.settings on user 0
05-30 22:53:49.869  1217  1217 W PackageSettings: Missing permission state for package android.auto_generated_rro_vendor__ on user 0
05-30 22:53:49.869  1217  1217 W PackageSettings: Missing permission state for package com.android.theme.icon_pack.circular.android on user 0
05-30 22:53:49.869  1217  1217 W PackageSettings: Missing permission state for shared user: android.uid.log
05-30 22:53:49.869  1217  1217 W PackageSettings: Missing permission state for shared user: android.uid.uwb
05-30 22:53:49.879  1217  1217 V PackageManagerTiming: read user settings took to complete: 136ms
05-30 22:53:49.885  1217  1217 D PackageManager: Directories scanned as system partitions: [/system:0, /vendor:524288, /odm:4194304, /oem:262144, /product:1048576, /system_ext:2097152, /apex/com.android.adbd:8388608, /apex/com.android.vndk.v33:8388608, /apex/com.android.scheduling:8388608, /apex/com.android.art:8388608, /apex/com.android.tzdata:8388608, /apex/com.android.neuralnetworks:8388608, /apex/com.android.i18n:8388608, /apex/com.android.extservices:8388608, /apex/com.android.runtime:8388608, /apex/com.android.wifi:8388608, /apex/com.android.conscrypt:8388608, /apex/com.android.btservices:8388608, /apex/com.android.cellbroadcast:8388608, /apex/com.android.uwb:8388608, /apex/com.android.adservices:8388608, /apex/com.android.mediaprovider:8388608, /apex/com.android.media.swcodec:8388608, /apex/com.android.sdkext:8388608, /apex/com.android.permission:8388608, /apex/com.android.ondevicepersonalization:8388608, /apex/com.android.tethering:8388608, /apex/com.android.apex.cts.shim:8388608, /apex/com.android.appsearch:8388608, /apex/com.android.ipsec:8388608, /apex/com.android.os.statsd:8388608, /apex/com.android.resolv:8388608, /apex/com.android.media:8388608]
05-30 22:53:49.888  1217  1217 D PackageManager: Keeping known cache eng.myfree.20240529.123317
05-30 22:53:49.896  1382  1391 D BootAnimation: BootAnimationShownTiming start time: 10195ms
05-30 22:53:49.908  1217  1217 D CompatibilityChangeReporter: Compat change id reported: 143539591; UID -1; state: DISABLED
05-30 22:53:49.908  1217  1217 D CompatibilityChangeReporter: Compat change id reported: 168782947; UID -1; state: ENABLED
05-30 22:53:49.931  1217  1217 W PackageManager: Failed to parse /system/framework/arm: Missing base APK in /system/framework/arm
05-30 22:53:49.931  1217  1217 W PackageManager: Failed to parse /system/framework/oat: Missing base APK in /system/framework/oat
05-30 22:53:49.931  1217  1217 W PackageManager: Failed to parse /system/framework/arm64: Missing base APK in /system/framework/arm64
05-30 22:53:49.953  1217  1217 I PackageManager: /system/priv-app/NetworkStack changed; collecting certs
05-30 22:53:49.958  1217  1217 W PackageManager: Failed to scan /system/priv-app/NetworkStack: Application package com.android.networkstack already installed.  Skipping duplicate.
05-30 22:53:49.964  1217  1217 D CompatibilityChangeReporter: Compat change id reported: 168782947; UID -1; state: DISABLED
05-30 22:53:49.987  1217  1217 W PackageManager: Failed to parse /vendor/app/mcRegistry: Missing base APK in /vendor/app/mcRegistry
05-30 22:53:50.035  1217  1217 I ApexManager: Registering android.ext.services as apk-in-apex of com.android.extservices
05-30 22:53:50.037  1217  1217 I ApexManager: Registering com.android.wifi.resources as apk-in-apex of com.android.wifi
05-30 22:53:50.039  1217  1217 I ApexManager: Registering com.android.hotspot2.osulogin as apk-in-apex of com.android.wifi
05-30 22:53:50.040  1217  1217 I ApexManager: Registering com.android.wifi.dialog as apk-in-apex of com.android.wifi
05-30 22:53:50.043  1217  1217 I ApexManager: Registering com.android.bluetooth as apk-in-apex of com.android.btservices
05-30 22:53:50.045  1217  1217 I ApexManager: Registering com.android.cellbroadcastreceiver.module as apk-in-apex of com.android.cellbroadcast
05-30 22:53:50.046  1217  1217 I ApexManager: Registering com.android.cellbroadcastservice as apk-in-apex of com.android.cellbroadcast
05-30 22:53:50.048  1217  1217 I ApexManager: Registering com.android.uwb.resources as apk-in-apex of com.android.uwb
05-30 22:53:50.050  1217  1217 I ApexManager: Registering com.android.adservices.api as apk-in-apex of com.android.adservices
05-30 22:53:50.053  1217  1217 I ApexManager: Registering com.android.sdksandbox as apk-in-apex of com.android.adservices
05-30 22:53:50.056  1217  1217 I ApexManager: Registering com.android.providers.media.module as apk-in-apex of com.android.mediaprovider
05-30 22:53:50.058  1217  1217 I ApexManager: Registering com.android.safetycenter.resources as apk-in-apex of com.android.permission
05-30 22:53:50.059  1217  1217 I ApexManager: Registering com.android.permissioncontroller as apk-in-apex of com.android.permission
05-30 22:53:50.062  1217  1217 I ApexManager: Registering com.android.ondevicepersonalization.services as apk-in-apex of com.android.ondevicepersonalization
05-30 22:53:50.064  1217  1217 I ApexManager: Registering com.android.connectivity.resources as apk-in-apex of com.android.tethering
05-30 22:53:50.065  1217  1217 I ApexManager: Registering com.android.networkstack.tethering as apk-in-apex of com.android.tethering
