05-30 22:53:51.213  1217  1217 I LineageSystemServer: Attempting to start service org.lineageos.platform.internal.display.LiveDisplayService
05-30 22:53:51.216  1217  1217 I LineageSystemServer: Starting service org.lineageos.platform.internal.display.LiveDisplayService
05-30 22:53:51.216  1217  1217 I SystemServiceManager: Starting org.lineageos.platform.internal.display.LiveDisplayService
05-30 22:53:51.219  1217  1217 I LineageSystemServer: Attempting to start service org.lineageos.platform.internal.TrustInterfaceService
05-30 22:53:51.220  1217  1217 I LineageSystemServer: Starting service org.lineageos.platform.internal.TrustInterfaceService
05-30 22:53:51.220  1217  1217 I SystemServiceManager: Starting org.lineageos.platform.internal.TrustInterfaceService
05-30 22:53:51.220  1217  1217 I LineageSystemServer: Attempting to start service org.lineageos.platform.internal.LineageSettingsService
05-30 22:53:51.220  1217  1217 I LineageSystemServer: Starting service org.lineageos.platform.internal.LineageSettingsService
05-30 22:53:51.220  1217  1217 I SystemServiceManager: Starting org.lineageos.platform.internal.LineageSettingsService
05-30 22:53:51.221  1217  1217 I LineageSystemServer: Attempting to start service org.lineageos.platform.internal.LineageGlobalActionsService
05-30 22:53:51.221  1217  1217 I LineageSystemServer: Starting service org.lineageos.platform.internal.LineageGlobalActionsService
05-30 22:53:51.221  1217  1217 I SystemServiceManager: Starting org.lineageos.platform.internal.LineageGlobalActionsService
05-30 22:53:51.221  1217  1217 I LineageSystemServer: Attempting to start service org.lineageos.platform.internal.health.HealthInterfaceService
05-30 22:53:51.222  1217  1217 I LineageSystemServer: Starting service org.lineageos.platform.internal.health.HealthInterfaceService
05-30 22:53:51.222  1217  1217 I SystemServiceManager: Starting org.lineageos.platform.internal.health.HealthInterfaceService
05-30 22:53:51.223  1217  1217 D SystemServerTiming: MakeLockSettingsServiceReady
05-30 22:53:51.228  1217  1217 I SyntheticPasswordManager: Device does not support weaver
05-30 22:53:51.229  1217  1217 I LockSettingsService: Device doesn't implement AuthSecret HAL
05-30 22:53:51.230  1217  1217 V SystemServerTiming: MakeLockSettingsServiceReady took to complete: 7ms
05-30 22:53:51.230  1217  1217 D SystemServerTiming: StartBootPhaseLockSettingsReady
05-30 22:53:51.230  1217  1217 I SystemServiceManager: Starting phase 480
05-30 22:53:51.230  1217  1217 D SystemServerTiming: OnBootPhase_480
05-30 22:53:51.230  1217  1217 D SystemServerTiming: OnBootPhase_480_com.android.server.security.FileIntegrityService
05-30 22:53:51.230  1217  1217 V SystemServerTiming: OnBootPhase_480_com.android.server.security.FileIntegrityService took to complete: 0ms
05-30 22:53:51.230  1217  1217 D SystemServerTiming: OnBootPhase_480_com.android.server.pm.Installer
05-30 22:53:51.230  1217  1217 V SystemServerTiming: OnBootPhase_480_com.android.server.pm.Installer took to complete: 0ms
05-30 22:53:51.230  1217  1217 D SystemServerTiming: OnBootPhase_480_com.android.server.os.DeviceIdentifiersPolicyService
05-30 22:53:51.230  1217  1217 V SystemServerTiming: OnBootPhase_480_com.android.server.os.DeviceIdentifiersPolicyService took to complete: 0ms
05-30 22:53:51.230  1217  1217 D SystemServerTiming: OnBootPhase_480_com.android.server.uri.UriGrantsManagerService$Lifecycle
05-30 22:53:51.230  1217  1217 V SystemServerTiming: OnBootPhase_480_com.android.server.uri.UriGrantsManagerService$Lifecycle took to complete: 0ms
05-30 22:53:51.230  1217  1217 D SystemServerTiming: OnBootPhase_480_com.android.server.powerstats.PowerStatsService
05-30 22:53:51.230  1217  1217 V SystemServerTiming: OnBootPhase_480_com.android.server.powerstats.PowerStatsService took to complete: 0ms
05-30 22:53:51.230  1217  1217 D SystemServerTiming: OnBootPhase_480_com.android.server.wm.ActivityTaskManagerService$Lifecycle
05-30 22:53:51.230  1217  1217 V SystemServerTiming: OnBootPhase_480_com.android.server.wm.ActivityTaskManagerService$Lifecycle took to complete: 0ms
05-30 22:53:51.230  1217  1217 D SystemServerTiming: OnBootPhase_480_com.android.server.am.ActivityManagerService$Lifecycle
05-30 22:53:51.230  1217  1217 V SystemServerTiming: OnBootPhase_480_com.android.server.am.ActivityManagerService$Lifecycle took to complete: 0ms
05-30 22:53:51.230  1217  1217 D SystemServerTiming: OnBootPhase_480_com.android.server.pm.DataLoaderManagerService
05-30 22:53:51.230  1217  1217 V SystemServerTiming: OnBootPhase_480_com.android.server.pm.DataLoaderManagerService took to complete: 0ms
05-30 22:53:51.230  1217  1217 D SystemServerTiming: OnBootPhase_480_com.android.server.power.PowerManagerService
05-30 22:53:51.230  1217  1217 V SystemServerTiming: OnBootPhase_480_com.android.server.power.PowerManagerService took to complete: 0ms
05-30 22:53:51.230  1217  1217 D SystemServerTiming: OnBootPhase_480_com.android.server.power.ThermalManagerService
05-30 22:53:51.230  1217  1217 V SystemServerTiming: OnBootPhase_480_com.android.server.power.ThermalManagerService took to complete: 0ms
05-30 22:53:51.230  1217  1217 D SystemServerTiming: OnBootPhase_480_com.android.server.power.hint.HintManagerService
05-30 22:53:51.230  1217  1217 V SystemServerTiming: OnBootPhase_480_com.android.server.power.hint.HintManagerService took to complete: 0ms
05-30 22:53:51.230  1217  1217 D SystemServerTiming: OnBootPhase_480_com.android.server.recoverysystem.RecoverySystemService$Lifecycle
05-30 22:53:51.230  1217  1217 V SystemServerTiming: OnBootPhase_480_com.android.server.recoverysystem.RecoverySystemService$Lifecycle took to complete: 0ms
05-30 22:53:51.230  1217  1217 D SystemServerTiming: OnBootPhase_480_com.android.server.lights.LightsService
05-30 22:53:51.230  1217  1217 V SystemServerTiming: OnBootPhase_480_com.android.server.lights.LightsService took to complete: 0ms
05-30 22:53:51.230  1217  1217 D SystemServerTiming: OnBootPhase_480_com.android.server.display.DisplayManagerService
05-30 22:53:51.230  1217  1217 V SystemServerTiming: OnBootPhase_480_com.android.server.display.DisplayManagerService took to complete: 0ms
05-30 22:53:51.230  1217  1217 D SystemServerTiming: OnBootPhase_480_com.android.server.pm.verify.domain.DomainVerificationService
05-30 22:53:51.230  1217  1217 V SystemServerTiming: OnBootPhase_480_com.android.server.pm.verify.domain.DomainVerificationService took to complete: 0ms
05-30 22:53:51.230  1217  1217 D SystemServerTiming: OnBootPhase_480_com.android.server.pm.PackageInstallerService$Lifecycle
05-30 22:53:51.230  1217  1217 V SystemServerTiming: OnBootPhase_480_com.android.server.pm.PackageInstallerService$Lifecycle took to complete: 0ms
05-30 22:53:51.230  1217  1217 D SystemServerTiming: OnBootPhase_480_com.android.server.pm.UserManagerService$LifeCycle
05-30 22:53:51.230  1217  1217 V SystemServerTiming: OnBootPhase_480_com.android.server.pm.UserManagerService$LifeCycle took to complete: 0ms
05-30 22:53:51.230  1217  1217 D SystemServerTiming: OnBootPhase_480_com.android.server.om.OverlayManagerService
05-30 22:53:51.230  1217  1217 V SystemServerTiming: OnBootPhase_480_com.android.server.om.OverlayManagerService took to complete: 0ms
05-30 22:53:51.231  1217  1217 D SystemServerTiming: OnBootPhase_480_com.android.server.resources.ResourcesManagerService
05-30 22:53:51.231  1217  1217 V SystemServerTiming: OnBootPhase_480_com.android.server.resources.ResourcesManagerService took to complete: 0ms
05-30 22:53:51.231  1217  1217 D SystemServerTiming: OnBootPhase_480_com.android.server.sensorprivacy.SensorPrivacyService
05-30 22:53:51.231  1217  1217 V SystemServerTiming: OnBootPhase_480_com.android.server.sensorprivacy.SensorPrivacyService took to complete: 0ms
05-30 22:53:51.231  1217  1217 D SystemServerTiming: OnBootPhase_480_com.android.server.sensors.SensorService
05-30 22:53:51.231  1217  1217 V SystemServerTiming: OnBootPhase_480_com.android.server.sensors.SensorService took to complete: 0ms
05-30 22:53:51.231  1217  1217 D SystemServerTiming: OnBootPhase_480_com.android.server.SystemConfigService
05-30 22:53:51.231  1217  1217 V SystemServerTiming: OnBootPhase_480_com.android.server.SystemConfigService took to complete: 0ms
05-30 22:53:51.231  1217  1217 D SystemServerTiming: OnBootPhase_480_com.android.server.BatteryService
05-30 22:53:51.231  1217  1217 V SystemServerTiming: OnBootPhase_480_com.android.server.BatteryService took to complete: 0ms
05-30 22:53:51.231  1217  1217 D SystemServerTiming: OnBootPhase_480_com.android.server.usage.UsageStatsService
05-30 22:53:51.231  1217  1217 V SystemServerTiming: OnBootPhase_480_com.android.server.usage.UsageStatsService took to complete: 0ms
05-30 22:53:51.231  1217  1217 D SystemServerTiming: OnBootPhase_480_com.android.server.webkit.WebViewUpdateService
05-30 22:53:51.231  1217  1217 V SystemServerTiming: OnBootPhase_480_com.android.server.webkit.WebViewUpdateService took to complete: 0ms
05-30 22:53:51.231  1217  1217 D SystemServerTiming: OnBootPhase_480_com.android.server.CachedDeviceStateService
05-30 22:53:51.231  1217  1217 V SystemServerTiming: OnBootPhase_480_com.android.server.CachedDeviceStateService took to complete: 0ms
05-30 22:53:51.231  1217  1217 D SystemServerTiming: OnBootPhase_480_com.android.server.BinderCallsStatsService$LifeCycle
05-30 22:53:51.231  1217  1217 V SystemServerTiming: OnBootPhase_480_com.android.server.BinderCallsStatsService$LifeCycle took to complete: 0ms
05-30 22:53:51.231  1217  1217 D SystemServerTiming: OnBootPhase_480_com.android.server.LooperStatsService$Lifecycle
05-30 22:53:51.231  1217  1217 V SystemServerTiming: OnBootPhase_480_com.android.server.LooperStatsService$Lifecycle took to complete: 0ms
05-30 22:53:51.231  1217  1217 D SystemServerTiming: OnBootPhase_480_com.android.server.rollback.RollbackManagerService
05-30 22:53:51.231  1217  1217 V SystemServerTiming: OnBootPhase_480_com.android.server.rollback.RollbackManagerService took to complete: 0ms
05-30 22:53:51.231  1217  1217 D SystemServerTiming: OnBootPhase_480_com.android.server.os.NativeTombstoneManagerService
05-30 22:53:51.231  1217  1217 V SystemServerTiming: OnBootPhase_480_com.android.server.os.NativeTombstoneManagerService took to complete: 0ms
05-30 22:53:51.231  1217  1217 D SystemServerTiming: OnBootPhase_480_com.android.server.os.BugreportManagerService
05-30 22:53:51.231  1217  1217 V SystemServerTiming: OnBootPhase_480_com.android.server.os.BugreportManagerService took to complete: 0ms
05-30 22:53:51.231  1217  1217 D SystemServerTiming: OnBootPhase_480_com.android.server.gpu.GpuService
05-30 22:53:51.231  1217  1217 V SystemServerTiming: OnBootPhase_480_com.android.server.gpu.GpuService took to complete: 0ms
05-30 22:53:51.231  1217  1217 D SystemServerTiming: OnBootPhase_480_com.android.server.security.KeyChainSystemService
05-30 22:53:51.231  1217  1217 V SystemServerTiming: OnBootPhase_480_com.android.server.security.KeyChainSystemService took to complete: 0ms
05-30 22:53:51.231  1217  1217 D SystemServerTiming: OnBootPhase_480_com.android.server.BinaryTransparencyService
05-30 22:53:51.231  1217  1217 V SystemServerTiming: OnBootPhase_480_com.android.server.BinaryTransparencyService took to complete: 0ms
05-30 22:53:51.231  1217  1217 D SystemServerTiming: OnBootPhase_480_com.android.server.telecom.TelecomLoaderService
05-30 22:53:51.231  1217  1217 V SystemServerTiming: OnBootPhase_480_com.android.server.telecom.TelecomLoaderService took to complete: 0ms
05-30 22:53:51.231  1217  1217 D SystemServerTiming: OnBootPhase_480_com.android.server.accounts.AccountManagerService$Lifecycle
05-30 22:53:51.231  1217  1217 V SystemServerTiming: OnBootPhase_480_com.android.server.accounts.AccountManagerService$Lifecycle took to complete: 0ms
05-30 22:53:51.231  1217  1217 D SystemServerTiming: OnBootPhase_480_com.android.server.content.ContentService$Lifecycle
05-30 22:53:51.231  1217  1217 V SystemServerTiming: OnBootPhase_480_com.android.server.content.ContentService$Lifecycle took to complete: 0ms
05-30 22:53:51.231  1217  1217 D SystemServerTiming: OnBootPhase_480_com.android.server.DropBoxManagerService
05-30 22:53:51.231  1217  1217 V SystemServerTiming: OnBootPhase_480_com.android.server.DropBoxManagerService took to complete: 0ms
05-30 22:53:51.231  1217  1217 D SystemServerTiming: OnBootPhase_480_com.android.role.RoleService
05-30 22:53:51.231  1217  1217 V SystemServerTiming: OnBootPhase_480_com.android.role.RoleService took to complete: 0ms
05-30 22:53:51.231  1217  1217 D SystemServerTiming: OnBootPhase_480_com.android.server.vibrator.VibratorManagerService$Lifecycle
05-30 22:53:51.231  1217  1217 V SystemServerTiming: OnBootPhase_480_com.android.server.vibrator.VibratorManagerService$Lifecycle took to complete: 0ms
05-30 22:53:51.231  1217  1217 D SystemServerTiming: OnBootPhase_480_com.android.server.tare.InternalResourceService
05-30 22:53:51.231  1217  1217 V SystemServerTiming: OnBootPhase_480_com.android.server.tare.InternalResourceService took to complete: 0ms
05-30 22:53:51.231  1217  1217 D SystemServerTiming: OnBootPhase_480_com.android.server.alarm.AlarmManagerService
05-30 22:53:51.231  1217  1217 V SystemServerTiming: OnBootPhase_480_com.android.server.alarm.AlarmManagerService took to complete: 0ms
05-30 22:53:51.231  1217  1217 D SystemServerTiming: OnBootPhase_480_com.android.server.devicestate.DeviceStateManagerService
05-30 22:53:51.231  1217  1217 V SystemServerTiming: OnBootPhase_480_com.android.server.devicestate.DeviceStateManagerService took to complete: 0ms
05-30 22:53:51.231  1217  1217 D SystemServerTiming: OnBootPhase_480_com.android.server.camera.CameraServiceProxy
05-30 22:53:51.231  1217  1217 V SystemServerTiming: OnBootPhase_480_com.android.server.camera.CameraServiceProxy took to complete: 0ms
05-30 22:53:51.231  1217  1217 D SystemServerTiming: OnBootPhase_480_com.android.server.bluetooth.BluetoothService
05-30 22:53:51.231  1217  1217 V SystemServerTiming: OnBootPhase_480_com.android.server.bluetooth.BluetoothService took to complete: 0ms
05-30 22:53:51.231  1217  1217 D SystemServerTiming: OnBootPhase_480_com.android.server.connectivity.IpConnectivityMetrics
05-30 22:53:51.231  1217  1217 V SystemServerTiming: OnBootPhase_480_com.android.server.connectivity.IpConnectivityMetrics took to complete: 0ms
05-30 22:53:51.231  1217  1217 D SystemServerTiming: OnBootPhase_480_com.android.server.net.watchlist.NetworkWatchlistService$Lifecycle
05-30 22:53:51.231  1217  1217 V SystemServerTiming: OnBootPhase_480_com.android.server.net.watchlist.NetworkWatchlistService$Lifecycle took to complete: 0ms
05-30 22:53:51.231  1217  1217 D SystemServerTiming: OnBootPhase_480_com.android.server.PinnerService
05-30 22:53:51.231  1217  1217 V SystemServerTiming: OnBootPhase_480_com.android.server.PinnerService took to complete: 0ms
05-30 22:53:51.231  1217  1217 D SystemServerTiming: OnBootPhase_480_com.android.server.integrity.AppIntegrityManagerService
05-30 22:53:51.231  1217  1217 V SystemServerTiming: OnBootPhase_480_com.android.server.integrity.AppIntegrityManagerService took to complete: 0ms
05-30 22:53:51.231  1217  1217 D SystemServerTiming: OnBootPhase_480_com.android.server.logcat.LogcatManagerService
05-30 22:53:51.231  1217  1217 V SystemServerTiming: OnBootPhase_480_com.android.server.logcat.LogcatManagerService took to complete: 0ms
05-30 22:53:51.231  1217  1217 D SystemServerTiming: OnBootPhase_480_com.android.server.inputmethod.InputMethodManagerService$Lifecycle
05-30 22:53:51.231  1217  1217 V SystemServerTiming: OnBootPhase_480_com.android.server.inputmethod.InputMethodManagerService$Lifecycle took to complete: 0ms
05-30 22:53:51.231  1217  1217 D SystemServerTiming: OnBootPhase_480_com.android.server.accessibility.AccessibilityManagerService$Lifecycle
05-30 22:53:51.231  1217  1217 V SystemServerTiming: OnBootPhase_480_com.android.server.accessibility.AccessibilityManagerService$Lifecycle took to complete: 0ms
05-30 22:53:51.231  1217  1217 D SystemServerTiming: OnBootPhase_480_com.android.server.StorageManagerService$Lifecycle
05-30 22:53:51.231  1217  1217 V SystemServerTiming: OnBootPhase_480_com.android.server.StorageManagerService$Lifecycle took to complete: 0ms
05-30 22:53:51.231  1217  1217 D SystemServerTiming: OnBootPhase_480_com.android.server.usage.StorageStatsService$Lifecycle
05-30 22:53:51.231  1217  1217 V SystemServerTiming: OnBootPhase_480_com.android.server.usage.StorageStatsService$Lifecycle took to complete: 0ms
05-30 22:53:51.231  1217  1217 D SystemServerTiming: OnBootPhase_480_com.android.server.UiModeManagerService
05-30 22:53:51.232  1217  1217 V SystemServerTiming: OnBootPhase_480_com.android.server.UiModeManagerService took to complete: 0ms
05-30 22:53:51.232  1217  1217 D SystemServerTiming: OnBootPhase_480_com.android.server.locales.LocaleManagerService
05-30 22:53:51.232  1217  1217 V SystemServerTiming: OnBootPhase_480_com.android.server.locales.LocaleManagerService took to complete: 0ms
05-30 22:53:51.232  1217  1217 D SystemServerTiming: OnBootPhase_480_com.android.server.locksettings.LockSettingsService$Lifecycle
05-30 22:53:51.232  1217  1217 V SystemServerTiming: OnBootPhase_480_com.android.server.locksettings.LockSettingsService$Lifecycle took to complete: 0ms
05-30 22:53:51.232  1217  1217 D SystemServerTiming: OnBootPhase_480_com.android.server.PersistentDataBlockService
05-30 22:53:51.232  1217  1217 V SystemServerTiming: OnBootPhase_480_com.android.server.PersistentDataBlockService took to complete: 0ms
05-30 22:53:51.232  1217  1217 D SystemServerTiming: OnBootPhase_480_com.android.server.testharness.TestHarnessModeService
05-30 22:53:51.232  1217  1217 V SystemServerTiming: OnBootPhase_480_com.android.server.testharness.TestHarnessModeService took to complete: 0ms
05-30 22:53:51.232  1217  1217 D SystemServerTiming: OnBootPhase_480_com.android.server.oemlock.OemLockService
05-30 22:53:51.232  1217  1217 V SystemServerTiming: OnBootPhase_480_com.android.server.oemlock.OemLockService took to complete: 0ms
05-30 22:53:51.232  1217  1217 D SystemServerTiming: OnBootPhase_480_com.android.server.DeviceIdleController
05-30 22:53:51.232  1217  1217 V SystemServerTiming: OnBootPhase_480_com.android.server.DeviceIdleController took to complete: 0ms
05-30 22:53:51.232  1217  1217 D SystemServerTiming: OnBootPhase_480_com.android.server.devicepolicy.DevicePolicyManagerService$Lifecycle
05-30 22:53:51.238  1217  1217 I UsbPortManager: USB HAL HIDL version: 13
05-30 22:53:51.239  1217  1412 D SystemServerTimingAsync: InitThreadPoolExec:DevicePolicyManager
05-30 22:53:51.239  1217  1217 V SystemServerTiming: OnBootPhase_480_com.android.server.devicepolicy.DevicePolicyManagerService$Lifecycle took to complete: 7ms
05-30 22:53:51.239  1217  1412 D SystemServerInitThreadPool: Started executing DevicePolicyManager
05-30 22:53:51.239  1217  1217 D SystemServerTiming: OnBootPhase_480_com.android.server.texttospeech.TextToSpeechManagerService
05-30 22:53:51.239  1217  1217 V SystemServerTiming: OnBootPhase_480_com.android.server.texttospeech.TextToSpeechManagerService took to complete: 0ms
05-30 22:53:51.239  1217  1217 D SystemServerTiming: OnBootPhase_480_com.android.server.ambientcontext.AmbientContextManagerService
05-30 22:53:51.239  1217  1217 V SystemServerTiming: OnBootPhase_480_com.android.server.ambientcontext.AmbientContextManagerService took to complete: 0ms
05-30 22:53:51.239  1217  1217 D SystemServerTiming: OnBootPhase_480_com.android.server.speech.SpeechRecognitionManagerService
05-30 22:53:51.239  1217  1217 V SystemServerTiming: OnBootPhase_480_com.android.server.speech.SpeechRecognitionManagerService took to complete: 0ms
05-30 22:53:51.239  1217  1217 D SystemServerTiming: OnBootPhase_480_com.android.server.searchui.SearchUiManagerService
05-30 22:53:51.239  1217  1217 V SystemServerTiming: OnBootPhase_480_com.android.server.searchui.SearchUiManagerService took to complete: 0ms
05-30 22:53:51.239  1217  1217 D SystemServerTiming: OnBootPhase_480_com.android.server.smartspace.SmartspaceManagerService
05-30 22:53:51.239  1217  1217 V SystemServerTiming: OnBootPhase_480_com.android.server.smartspace.SmartspaceManagerService took to complete: 0ms
05-30 22:53:51.239  1217  1412 D SystemServerInitThreadPool: Finished executing DevicePolicyManager
05-30 22:53:51.239  1217  1217 D SystemServerTiming: OnBootPhase_480_com.android.server.graphics.fonts.FontManagerService$Lifecycle
05-30 22:53:51.239  1217  1217 V SystemServerTiming: OnBootPhase_480_com.android.server.graphics.fonts.FontManagerService$Lifecycle took to complete: 0ms
05-30 22:53:51.239  1217  1412 V SystemServerTimingAsync: InitThreadPoolExec:DevicePolicyManager took to complete: 1ms
05-30 22:53:51.239  1217  1217 D SystemServerTiming: OnBootPhase_480_com.android.server.textservices.TextServicesManagerService$Lifecycle
05-30 22:53:51.239  1217  1217 V SystemServerTiming: OnBootPhase_480_com.android.server.textservices.TextServicesManagerService$Lifecycle took to complete: 0ms
05-30 22:53:51.239  1217  1217 D SystemServerTiming: OnBootPhase_480_com.android.server.textclassifier.TextClassificationManagerService$Lifecycle
05-30 22:53:51.239  1217  1217 V SystemServerTiming: OnBootPhase_480_com.android.server.textclassifier.TextClassificationManagerService$Lifecycle took to complete: 0ms
05-30 22:53:51.239  1217  1217 D SystemServerTiming: OnBootPhase_480_com.android.server.NetworkScoreService$Lifecycle
05-30 22:53:51.239  1217  1217 V SystemServerTiming: OnBootPhase_480_com.android.server.NetworkScoreService$Lifecycle took to complete: 0ms
05-30 22:53:51.239  1217  1217 D SystemServerTiming: OnBootPhase_480_com.android.server.NetworkStatsServiceInitializer
05-30 22:53:51.239  1217  1217 V SystemServerTiming: OnBootPhase_480_com.android.server.NetworkStatsServiceInitializer took to complete: 0ms
05-30 22:53:51.239  1217  1217 D SystemServerTiming: OnBootPhase_480_com.android.server.wifi.WifiService
05-30 22:53:51.239  1217  1217 V SystemServerTiming: OnBootPhase_480_com.android.server.wifi.WifiService took to complete: 0ms
05-30 22:53:51.239  1217  1217 D SystemServerTiming: OnBootPhase_480_com.android.server.wifi.scanner.WifiScanningService
05-30 22:53:51.239  1217  1217 V SystemServerTiming: OnBootPhase_480_com.android.server.wifi.scanner.WifiScanningService took to complete: 0ms
05-30 22:53:51.239  1217  1217 D SystemServerTiming: OnBootPhase_480_com.android.server.wifi.p2p.WifiP2pService
05-30 22:53:51.239  1217  1217 V SystemServerTiming: OnBootPhase_480_com.android.server.wifi.p2p.WifiP2pService took to complete: 0ms
05-30 22:53:51.239  1217  1217 D SystemServerTiming: OnBootPhase_480_com.android.server.ConnectivityServiceInitializer
05-30 22:53:51.239  1217  1217 V SystemServerTiming: OnBootPhase_480_com.android.server.ConnectivityServiceInitializer took to complete: 0ms
05-30 22:53:51.239  1217  1217 D SystemServerTiming: OnBootPhase_480_com.android.server.notification.NotificationManagerService
05-30 22:53:51.239  1217  1217 V SystemServerTiming: OnBootPhase_480_com.android.server.notification.NotificationManagerService took to complete: 0ms
05-30 22:53:51.239  1217  1217 D SystemServerTiming: OnBootPhase_480_com.android.server.storage.DeviceStorageMonitorService
05-30 22:53:51.239  1217  1217 V SystemServerTiming: OnBootPhase_480_com.android.server.storage.DeviceStorageMonitorService took to complete: 0ms
05-30 22:53:51.239  1217  1217 D SystemServerTiming: OnBootPhase_480_com.android.server.location.LocationManagerService$Lifecycle
05-30 22:53:51.239  1217  1217 V SystemServerTiming: OnBootPhase_480_com.android.server.location.LocationManagerService$Lifecycle took to complete: 0ms
05-30 22:53:51.239  1217  1217 D SystemServerTiming: OnBootPhase_480_com.android.server.timedetector.TimeDetectorService$Lifecycle
05-30 22:53:51.239  1217  1217 V SystemServerTiming: OnBootPhase_480_com.android.server.timedetector.TimeDetectorService$Lifecycle took to complete: 0ms
05-30 22:53:51.240  1217  1217 D SystemServerTiming: OnBootPhase_480_com.android.server.timezonedetector.TimeZoneDetectorService$Lifecycle
05-30 22:53:51.240  1217  1217 V SystemServerTiming: OnBootPhase_480_com.android.server.timezonedetector.TimeZoneDetectorService$Lifecycle took to complete: 0ms
05-30 22:53:51.240  1217  1217 D SystemServerTiming: OnBootPhase_480_com.android.server.timezonedetector.location.LocationTimeZoneManagerService$Lifecycle
05-30 22:53:51.240  1217  1217 V SystemServerTiming: OnBootPhase_480_com.android.server.timezonedetector.location.LocationTimeZoneManagerService$Lifecycle took to complete: 0ms
05-30 22:53:51.240  1217  1217 D SystemServerTiming: OnBootPhase_480_com.android.server.search.SearchManagerService$Lifecycle
05-30 22:53:51.240  1217  1217 V SystemServerTiming: OnBootPhase_480_com.android.server.search.SearchManagerService$Lifecycle took to complete: 0ms
05-30 22:53:51.240  1217  1217 D SystemServerTiming: OnBootPhase_480_com.android.server.wallpaper.WallpaperManagerService$Lifecycle
05-30 22:53:51.240  1217  1217 V SystemServerTiming: OnBootPhase_480_com.android.server.wallpaper.WallpaperManagerService$Lifecycle took to complete: 1ms
05-30 22:53:51.240  1217  1217 D SystemServerTiming: OnBootPhase_480_com.android.server.wallpapereffectsgeneration.WallpaperEffectsGenerationManagerService
05-30 22:53:51.240  1217  1217 V SystemServerTiming: OnBootPhase_480_com.android.server.wallpapereffectsgeneration.WallpaperEffectsGenerationManagerService took to complete: 0ms
05-30 22:53:51.240  1217  1217 D SystemServerTiming: OnBootPhase_480_com.android.server.audio.AudioService$Lifecycle
05-30 22:53:51.240  1217  1217 V SystemServerTiming: OnBootPhase_480_com.android.server.audio.AudioService$Lifecycle took to complete: 0ms
05-30 22:53:51.240  1217  1217 D SystemServerTiming: OnBootPhase_480_com.android.server.soundtrigger_middleware.SoundTriggerMiddlewareService$Lifecycle
05-30 22:53:51.240  1217  1217 V SystemServerTiming: OnBootPhase_480_com.android.server.soundtrigger_middleware.SoundTriggerMiddlewareService$Lifecycle took to complete: 0ms
05-30 22:53:51.240  1217  1217 D SystemServerTiming: OnBootPhase_480_com.android.server.DockObserver
05-30 22:53:51.240  1217  1217 V SystemServerTiming: OnBootPhase_480_com.android.server.DockObserver took to complete: 0ms
05-30 22:53:51.240  1217  1217 D SystemServerTiming: OnBootPhase_480_com.android.server.midi.MidiService$Lifecycle
05-30 22:53:51.240  1217  1217 V SystemServerTiming: OnBootPhase_480_com.android.server.midi.MidiService$Lifecycle took to complete: 0ms
05-30 22:53:51.240  1217  1217 D SystemServerTiming: OnBootPhase_480_com.android.server.adb.AdbService$Lifecycle
05-30 22:53:51.240  1217  1217 V SystemServerTiming: OnBootPhase_480_com.android.server.adb.AdbService$Lifecycle took to complete: 0ms
05-30 22:53:51.240  1217  1217 D SystemServerTiming: OnBootPhase_480_com.android.server.usb.UsbService$Lifecycle
05-30 22:53:51.240  1217  1217 V SystemServerTiming: OnBootPhase_480_com.android.server.usb.UsbService$Lifecycle took to complete: 0ms
05-30 22:53:51.240  1217  1217 D SystemServerTiming: OnBootPhase_480_com.android.server.twilight.TwilightService
05-30 22:53:51.240  1217  1217 V SystemServerTiming: OnBootPhase_480_com.android.server.twilight.TwilightService took to complete: 0ms
05-30 22:53:51.240  1217  1217 D SystemServerTiming: OnBootPhase_480_com.android.server.display.color.ColorDisplayService
05-30 22:53:51.240  1217  1217 V SystemServerTiming: OnBootPhase_480_com.android.server.display.color.ColorDisplayService took to complete: 0ms
05-30 22:53:51.240  1217  1217 D SystemServerTiming: OnBootPhase_480_com.android.server.job.JobSchedulerService
05-30 22:53:51.240  1217  1217 V SystemServerTiming: OnBootPhase_480_com.android.server.job.JobSchedulerService took to complete: 0ms
05-30 22:53:51.240  1217  1217 D SystemServerTiming: OnBootPhase_480_com.android.server.soundtrigger.SoundTriggerService
05-30 22:53:51.240  1217  1217 D SoundTriggerService: onBootPhase: 480 : false
05-30 22:53:51.240  1217  1217 V SystemServerTiming: OnBootPhase_480_com.android.server.soundtrigger.SoundTriggerService took to complete: 0ms
05-30 22:53:51.240  1217  1217 D SystemServerTiming: OnBootPhase_480_com.android.server.trust.TrustManagerService
05-30 22:53:51.240  1217  1217 V SystemServerTiming: OnBootPhase_480_com.android.server.trust.TrustManagerService took to complete: 0ms
05-30 22:53:51.240  1217  1217 D SystemServerTiming: OnBootPhase_480_com.android.server.backup.BackupManagerService$Lifecycle
05-30 22:53:51.240  1217  1217 V SystemServerTiming: OnBootPhase_480_com.android.server.backup.BackupManagerService$Lifecycle took to complete: 0ms
05-30 22:53:51.240  1217  1217 D SystemServerTiming: OnBootPhase_480_com.android.server.appwidget.AppWidgetService
05-30 22:53:51.240  1217  1217 V SystemServerTiming: OnBootPhase_480_com.android.server.appwidget.AppWidgetService took to complete: 0ms
05-30 22:53:51.240  1217  1217 D SystemServerTiming: OnBootPhase_480_com.android.server.voiceinteraction.VoiceInteractionManagerService
05-30 22:53:51.240  1217  1217 V SystemServerTiming: OnBootPhase_480_com.android.server.voiceinteraction.VoiceInteractionManagerService took to complete: 0ms
05-30 22:53:51.240  1217  1217 D SystemServerTiming: OnBootPhase_480_com.android.server.apphibernation.AppHibernationService
05-30 22:53:51.240  1217  1217 V SystemServerTiming: OnBootPhase_480_com.android.server.apphibernation.AppHibernationService took to complete: 0ms
05-30 22:53:51.240  1217  1217 D SystemServerTiming: OnBootPhase_480_com.android.server.GestureLauncherService
05-30 22:53:51.240  1217  1217 V SystemServerTiming: OnBootPhase_480_com.android.server.GestureLauncherService took to complete: 0ms
05-30 22:53:51.240  1217  1217 D SystemServerTiming: OnBootPhase_480_com.android.server.SensorNotificationService
05-30 22:53:51.240  1217  1217 V SystemServerTiming: OnBootPhase_480_com.android.server.SensorNotificationService took to complete: 0ms
05-30 22:53:51.241  1217  1217 D SystemServerTiming: OnBootPhase_480_com.android.server.emergency.EmergencyAffordanceService
05-30 22:53:51.241  1217  1217 V SystemServerTiming: OnBootPhase_480_com.android.server.emergency.EmergencyAffordanceService took to complete: 0ms
05-30 22:53:51.241  1217  1217 D SystemServerTiming: OnBootPhase_480_com.android.server.blob.BlobStoreManagerService
05-30 22:53:51.241  1217  1217 V SystemServerTiming: OnBootPhase_480_com.android.server.blob.BlobStoreManagerService took to complete: 0ms
05-30 22:53:51.241  1217  1217 D SystemServerTiming: OnBootPhase_480_com.android.server.dreams.DreamManagerService
05-30 22:53:51.241  1217  1217 V SystemServerTiming: OnBootPhase_480_com.android.server.dreams.DreamManagerService took to complete: 0ms
05-30 22:53:51.241  1217  1217 D SystemServerTiming: OnBootPhase_480_com.android.server.print.PrintManagerService
05-30 22:53:51.241  1217  1217 V SystemServerTiming: OnBootPhase_480_com.android.server.print.PrintManagerService took to complete: 0ms
05-30 22:53:51.241  1217  1217 D SystemServerTiming: OnBootPhase_480_com.android.server.security.AttestationVerificationManagerService
05-30 22:53:51.241  1217  1217 V SystemServerTiming: OnBootPhase_480_com.android.server.security.AttestationVerificationManagerService took to complete: 0ms
05-30 22:53:51.241  1217  1217 D SystemServerTiming: OnBootPhase_480_com.android.server.companion.CompanionDeviceManagerService
05-30 22:53:51.241  1217  1217 V SystemServerTiming: OnBootPhase_480_com.android.server.companion.CompanionDeviceManagerService took to complete: 0ms
05-30 22:53:51.241  1217  1217 D SystemServerTiming: OnBootPhase_480_com.android.server.companion.virtual.VirtualDeviceManagerService
05-30 22:53:51.241  1217  1217 V SystemServerTiming: OnBootPhase_480_com.android.server.companion.virtual.VirtualDeviceManagerService took to complete: 0ms
05-30 22:53:51.241  1217  1217 D SystemServerTiming: OnBootPhase_480_com.android.server.restrictions.RestrictionsManagerService
05-30 22:53:51.241  1217  1217 V SystemServerTiming: OnBootPhase_480_com.android.server.restrictions.RestrictionsManagerService took to complete: 0ms
05-30 22:53:51.241  1217  1217 D SystemServerTiming: OnBootPhase_480_com.android.server.media.MediaSessionService
05-30 22:53:51.241  1217  1217 V SystemServerTiming: OnBootPhase_480_com.android.server.media.MediaSessionService took to complete: 0ms
05-30 22:53:51.241  1217  1217 D SystemServerTiming: OnBootPhase_480_com.android.server.media.MediaResourceMonitorService
05-30 22:53:51.241  1217  1217 V SystemServerTiming: OnBootPhase_480_com.android.server.media.MediaResourceMonitorService took to complete: 0ms
05-30 22:53:51.241  1217  1217 D SystemServerTiming: OnBootPhase_480_com.android.server.biometrics.sensors.fingerprint.FingerprintService
05-30 22:53:51.241  1217  1217 V SystemServerTiming: OnBootPhase_480_com.android.server.biometrics.sensors.fingerprint.FingerprintService took to complete: 0ms
05-30 22:53:51.241  1217  1217 D SystemServerTiming: OnBootPhase_480_com.android.server.biometrics.BiometricService
05-30 22:53:51.241  1217  1217 V SystemServerTiming: OnBootPhase_480_com.android.server.biometrics.BiometricService took to complete: 0ms
05-30 22:53:51.241  1217  1217 D SystemServerTiming: OnBootPhase_480_com.android.server.biometrics.AuthService
05-30 22:53:51.241  1217  1217 V SystemServerTiming: OnBootPhase_480_com.android.server.biometrics.AuthService took to complete: 0ms
05-30 22:53:51.241  1217  1217 D SystemServerTiming: OnBootPhase_480_com.android.server.pm.ShortcutService$Lifecycle
05-30 22:53:51.242  1217  1217 V SystemServerTiming: OnBootPhase_480_com.android.server.pm.ShortcutService$Lifecycle took to complete: 1ms
05-30 22:53:51.242  1217  1217 D SystemServerTiming: OnBootPhase_480_com.android.server.pm.LauncherAppsService
05-30 22:53:51.242  1217  1217 V SystemServerTiming: OnBootPhase_480_com.android.server.pm.LauncherAppsService took to complete: 0ms
05-30 22:53:51.242  1217  1217 D SystemServerTiming: OnBootPhase_480_com.android.server.pm.CrossProfileAppsService
05-30 22:53:51.242  1217  1217 V SystemServerTiming: OnBootPhase_480_com.android.server.pm.CrossProfileAppsService took to complete: 0ms
05-30 22:53:51.242  1217  1217 D SystemServerTiming: OnBootPhase_480_com.android.server.people.PeopleService
05-30 22:53:51.242  1217  1217 V SystemServerTiming: OnBootPhase_480_com.android.server.people.PeopleService took to complete: 0ms
05-30 22:53:51.242  1217  1217 D SystemServerTiming: OnBootPhase_480_com.android.server.media.metrics.MediaMetricsManagerService
05-30 22:53:51.242  1217  1217 V SystemServerTiming: OnBootPhase_480_com.android.server.media.metrics.MediaMetricsManagerService took to complete: 0ms
05-30 22:53:51.242  1217  1217 D SystemServerTiming: OnBootPhase_480_com.android.server.media.projection.MediaProjectionManagerService
05-30 22:53:51.242  1217  1217 V SystemServerTiming: OnBootPhase_480_com.android.server.media.projection.MediaProjectionManagerService took to complete: 0ms
05-30 22:53:51.242  1217  1217 D SystemServerTiming: OnBootPhase_480_com.android.server.slice.SliceManagerService$Lifecycle
05-30 22:53:51.242  1217  1217 V SystemServerTiming: OnBootPhase_480_com.android.server.slice.SliceManagerService$Lifecycle took to complete: 0ms
05-30 22:53:51.242  1217  1217 D SystemServerTiming: OnBootPhase_480_com.android.server.stats.StatsCompanion$Lifecycle
05-30 22:53:51.242  1217  1217 V SystemServerTiming: OnBootPhase_480_com.android.server.stats.StatsCompanion$Lifecycle took to complete: 0ms
05-30 22:53:51.242  1217  1217 D SystemServerTiming: OnBootPhase_480_com.android.server.scheduling.RebootReadinessManagerService$Lifecycle
05-30 22:53:51.242  1217  1217 V SystemServerTiming: OnBootPhase_480_com.android.server.scheduling.RebootReadinessManagerService$Lifecycle took to complete: 0ms
05-30 22:53:51.242  1217  1217 D SystemServerTiming: OnBootPhase_480_com.android.server.stats.pull.StatsPullAtomService
05-30 22:53:51.242  1217  1217 V SystemServerTiming: OnBootPhase_480_com.android.server.stats.pull.StatsPullAtomService took to complete: 0ms
05-30 22:53:51.242  1217  1217 D SystemServerTiming: OnBootPhase_480_com.android.server.stats.bootstrap.StatsBootstrapAtomService$Lifecycle
05-30 22:53:51.242  1217  1217 V SystemServerTiming: OnBootPhase_480_com.android.server.stats.bootstrap.StatsBootstrapAtomService$Lifecycle took to complete: 0ms
05-30 22:53:51.242  1217  1217 D SystemServerTiming: OnBootPhase_480_com.android.server.incident.IncidentCompanionService
05-30 22:53:51.242  1217  1217 V SystemServerTiming: OnBootPhase_480_com.android.server.incident.IncidentCompanionService took to complete: 0ms
05-30 22:53:51.242  1217  1217 D SystemServerTiming: OnBootPhase_480_com.android.server.sdksandbox.SdkSandboxManagerService$Lifecycle
05-30 22:53:51.242  1217  1217 V SystemServerTiming: OnBootPhase_480_com.android.server.sdksandbox.SdkSandboxManagerService$Lifecycle took to complete: 0ms
05-30 22:53:51.242  1217  1217 D SystemServerTiming: OnBootPhase_480_com.android.server.adservices.AdServicesManagerService$Lifecycle
05-30 22:53:51.242  1217  1217 V SystemServerTiming: OnBootPhase_480_com.android.server.adservices.AdServicesManagerService$Lifecycle took to complete: 0ms
05-30 22:53:51.242  1217  1217 D SystemServerTiming: OnBootPhase_480_com.android.server.MmsServiceBroker
05-30 22:53:51.242  1217  1217 V SystemServerTiming: OnBootPhase_480_com.android.server.MmsServiceBroker took to complete: 0ms
05-30 22:53:51.242  1217  1217 D SystemServerTiming: OnBootPhase_480_com.android.server.autofill.AutofillManagerService
05-30 22:53:51.242  1217  1217 V SystemServerTiming: OnBootPhase_480_com.android.server.autofill.AutofillManagerService took to complete: 0ms
05-30 22:53:51.242  1217  1217 D SystemServerTiming: OnBootPhase_480_com.android.server.clipboard.ClipboardService
05-30 22:53:51.242  1217  1217 V SystemServerTiming: OnBootPhase_480_com.android.server.clipboard.ClipboardService took to complete: 0ms
05-30 22:53:51.242  1217  1217 D SystemServerTiming: OnBootPhase_480_com.android.server.appbinding.AppBindingService$Lifecycle
05-30 22:53:51.242  1217  1217 V SystemServerTiming: OnBootPhase_480_com.android.server.appbinding.AppBindingService$Lifecycle took to complete: 0ms
05-30 22:53:51.242  1217  1217 D SystemServerTiming: OnBootPhase_480_com.android.server.tracing.TracingServiceProxy
05-30 22:53:51.242  1217  1217 V SystemServerTiming: OnBootPhase_480_com.android.server.tracing.TracingServiceProxy took to complete: 0ms
05-30 22:53:51.242  1217  1217 D SystemServerTiming: OnBootPhase_480_org.lineageos.platform.internal.ProfileManagerService
05-30 22:53:51.242  1217  1217 V SystemServerTiming: OnBootPhase_480_org.lineageos.platform.internal.ProfileManagerService took to complete: 0ms
05-30 22:53:51.242  1217  1217 D SystemServerTiming: OnBootPhase_480_org.lineageos.platform.internal.LineageHardwareService
05-30 22:53:51.242  1217  1217 V SystemServerTiming: OnBootPhase_480_org.lineageos.platform.internal.LineageHardwareService took to complete: 0ms
05-30 22:53:51.242  1217  1217 D SystemServerTiming: OnBootPhase_480_org.lineageos.platform.internal.display.LiveDisplayService
05-30 22:53:51.242  1217  1217 V SystemServerTiming: OnBootPhase_480_org.lineageos.platform.internal.display.LiveDisplayService took to complete: 0ms
05-30 22:53:51.242  1217  1217 D SystemServerTiming: OnBootPhase_480_org.lineageos.platform.internal.TrustInterfaceService
05-30 22:53:51.242  1217  1217 V SystemServerTiming: OnBootPhase_480_org.lineageos.platform.internal.TrustInterfaceService took to complete: 0ms
05-30 22:53:51.242  1217  1217 D SystemServerTiming: OnBootPhase_480_org.lineageos.platform.internal.LineageSettingsService
05-30 22:53:51.242  1217  1217 V SystemServerTiming: OnBootPhase_480_org.lineageos.platform.internal.LineageSettingsService took to complete: 0ms
05-30 22:53:51.242  1217  1217 D SystemServerTiming: OnBootPhase_480_org.lineageos.platform.internal.LineageGlobalActionsService
05-30 22:53:51.242  1217  1217 V SystemServerTiming: OnBootPhase_480_org.lineageos.platform.internal.LineageGlobalActionsService took to complete: 0ms
05-30 22:53:51.242  1217  1217 D SystemServerTiming: OnBootPhase_480_org.lineageos.platform.internal.health.HealthInterfaceService
05-30 22:53:51.242  1217  1217 V SystemServerTiming: OnBootPhase_480_org.lineageos.platform.internal.health.HealthInterfaceService took to complete: 0ms
05-30 22:53:51.242  1217  1217 V SystemServerTiming: OnBootPhase_480 took to complete: 12ms
05-30 22:53:51.242  1217  1217 V SystemServerTiming: StartBootPhaseLockSettingsReady took to complete: 12ms
05-30 22:53:51.242  1217  1217 D SystemServerTiming: StartBootPhaseSystemServicesReady
05-30 22:53:51.242  1217  1217 I SystemServiceManager: Starting phase 500
05-30 22:53:51.242  1217  1217 D SystemServerTiming: OnBootPhase_500
05-30 22:53:51.242  1217  1217 D SystemServerTiming: OnBootPhase_500_com.android.server.security.FileIntegrityService
05-30 22:53:51.242  1217  1217 V SystemServerTiming: OnBootPhase_500_com.android.server.security.FileIntegrityService took to complete: 0ms
05-30 22:53:51.242  1217  1217 D SystemServerTiming: OnBootPhase_500_com.android.server.pm.Installer
05-30 22:53:51.242  1217  1217 V SystemServerTiming: OnBootPhase_500_com.android.server.pm.Installer took to complete: 0ms
05-30 22:53:51.242  1217  1217 D SystemServerTiming: OnBootPhase_500_com.android.server.os.DeviceIdentifiersPolicyService
05-30 22:53:51.242  1217  1217 V SystemServerTiming: OnBootPhase_500_com.android.server.os.DeviceIdentifiersPolicyService took to complete: 0ms
05-30 22:53:51.242  1217  1217 D SystemServerTiming: OnBootPhase_500_com.android.server.uri.UriGrantsManagerService$Lifecycle
05-30 22:53:51.243  1217  1217 V SystemServerTiming: OnBootPhase_500_com.android.server.uri.UriGrantsManagerService$Lifecycle took to complete: 1ms
05-30 22:53:51.243  1217  1217 D SystemServerTiming: OnBootPhase_500_com.android.server.powerstats.PowerStatsService
05-30 22:53:51.243  1217  1217 E StatsPullAtomCallbackImpl: Failed to start PowerStatsService statsd pullers
05-30 22:53:51.243  1217  1217 V SystemServerTiming: OnBootPhase_500_com.android.server.powerstats.PowerStatsService took to complete: 0ms
05-30 22:53:51.243  1217  1217 D SystemServerTiming: OnBootPhase_500_com.android.server.wm.ActivityTaskManagerService$Lifecycle
05-30 22:53:51.243  1217  1217 V SystemServerTiming: OnBootPhase_500_com.android.server.wm.ActivityTaskManagerService$Lifecycle took to complete: 0ms
05-30 22:53:51.243  1217  1217 D SystemServerTiming: OnBootPhase_500_com.android.server.am.ActivityManagerService$Lifecycle
05-30 22:53:51.246  1217  1217 E BatteryStatsService: Could not register PowerStatsInternal
05-30 22:53:51.246  1217  1217 V SystemServerTiming: OnBootPhase_500_com.android.server.am.ActivityManagerService$Lifecycle took to complete: 3ms
05-30 22:53:51.246  1217  1217 D SystemServerTiming: OnBootPhase_500_com.android.server.pm.DataLoaderManagerService
05-30 22:53:51.246  1217  1217 V SystemServerTiming: OnBootPhase_500_com.android.server.pm.DataLoaderManagerService took to complete: 0ms
05-30 22:53:51.246  1217  1217 D SystemServerTiming: OnBootPhase_500_com.android.server.power.PowerManagerService
05-30 22:53:51.247  1217  1217 I AttentionDetector: readValuesFromDeviceConfig():
05-30 22:53:51.247  1217  1217 I AttentionDetector: mMaximumExtensionMillis=900000
05-30 22:53:51.247  1217  1217 I AttentionDetector: mPreDimCheckDurationMillis=2000
05-30 22:53:51.247  1217  1217 I AttentionDetector: mRequestedPostDimTimeoutMillis=0
05-30 22:53:51.249  1217  1217 W BrightnessThrottler: DeviceConfig BrightnessThrottlingData is null
05-30 22:53:51.249  1217  1217 E DisplayPowerController[0]: failed to set up display white-balance: java.lang.IllegalStateException: cannot find sensor com.google.sensor.color
05-30 22:53:51.259  1217  1258 W KeyguardServiceDelegate: onScreenTurningOn(): no keyguard service!
05-30 22:53:51.260  1217  1217 I FaceDownDetector: readValuesFromDeviceConfig():
05-30 22:53:51.260  1217  1217 I FaceDownDetector: mAccelerationThreshold=0.2
05-30 22:53:51.260  1217  1217 I FaceDownDetector: mZAccelerationThreshold=-9.5
05-30 22:53:51.260  1217  1217 I FaceDownDetector: mTimeThreshold=PT1S
05-30 22:53:51.260  1217  1217 I FaceDownDetector: mIsEnabled=true
05-30 22:53:51.261  1217  1258 V DisplayPowerController[0]: Brightness [0.75] reason changing to: 'override', previous reason: '0'.
05-30 22:53:51.261  1217  1258 I DisplayPowerController[0]: BrightnessEvent: disp=0, physDisp=local:0, brt=0.75, initBrt=NaN, rcmdBrt=NaN, preBrt=NaN, lux=0.0, preLux=0.0, hbmMax=1.0, hbmMode=off, rbcStrength=0, powerFactor=1.0, thrmMax=1.0, wasShortTermModelActive=false, flags=, reason=override, autoBrightness=false
05-30 22:53:51.261  1217  1258 I DisplayPowerController[0]: BrightnessEvent: disp=0, physDisp=local:0, brt=0.75, initBrt=0.75, rcmdBrt=NaN, preBrt=NaN, lux=0.0, preLux=0.0, hbmMax=1.0, hbmMode=off, rbcStrength=0, powerFactor=1.0, thrmMax=1.0, wasShortTermModelActive=false, flags=, reason=override, autoBrightness=false
05-30 22:53:51.261  1217  1258 I DisplayPowerController[0]: BrightnessEvent: disp=0, physDisp=local:0, brt=0.75, initBrt=0.75, rcmdBrt=NaN, preBrt=NaN, lux=0.0, preLux=0.0, hbmMax=1.0, hbmMode=off, rbcStrength=0, powerFactor=1.0, thrmMax=1.0, wasShortTermModelActive=false, flags=, reason=override, autoBrightness=false
05-30 22:53:51.262  1217  1238 I DisplayDeviceRepository: Display device changed state: "Built-in Screen", ON
05-30 22:53:51.263  1217  1238 I DisplayDeviceRepository: Display device changed state: "Built-in Screen", ON
05-30 22:53:51.264  1217  1258 I DisplayPowerController[0]: BrightnessEvent: disp=0, physDisp=local:0, brt=0.75, initBrt=0.75, rcmdBrt=NaN, preBrt=NaN, lux=0.0, preLux=0.0, hbmMax=1.0, hbmMode=off, rbcStrength=0, powerFactor=1.0, thrmMax=1.0, wasShortTermModelActive=false, flags=, reason=override, autoBrightness=false
05-30 22:53:51.266  1217  1217 I ScreenUndimDetector: readValuesFromDeviceConfig():
05-30 22:53:51.266  1217  1217 I ScreenUndimDetector: mKeepScreenOnForMillis=600000
05-30 22:53:51.266  1217  1217 I ScreenUndimDetector: mKeepScreenOnNotificationEnabled=false
05-30 22:53:51.266  1217  1217 I ScreenUndimDetector: mUndimsRequired=2
05-30 22:53:51.269  1217  1217 V SystemServerTiming: OnBootPhase_500_com.android.server.power.PowerManagerService took to complete: 23ms
05-30 22:53:51.269  1217  1217 D SystemServerTiming: OnBootPhase_500_com.android.server.power.ThermalManagerService
05-30 22:53:51.269  1217  1217 V SystemServerTiming: OnBootPhase_500_com.android.server.power.ThermalManagerService took to complete: 0ms
05-30 22:53:51.269  1217  1217 D SystemServerTiming: OnBootPhase_500_com.android.server.power.hint.HintManagerService
05-30 22:53:51.269  1217  1217 V HintManagerService: Initializing HintManager service...
05-30 22:53:51.270  1217  1217 V HistoricalRegistry: Interaction before persistence initialized
05-30 22:53:51.270  1217  1217 V SystemServerTiming: OnBootPhase_500_com.android.server.power.hint.HintManagerService took to complete: 0ms
05-30 22:53:51.270  1217  1217 D SystemServerTiming: OnBootPhase_500_com.android.server.recoverysystem.RecoverySystemService$Lifecycle
05-30 22:53:51.270  1217  1217 V SystemServerTiming: OnBootPhase_500_com.android.server.recoverysystem.RecoverySystemService$Lifecycle took to complete: 0ms
05-30 22:53:51.270  1217  1217 D SystemServerTiming: OnBootPhase_500_com.android.server.lights.LightsService
05-30 22:53:51.270  1217  1217 V SystemServerTiming: OnBootPhase_500_com.android.server.lights.LightsService took to complete: 0ms
05-30 22:53:51.270  1217  1217 D SystemServerTiming: OnBootPhase_500_com.android.server.display.DisplayManagerService
05-30 22:53:51.270  1217  1217 V SystemServerTiming: OnBootPhase_500_com.android.server.display.DisplayManagerService took to complete: 0ms
05-30 22:53:51.270  1217  1217 D SystemServerTiming: OnBootPhase_500_com.android.server.pm.verify.domain.DomainVerificationService
05-30 22:53:51.270  1217  1217 V SystemServerTiming: OnBootPhase_500_com.android.server.pm.verify.domain.DomainVerificationService took to complete: 0ms
05-30 22:53:51.270  1217  1217 D SystemServerTiming: OnBootPhase_500_com.android.server.pm.PackageInstallerService$Lifecycle
05-30 22:53:51.270  1217  1217 V SystemServerTiming: OnBootPhase_500_com.android.server.pm.PackageInstallerService$Lifecycle took to complete: 0ms
05-30 22:53:51.270  1217  1217 D SystemServerTiming: OnBootPhase_500_com.android.server.pm.UserManagerService$LifeCycle
05-30 22:53:51.270  1217  1217 V SystemServerTiming: OnBootPhase_500_com.android.server.pm.UserManagerService$LifeCycle took to complete: 0ms
05-30 22:53:51.270  1217  1217 D SystemServerTiming: OnBootPhase_500_com.android.server.om.OverlayManagerService
05-30 22:53:51.270  1217  1217 V SystemServerTiming: OnBootPhase_500_com.android.server.om.OverlayManagerService took to complete: 0ms
05-30 22:53:51.270  1217  1217 D SystemServerTiming: OnBootPhase_500_com.android.server.resources.ResourcesManagerService
05-30 22:53:51.270  1217  1217 V SystemServerTiming: OnBootPhase_500_com.android.server.resources.ResourcesManagerService took to complete: 0ms
05-30 22:53:51.270  1217  1217 D SystemServerTiming: OnBootPhase_500_com.android.server.sensorprivacy.SensorPrivacyService
05-30 22:53:51.271  1217  1217 V SystemServerTiming: OnBootPhase_500_com.android.server.sensorprivacy.SensorPrivacyService took to complete: 1ms
05-30 22:53:51.271  1217  1217 D SystemServerTiming: OnBootPhase_500_com.android.server.sensors.SensorService
05-30 22:53:51.271  1217  1217 V SystemServerTiming: OnBootPhase_500_com.android.server.sensors.SensorService took to complete: 0ms
05-30 22:53:51.271  1217  1217 D SystemServerTiming: OnBootPhase_500_com.android.server.SystemConfigService
