05-30 22:53:51.423  1217  1432 D SystemServerInitThreadPool: Finished executing Update app-ops uidState in case package com.android.providers.media changed
05-30 22:53:51.423  1217  1432 V SystemServerTimingAsync: InitThreadPoolExec:Update app-ops uidState in case package com.android.providers.media changed took to complete: 0ms
05-30 22:53:51.423  1217  1432 D SystemServerTimingAsync: InitThreadPoolExec:Update app-ops uidState in case package com.android.providers.downloads changed
05-30 22:53:51.423  1217  1431 V SystemServerTimingAsync: InitThreadPoolExec:Update app-ops uidState in case package com.android.gallery3d changed took to complete: 1ms
05-30 22:53:51.423  1217  1445 D SystemServerTimingAsync: InitThreadPoolExec:Update app-ops uidState in case package com.android.providers.calendar changed
05-30 22:53:51.423  1217  1445 D SystemServerInitThreadPool: Started executing Update app-ops uidState in case package com.android.providers.calendar changed
05-30 22:53:51.423  1217  1217 E ActivityManager: Unable to find com.android.networkstack.tethering.overlay/u0
05-30 22:53:51.423  1217  1412 D SystemServerTimingAsync: InitThreadPoolExec:Update app-ops uidState in case package com.android.externalstorage changed
05-30 22:53:51.423  1217  1458 D SystemServerTimingAsync: InitThreadPoolExec:Update app-ops uidState in case package com.android.providers.userdictionary changed
05-30 22:53:51.423  1217  1458 D SystemServerInitThreadPool: Started executing Update app-ops uidState in case package com.android.providers.userdictionary changed
05-30 22:53:51.423  1217  1242 V SystemServerTimingAsync: InitThreadPoolExec:Update app-ops uidState in case package com.android.imsserviceentitlement changed took to complete: 1ms
05-30 22:53:51.423  1217  1432 D SystemServerInitThreadPool: Started executing Update app-ops uidState in case package com.android.providers.downloads changed
05-30 22:53:51.423  1217  1431 D SystemServerTimingAsync: InitThreadPoolExec:Update app-ops uidState in case package com.android.mtp changed
05-30 22:53:51.424  1217  1445 D SystemServerInitThreadPool: Finished executing Update app-ops uidState in case package com.android.providers.calendar changed
05-30 22:53:51.424  1217  1455 D SystemServerTimingAsync: InitThreadPoolExec:Update app-ops uidState in case package com.android.providers.blockednumber changed
05-30 22:53:51.424  1217  1217 E ActivityManager: Unable to find com.mediatek.SettingsProviderResOverlay/u0
05-30 22:53:51.424  1217  1412 D SystemServerInitThreadPool: Started executing Update app-ops uidState in case package com.android.externalstorage changed
05-30 22:53:51.424  1217  1420 D SystemServerInitThreadPool: Started executing Update app-ops uidState in case package com.android.cellbroadcastreceiver changed
05-30 22:53:51.424  1217  1412 D SystemServerInitThreadPool: Finished executing Update app-ops uidState in case package com.android.externalstorage changed
05-30 22:53:51.424  1217  1458 D SystemServerInitThreadPool: Finished executing Update app-ops uidState in case package com.android.providers.userdictionary changed
05-30 22:53:51.424  1217  1420 D SystemServerInitThreadPool: Finished executing Update app-ops uidState in case package com.android.cellbroadcastreceiver changed
05-30 22:53:51.424  1217  1458 V SystemServerTimingAsync: InitThreadPoolExec:Update app-ops uidState in case package com.android.providers.userdictionary changed took to complete: 0ms
05-30 22:53:51.424  1217  1420 V SystemServerTimingAsync: InitThreadPoolExec:Update app-ops uidState in case package com.android.cellbroadcastreceiver changed took to complete: 1ms
05-30 22:53:51.424  1217  1445 V SystemServerTimingAsync: InitThreadPoolExec:Update app-ops uidState in case package com.android.providers.calendar changed took to complete: 0ms
05-30 22:53:51.424  1217  1455 D SystemServerInitThreadPool: Started executing Update app-ops uidState in case package com.android.providers.blockednumber changed
05-30 22:53:51.424  1217  1217 E ActivityManager: Unable to find com.mediatek.systemuiresoverlay/u0
05-30 22:53:51.424  1217  1455 D SystemServerInitThreadPool: Finished executing Update app-ops uidState in case package com.android.providers.blockednumber changed
05-30 22:53:51.424  1217  1458 D SystemServerTimingAsync: InitThreadPoolExec:Update app-ops uidState in case package org.telegram.messenger changed
05-30 22:53:51.424  1217  1420 D SystemServerTimingAsync: InitThreadPoolExec:Update app-ops uidState in case package com.rhmsoft.edit.pro changed
05-30 22:53:51.424  1217  1242 D SystemServerTimingAsync: InitThreadPoolExec:Update app-ops uidState in case package scd.lcex changed
05-30 22:53:51.424  1217  1431 D SystemServerInitThreadPool: Started executing Update app-ops uidState in case package com.android.mtp changed
05-30 22:53:51.424  1217  1412 V SystemServerTimingAsync: InitThreadPoolExec:Update app-ops uidState in case package com.android.externalstorage changed took to complete: 0ms
05-30 22:53:51.424  1217  1432 D SystemServerInitThreadPool: Finished executing Update app-ops uidState in case package com.android.providers.downloads changed
05-30 22:53:51.424  1217  1455 V SystemServerTimingAsync: InitThreadPoolExec:Update app-ops uidState in case package com.android.providers.blockednumber changed took to complete: 1ms
05-30 22:53:51.424  1217  1458 D SystemServerInitThreadPool: Started executing Update app-ops uidState in case package org.telegram.messenger changed
05-30 22:53:51.424  1217  1420 D SystemServerInitThreadPool: Started executing Update app-ops uidState in case package com.rhmsoft.edit.pro changed
05-30 22:53:51.424  1217  1445 D SystemServerTimingAsync: InitThreadPoolExec:Update app-ops uidState in case package org.schabi.newpipe changed
05-30 22:53:51.424  1217  1420 D SystemServerInitThreadPool: Finished executing Update app-ops uidState in case package com.rhmsoft.edit.pro changed
05-30 22:53:51.424  1217  1242 D SystemServerInitThreadPool: Started executing Update app-ops uidState in case package scd.lcex changed
05-30 22:53:51.424  1217  1420 V SystemServerTimingAsync: InitThreadPoolExec:Update app-ops uidState in case package com.rhmsoft.edit.pro changed took to complete: 0ms
05-30 22:53:51.424  1217  1242 D SystemServerInitThreadPool: Finished executing Update app-ops uidState in case package scd.lcex changed
05-30 22:53:51.425  1217  1242 V SystemServerTimingAsync: InitThreadPoolExec:Update app-ops uidState in case package scd.lcex changed took to complete: 0ms
05-30 22:53:51.425  1217  1455 D SystemServerTimingAsync: InitThreadPoolExec:Update app-ops uidState in case package net.sourceforge.opencamera changed
05-30 22:53:51.425  1217  1458 D SystemServerInitThreadPool: Finished executing Update app-ops uidState in case package org.telegram.messenger changed
05-30 22:53:51.425  1217  1445 D SystemServerInitThreadPool: Started executing Update app-ops uidState in case package org.schabi.newpipe changed
05-30 22:53:51.425  1217  1217 E ActivityManager: Unable to find com.android.networkstack.tethering.inprocess.overlay/u0
05-30 22:53:51.425  1217  1412 D SystemServerTimingAsync: InitThreadPoolExec:Update app-ops uidState in case package com.aiunit.aon changed
05-30 22:53:51.425  1217  1445 D SystemServerInitThreadPool: Finished executing Update app-ops uidState in case package org.schabi.newpipe changed
05-30 22:53:51.425  1217  1420 D SystemServerTimingAsync: InitThreadPoolExec:Update app-ops uidState in case package com.termux changed
05-30 22:53:51.425  1217  1431 D SystemServerInitThreadPool: Finished executing Update app-ops uidState in case package com.android.mtp changed
05-30 22:53:51.425  1217  1432 V SystemServerTimingAsync: InitThreadPoolExec:Update app-ops uidState in case package com.android.providers.downloads changed took to complete: 1ms
05-30 22:53:51.425  1217  1242 D SystemServerTimingAsync: InitThreadPoolExec:Update app-ops uidState in case package com.android.shell changed
05-30 22:53:51.425  1217  1455 D SystemServerInitThreadPool: Started executing Update app-ops uidState in case package net.sourceforge.opencamera changed
05-30 22:53:51.425  1217  1458 V SystemServerTimingAsync: InitThreadPoolExec:Update app-ops uidState in case package org.telegram.messenger changed took to complete: 0ms
05-30 22:53:51.425  1217  1455 D SystemServerInitThreadPool: Finished executing Update app-ops uidState in case package net.sourceforge.opencamera changed
05-30 22:53:51.425  1217  1458 D SystemServerTimingAsync: InitThreadPoolExec:Update app-ops uidState in case package com.android.cellbroadcastservice changed
05-30 22:53:51.425  1217  1458 D SystemServerInitThreadPool: Started executing Update app-ops uidState in case package com.android.cellbroadcastservice changed
05-30 22:53:51.425  1217  1412 D SystemServerInitThreadPool: Started executing Update app-ops uidState in case package com.aiunit.aon changed
05-30 22:53:51.425  1217  1420 D SystemServerInitThreadPool: Started executing Update app-ops uidState in case package com.termux changed
05-30 22:53:51.425  1217  1431 V SystemServerTimingAsync: InitThreadPoolExec:Update app-ops uidState in case package com.android.mtp changed took to complete: 2ms
05-30 22:53:51.425  1217  1420 D SystemServerInitThreadPool: Finished executing Update app-ops uidState in case package com.termux changed
05-30 22:53:51.425  1217  1420 V SystemServerTimingAsync: InitThreadPoolExec:Update app-ops uidState in case package com.termux changed took to complete: 1ms
05-30 22:53:51.425  1217  1431 D SystemServerTimingAsync: InitThreadPoolExec:Update app-ops uidState in case package com.android.networkstack.tethering changed
05-30 22:53:51.425  1217  1242 D SystemServerInitThreadPool: Started executing Update app-ops uidState in case package com.android.shell changed
05-30 22:53:51.425  1217  1242 D SystemServerInitThreadPool: Finished executing Update app-ops uidState in case package com.android.shell changed
05-30 22:53:51.425  1217  1242 V SystemServerTimingAsync: InitThreadPoolExec:Update app-ops uidState in case package com.android.shell changed took to complete: 0ms
05-30 22:53:51.425  1217  1242 D SystemServerTimingAsync: InitThreadPoolExec:Update app-ops uidState in case package com.android.bluetooth changed
05-30 22:53:51.425  1217  1217 E ActivityManager: Unable to find com.android.wifi.resources.overlay/u0
05-30 22:53:51.425  1217  1445 V SystemServerTimingAsync: InitThreadPoolExec:Update app-ops uidState in case package org.schabi.newpipe changed took to complete: 0ms
05-30 22:53:51.426  1217  1455 V SystemServerTimingAsync: InitThreadPoolExec:Update app-ops uidState in case package net.sourceforge.opencamera changed took to complete: 1ms
05-30 22:53:51.426  1217  1458 D SystemServerInitThreadPool: Finished executing Update app-ops uidState in case package com.android.cellbroadcastservice changed
05-30 22:53:51.426  1217  1458 V SystemServerTimingAsync: InitThreadPoolExec:Update app-ops uidState in case package com.android.cellbroadcastservice changed took to complete: 0ms
05-30 22:53:51.426  1217  1412 D SystemServerInitThreadPool: Finished executing Update app-ops uidState in case package com.aiunit.aon changed
05-30 22:53:51.426  1217  1412 V SystemServerTimingAsync: InitThreadPoolExec:Update app-ops uidState in case package com.aiunit.aon changed took to complete: 1ms
05-30 22:53:51.426  1217  1420 D SystemServerTimingAsync: InitThreadPoolExec:Update app-ops uidState in case package com.android.nfc changed
05-30 22:53:51.426  1217  1242 D SystemServerInitThreadPool: Started executing Update app-ops uidState in case package com.android.bluetooth changed
05-30 22:53:51.426  1217  1217 E ActivityManager: Unable to find com.ancient.systemuioverlay/u0
05-30 22:53:51.426  1217  1242 D SystemServerInitThreadPool: Finished executing Update app-ops uidState in case package com.android.bluetooth changed
05-30 22:53:51.426  1217  1455 D SystemServerTimingAsync: InitThreadPoolExec:Update app-ops uidState in case package com.android.ons changed
05-30 22:53:51.426  1217  1217 E ActivityManager: Unable to find com.google.android.networkstack.tethering.overlay/u0
05-30 22:53:51.426  1217  1432 D SystemServerTimingAsync: InitThreadPoolExec:Update app-ops uidState in case package com.android.networkstack changed
05-30 22:53:51.426  1217  1432 D SystemServerInitThreadPool: Started executing Update app-ops uidState in case package com.android.networkstack changed
05-30 22:53:51.426  1217  1431 D SystemServerInitThreadPool: Started executing Update app-ops uidState in case package com.android.networkstack.tethering changed
05-30 22:53:51.426  1217  1432 D SystemServerInitThreadPool: Finished executing Update app-ops uidState in case package com.android.networkstack changed
05-30 22:53:51.426  1217  1412 D SystemServerTimingAsync: InitThreadPoolExec:Update app-ops uidState in case package com.android.phone changed
05-30 22:53:51.426  1217  1431 D SystemServerInitThreadPool: Finished executing Update app-ops uidState in case package com.android.networkstack.tethering changed
05-30 22:53:51.426  1217  1420 D SystemServerInitThreadPool: Started executing Update app-ops uidState in case package com.android.nfc changed
05-30 22:53:51.426  1217  1445 D SystemServerTimingAsync: InitThreadPoolExec:Update app-ops uidState in case package com.mediatek.ims changed
05-30 22:53:51.426  1217  1242 V SystemServerTimingAsync: InitThreadPoolExec:Update app-ops uidState in case package com.android.bluetooth changed took to complete: 1ms
05-30 22:53:51.426  1217  1455 D SystemServerInitThreadPool: Started executing Update app-ops uidState in case package com.android.ons changed
05-30 22:53:51.426  1217  1217 E ActivityManager: Unable to find com.mediatek.cellbroadcastuiresoverlay/u0
05-30 22:53:51.426  1217  1455 D SystemServerInitThreadPool: Finished executing Update app-ops uidState in case package com.android.ons changed
05-30 22:53:51.426  1217  1432 V SystemServerTimingAsync: InitThreadPoolExec:Update app-ops uidState in case package com.android.networkstack changed took to complete: 0ms
05-30 22:53:51.426  1217  1412 D SystemServerInitThreadPool: Started executing Update app-ops uidState in case package com.android.phone changed
05-30 22:53:51.426  1217  1431 V SystemServerTimingAsync: InitThreadPoolExec:Update app-ops uidState in case package com.android.networkstack.tethering changed took to complete: 1ms
05-30 22:53:51.426  1217  1420 D SystemServerInitThreadPool: Finished executing Update app-ops uidState in case package com.android.nfc changed
05-30 22:53:51.426  1217  1445 D SystemServerInitThreadPool: Started executing Update app-ops uidState in case package com.mediatek.ims changed
05-30 22:53:51.427  1217  1242 D SystemServerTimingAsync: InitThreadPoolExec:Update app-ops uidState in case package com.android.dynsystem changed
05-30 22:53:51.427  1217  1458 D SystemServerTimingAsync: InitThreadPoolExec:Update app-ops uidState in case package com.android.service.ims changed
05-30 22:53:51.427  1217  1217 E ActivityManager: Unable to find com.android.networkstack.inprocess.overlay/u0
05-30 22:53:51.427  1217  1217 E ActivityManager: Unable to find android.frameworkres.overlay.display.product/u0
05-30 22:53:51.427  1217  1217 E ActivityManager: Unable to find com.android.wifi.resources.ivan/u0
05-30 22:53:51.427  1217  1432 D SystemServerTimingAsync: InitThreadPoolExec:Update app-ops uidState in case package android changed
05-30 22:53:51.427  1217  1217 E ActivityManager: Unable to find android.frameworkres.overlay.display.odm/u0
05-30 22:53:51.427  1217  1432 D SystemServerInitThreadPool: Started executing Update app-ops uidState in case package android changed
05-30 22:53:51.427  1217  1431 D SystemServerTimingAsync: InitThreadPoolExec:Update app-ops uidState in case package org.lineageos.settings.doze changed
05-30 22:53:51.427  1217  1420 V SystemServerTimingAsync: InitThreadPoolExec:Update app-ops uidState in case package com.android.nfc changed took to complete: 1ms
05-30 22:53:51.427  1217  1217 E ActivityManager: Unable to find com.realme.doze.overlay_system/u0
05-30 22:53:51.427  1217  1432 D SystemServerInitThreadPool: Finished executing Update app-ops uidState in case package android changed
05-30 22:53:51.427  1217  1242 D SystemServerInitThreadPool: Started executing Update app-ops uidState in case package com.android.dynsystem changed
05-30 22:53:51.427  1217  1242 D SystemServerInitThreadPool: Finished executing Update app-ops uidState in case package com.android.dynsystem changed
05-30 22:53:51.427  1217  1242 V SystemServerTimingAsync: InitThreadPoolExec:Update app-ops uidState in case package com.android.dynsystem changed took to complete: 1ms
05-30 22:53:51.427  1217  1242 D SystemServerTimingAsync: InitThreadPoolExec:Update app-ops uidState in case package com.android.providers.settings changed
05-30 22:53:51.427  1217  1242 D SystemServerInitThreadPool: Started executing Update app-ops uidState in case package com.android.providers.settings changed
05-30 22:53:51.427  1217  1242 D SystemServerInitThreadPool: Finished executing Update app-ops uidState in case package com.android.providers.settings changed
05-30 22:53:51.427  1217  1242 V SystemServerTimingAsync: InitThreadPoolExec:Update app-ops uidState in case package com.android.providers.settings changed took to complete: 0ms
05-30 22:53:51.427  1217  1242 D SystemServerTimingAsync: InitThreadPoolExec:Update app-ops uidState in case package com.android.inputdevices changed
05-30 22:53:51.427  1217  1242 D SystemServerInitThreadPool: Started executing Update app-ops uidState in case package com.android.inputdevices changed
05-30 22:53:51.427  1217  1242 D SystemServerInitThreadPool: Finished executing Update app-ops uidState in case package com.android.inputdevices changed
05-30 22:53:51.427  1217  1242 V SystemServerTimingAsync: InitThreadPoolExec:Update app-ops uidState in case package com.android.inputdevices changed took to complete: 0ms
05-30 22:53:51.427  1217  1242 D SystemServerTimingAsync: InitThreadPoolExec:Update app-ops uidState in case package com.android.server.telecom changed
05-30 22:53:51.427  1217  1242 D SystemServerInitThreadPool: Started executing Update app-ops uidState in case package com.android.server.telecom changed
05-30 22:53:51.427  1217  1242 D SystemServerInitThreadPool: Finished executing Update app-ops uidState in case package com.android.server.telecom changed
05-30 22:53:51.427  1217  1242 V SystemServerTimingAsync: InitThreadPoolExec:Update app-ops uidState in case package com.android.server.telecom changed took to complete: 0ms
05-30 22:53:51.427  1217  1242 D SystemServerTimingAsync: InitThreadPoolExec:Update app-ops uidState in case package com.android.keychain changed
05-30 22:53:51.427  1217  1242 D SystemServerInitThreadPool: Started executing Update app-ops uidState in case package com.android.keychain changed
05-30 22:53:51.427  1217  1242 D SystemServerInitThreadPool: Finished executing Update app-ops uidState in case package com.android.keychain changed
05-30 22:53:51.427  1217  1242 V SystemServerTimingAsync: InitThreadPoolExec:Update app-ops uidState in case package com.android.keychain changed took to complete: 0ms
05-30 22:53:51.427  1217  1242 D SystemServerTimingAsync: InitThreadPoolExec:Update app-ops uidState in case package com.android.localtransport changed
05-30 22:53:51.427  1217  1242 D SystemServerInitThreadPool: Started executing Update app-ops uidState in case package com.android.localtransport changed
05-30 22:53:51.427  1217  1242 D SystemServerInitThreadPool: Finished executing Update app-ops uidState in case package com.android.localtransport changed
05-30 22:53:51.427  1217  1242 V SystemServerTimingAsync: InitThreadPoolExec:Update app-ops uidState in case package com.android.localtransport changed took to complete: 0ms
05-30 22:53:51.427  1217  1242 D SystemServerTimingAsync: InitThreadPoolExec:Update app-ops uidState in case package com.android.settings changed
05-30 22:53:51.427  1217  1242 D SystemServerInitThreadPool: Started executing Update app-ops uidState in case package com.android.settings changed
05-30 22:53:51.427  1217  1242 D SystemServerInitThreadPool: Finished executing Update app-ops uidState in case package com.android.settings changed
05-30 22:53:51.427  1217  1242 V SystemServerTimingAsync: InitThreadPoolExec:Update app-ops uidState in case package com.android.settings changed took to complete: 0ms
05-30 22:53:51.427  1217  1242 D SystemServerTimingAsync: InitThreadPoolExec:Update app-ops uidState in case package org.lineageos.mediatek.incallservice changed
05-30 22:53:51.428  1217  1242 D SystemServerInitThreadPool: Started executing Update app-ops uidState in case package org.lineageos.mediatek.incallservice changed
05-30 22:53:51.428  1217  1242 D SystemServerInitThreadPool: Finished executing Update app-ops uidState in case package org.lineageos.mediatek.incallservice changed
05-30 22:53:51.428  1217  1242 V SystemServerTimingAsync: InitThreadPoolExec:Update app-ops uidState in case package org.lineageos.mediatek.incallservice changed took to complete: 0ms
05-30 22:53:51.428  1217  1242 D SystemServerTimingAsync: InitThreadPoolExec:Update app-ops uidState in case package org.lineageos.lineageparts changed
05-30 22:53:51.428  1217  1242 D SystemServerInitThreadPool: Started executing Update app-ops uidState in case package org.lineageos.lineageparts changed
05-30 22:53:51.428  1217  1458 D SystemServerInitThreadPool: Started executing Update app-ops uidState in case package com.android.service.ims changed
05-30 22:53:51.428  1217  1242 D SystemServerInitThreadPool: Finished executing Update app-ops uidState in case package org.lineageos.lineageparts changed
05-30 22:53:51.428  1217  1242 V SystemServerTimingAsync: InitThreadPoolExec:Update app-ops uidState in case package org.lineageos.lineageparts changed took to complete: 0ms
05-30 22:53:51.428  1217  1412 D SystemServerInitThreadPool: Finished executing Update app-ops uidState in case package com.android.phone changed
05-30 22:53:51.428  1217  1431 D SystemServerInitThreadPool: Started executing Update app-ops uidState in case package org.lineageos.settings.doze changed
05-30 22:53:51.428  1217  1420 D SystemServerTimingAsync: InitThreadPoolExec:Update app-ops uidState in case package org.lineageos.setupwizard changed
05-30 22:53:51.428  1217  1431 D SystemServerInitThreadPool: Finished executing Update app-ops uidState in case package org.lineageos.settings.doze changed
05-30 22:53:51.428  1217  1432 V SystemServerTimingAsync: InitThreadPoolExec:Update app-ops uidState in case package android changed took to complete: 1ms
05-30 22:53:51.428  1217  1432 D SystemServerTimingAsync: InitThreadPoolExec:Update app-ops uidState in case package lineageos.platform changed
05-30 22:53:51.428  1217  1455 V SystemServerTimingAsync: InitThreadPoolExec:Update app-ops uidState in case package com.android.ons changed took to complete: 0ms
05-30 22:53:51.428  1217  1458 D SystemServerInitThreadPool: Finished executing Update app-ops uidState in case package com.android.service.ims changed
05-30 22:53:51.428  1217  1458 V SystemServerTimingAsync: InitThreadPoolExec:Update app-ops uidState in case package com.android.service.ims changed took to complete: 2ms
05-30 22:53:51.428  1217  1242 D SystemServerTimingAsync: InitThreadPoolExec:Update app-ops uidState in case package org.lineageos.lineagesettings changed
05-30 22:53:51.428  1217  1412 V SystemServerTimingAsync: InitThreadPoolExec:Update app-ops uidState in case package com.android.phone changed took to complete: 1ms
05-30 22:53:51.428  1217  1445 D SystemServerInitThreadPool: Finished executing Update app-ops uidState in case package com.mediatek.ims changed
05-30 22:53:51.428  1217  1420 D SystemServerInitThreadPool: Started executing Update app-ops uidState in case package org.lineageos.setupwizard changed
05-30 22:53:51.428  1217  1420 D SystemServerInitThreadPool: Finished executing Update app-ops uidState in case package org.lineageos.setupwizard changed
05-30 22:53:51.428  1217  1420 V SystemServerTimingAsync: InitThreadPoolExec:Update app-ops uidState in case package org.lineageos.setupwizard changed took to complete: 1ms
05-30 22:53:51.428  1217  1217 E ActivityManager: Unable to find com.ancient.telephonyoverlay/u0
05-30 22:53:51.428  1217  1431 V SystemServerTimingAsync: InitThreadPoolExec:Update app-ops uidState in case package org.lineageos.settings.doze changed took to complete: 1ms
05-30 22:53:51.428  1217  1432 D SystemServerInitThreadPool: Started executing Update app-ops uidState in case package lineageos.platform changed
05-30 22:53:51.428  1217  1455 D SystemServerTimingAsync: InitThreadPoolExec:Update app-ops uidState in case package com.android.wallpaperbackup changed
05-30 22:53:51.428  1217  1217 E ActivityManager: Unable to find org.lineageos.settings.doze.overlay/u0
05-30 22:53:51.428  1217  1242 D SystemServerInitThreadPool: Started executing Update app-ops uidState in case package org.lineageos.lineagesettings changed
05-30 22:53:51.428  1217  1445 V SystemServerTimingAsync: InitThreadPoolExec:Update app-ops uidState in case package com.mediatek.ims changed took to complete: 2ms
05-30 22:53:51.428  1217  1242 D SystemServerInitThreadPool: Finished executing Update app-ops uidState in case package org.lineageos.lineagesettings changed
05-30 22:53:51.428  1217  1242 V SystemServerTimingAsync: InitThreadPoolExec:Update app-ops uidState in case package org.lineageos.lineagesettings changed took to complete: 0ms
05-30 22:53:51.428  1217  1458 D SystemServerTimingAsync: InitThreadPoolExec:Update app-ops uidState in case package com.android.location.fused changed
05-30 22:53:51.429  1217  1217 E ActivityManager: Unable to find com.mediatek.frameworkresoverlay/u0
05-30 22:53:51.429  1217  1455 D SystemServerInitThreadPool: Started executing Update app-ops uidState in case package com.android.wallpaperbackup changed
05-30 22:53:51.429  1217  1217 E ActivityManager: Unable to find com.android.networkstack.tethering.ivan/u0
05-30 22:53:51.429  1217  1432 D SystemServerInitThreadPool: Finished executing Update app-ops uidState in case package lineageos.platform changed
05-30 22:53:51.429  1217  1455 D SystemServerInitThreadPool: Finished executing Update app-ops uidState in case package com.android.wallpaperbackup changed
05-30 22:53:51.429  1217  1217 E ActivityManager: Unable to find com.ancient.frameworkresoverlay/u0
05-30 22:53:51.429  1217  1458 D SystemServerInitThreadPool: Started executing Update app-ops uidState in case package com.android.location.fused changed
05-30 22:53:51.429  1217  1432 V SystemServerTimingAsync: InitThreadPoolExec:Update app-ops uidState in case package lineageos.platform changed took to complete: 1ms
05-30 22:53:51.429  1217  1455 V SystemServerTimingAsync: InitThreadPoolExec:Update app-ops uidState in case package com.android.wallpaperbackup changed took to complete: 0ms
05-30 22:53:51.429  1217  1217 E ActivityManager: Unable to find id.my.oneplus.mtkims_telephony/u0
05-30 22:53:51.429  1217  1458 D SystemServerInitThreadPool: Finished executing Update app-ops uidState in case package com.android.location.fused changed
05-30 22:53:51.429  1217  1458 V SystemServerTimingAsync: InitThreadPoolExec:Update app-ops uidState in case package com.android.location.fused changed took to complete: 1ms
05-30 22:53:51.429  1217  1217 E ActivityManager: Unable to find com.mediatek.mt6877.gamedriver/u0
05-30 22:53:51.429  1217  1217 E ActivityManager: Unable to find com.realme.doze.overlay_systemui/u0
05-30 22:53:51.429  1217  1217 E ActivityManager: Unable to find com.mediatek.FrameworkResOverlayExt/u0
05-30 22:53:51.429  1217  1217 E ActivityManager: Unable to find id.my.oneplus.mtkims/u0
05-30 22:53:51.430  1217  1217 E ActivityManager: Unable to find com.ancient.settingsoverlay/u0
05-30 22:53:51.430  1217  1217 E ActivityManager: Unable to find com.google.android.networkstack.overlay/u0
05-30 22:53:51.430  1217  1217 E ActivityManager: Unable to find com.android.wifi.mainline.resources.overlay/u0
05-30 22:53:51.430  1217  1217 E ActivityManager: Unable to find com.android.carrierconfig.overlay/u0
05-30 22:53:51.430  1217  1217 E ActivityManager: Unable to find org.lineageos.settings.besloudness.auto_generated_rro_product__/u0
05-30 22:53:51.430  1217  1217 E ActivityManager: Unable to find org.lineageos.settings.besloudness/u0
05-30 22:53:51.432  1217  1217 V SystemServerTiming: controllersReady took to complete: 17ms
05-30 22:53:51.433  1217  1217 D SystemServerTiming: killProcesses
05-30 22:53:51.433  1217  1217 V SystemServerTiming: killProcesses took to complete: 0ms
05-30 22:53:51.433  1217  1217 I ActivityManager: System now ready
05-30 22:53:51.433  1217  1217 D SystemServerTiming: updateTopComponentForFactoryTest
05-30 22:53:51.433  1217  1217 V SystemServerTiming: updateTopComponentForFactoryTest took to complete: 0ms
05-30 22:53:51.433  1217  1217 D SystemServerTiming: registerActivityLaunchObserver
05-30 22:53:51.433  1217  1217 V SystemServerTiming: registerActivityLaunchObserver took to complete: 0ms
05-30 22:53:51.433  1217  1217 D SystemServerTiming: watchDeviceProvisioning
05-30 22:53:51.436  1217  1217 V SystemServerTiming: watchDeviceProvisioning took to complete: 2ms
05-30 22:53:51.436  1217  1217 D SystemServerTiming: retrieveSettings
05-30 22:53:51.437  1217  1217 I ActivityTaskManager: Config changes=10000100 {1.0 ?mcc?mnc [en_US] ldltr sw360dp w360dp h762dp 480dpi nrml long port night finger -keyb/v/h -nav/h winConfig={ mBounds=Rect(0, 0 - 1080, 2400) mAppBounds=Rect(0, 115 - 1080, 2400) mMaxBounds=Rect(0, 0 - 1080, 2400) mDisplayRotation=ROTATION_0 mWindowingMode=fullscreen mDisplayWindowingMode=fullscreen mActivityType=undefined mAlwaysOnTop=undefined mRotation=ROTATION_0} s.10 fontWeightAdjustment=0}
05-30 22:53:51.437  1217  1217 I WindowManager: Override config changes=10000100 {1.0 ?mcc?mnc [en_US] ldltr sw360dp w360dp h762dp 480dpi nrml long port night finger -keyb/v/h -nav/h winConfig={ mBounds=Rect(0, 0 - 1080, 2400) mAppBounds=Rect(0, 115 - 1080, 2400) mMaxBounds=Rect(0, 0 - 1080, 2400) mDisplayRotation=ROTATION_0 mWindowingMode=fullscreen mDisplayWindowingMode=fullscreen mActivityType=undefined mAlwaysOnTop=undefined mRotation=ROTATION_0} s.10 fontWeightAdjustment=0} for displayId=0
05-30 22:53:51.440  1217  1217 V SystemServerTiming: retrieveSettings took to complete: 5ms
05-30 22:53:51.440  1217  1217 D SystemServerTiming: Ugm.onSystemReady
05-30 22:53:51.442  1217  1217 V SystemServerTiming: Ugm.onSystemReady took to complete: 2ms
05-30 22:53:51.442  1217  1217 D SystemServerTiming: updateForceBackgroundCheck
05-30 22:53:51.442  1217  1217 V SystemServerTiming: updateForceBackgroundCheck took to complete: 0ms
05-30 22:53:51.442  1217  1217 I SystemServer: Making services ready
05-30 22:53:51.442  1217  1217 D SystemServerTiming: StartActivityManagerReadyPhase
05-30 22:53:51.442  1217  1217 I SystemServiceManager: Starting phase 550
05-30 22:53:51.442  1217  1217 D SystemServerTiming: OnBootPhase_550
05-30 22:53:51.442  1217  1217 D SystemServerTiming: OnBootPhase_550_com.android.server.security.FileIntegrityService
05-30 22:53:51.442  1217  1217 V SystemServerTiming: OnBootPhase_550_com.android.server.security.FileIntegrityService took to complete: 0ms
05-30 22:53:51.442  1217  1217 D SystemServerTiming: OnBootPhase_550_com.android.server.pm.Installer
05-30 22:53:51.442  1217  1217 V SystemServerTiming: OnBootPhase_550_com.android.server.pm.Installer took to complete: 0ms
05-30 22:53:51.442  1217  1217 D SystemServerTiming: OnBootPhase_550_com.android.server.os.DeviceIdentifiersPolicyService
05-30 22:53:51.442  1217  1217 V SystemServerTiming: OnBootPhase_550_com.android.server.os.DeviceIdentifiersPolicyService took to complete: 0ms
05-30 22:53:51.442  1217  1217 D SystemServerTiming: OnBootPhase_550_com.android.server.uri.UriGrantsManagerService$Lifecycle
05-30 22:53:51.442  1217  1217 V SystemServerTiming: OnBootPhase_550_com.android.server.uri.UriGrantsManagerService$Lifecycle took to complete: 0ms
05-30 22:53:51.442  1217  1217 D SystemServerTiming: OnBootPhase_550_com.android.server.powerstats.PowerStatsService
05-30 22:53:51.442  1217  1217 V SystemServerTiming: OnBootPhase_550_com.android.server.powerstats.PowerStatsService took to complete: 0ms
05-30 22:53:51.442  1217  1217 D SystemServerTiming: OnBootPhase_550_com.android.server.wm.ActivityTaskManagerService$Lifecycle
05-30 22:53:51.442  1217  1217 V SystemServerTiming: OnBootPhase_550_com.android.server.wm.ActivityTaskManagerService$Lifecycle took to complete: 0ms
05-30 22:53:51.442  1217  1217 D SystemServerTiming: OnBootPhase_550_com.android.server.am.ActivityManagerService$Lifecycle
05-30 22:53:51.443  1217  1217 V SystemServerTiming: OnBootPhase_550_com.android.server.am.ActivityManagerService$Lifecycle took to complete: 1ms
05-30 22:53:51.443  1217  1217 D SystemServerTiming: OnBootPhase_550_com.android.server.pm.DataLoaderManagerService
05-30 22:53:51.443  1217  1217 V SystemServerTiming: OnBootPhase_550_com.android.server.pm.DataLoaderManagerService took to complete: 0ms
05-30 22:53:51.443  1217  1217 D SystemServerTiming: OnBootPhase_550_com.android.server.power.PowerManagerService
05-30 22:53:51.443  1217  1217 V SystemServerTiming: OnBootPhase_550_com.android.server.power.PowerManagerService took to complete: 0ms
05-30 22:53:51.443  1217  1217 D SystemServerTiming: OnBootPhase_550_com.android.server.power.ThermalManagerService
05-30 22:53:51.445  1217  1217 I ThermalHalWrapper: Thermal HAL 2.0 service connected.
05-30 22:53:51.448  1217  1217 V SystemServerTiming: OnBootPhase_550_com.android.server.power.ThermalManagerService took to complete: 5ms
05-30 22:53:51.448  1217  1217 D SystemServerTiming: OnBootPhase_550_com.android.server.power.hint.HintManagerService
05-30 22:53:51.448  1217  1217 V SystemServerTiming: OnBootPhase_550_com.android.server.power.hint.HintManagerService took to complete: 0ms
05-30 22:53:51.448  1217  1217 D SystemServerTiming: OnBootPhase_550_com.android.server.recoverysystem.RecoverySystemService$Lifecycle
05-30 22:53:51.448  1217  1217 V SystemServerTiming: OnBootPhase_550_com.android.server.recoverysystem.RecoverySystemService$Lifecycle took to complete: 0ms
05-30 22:53:51.448  1217  1217 D SystemServerTiming: OnBootPhase_550_com.android.server.lights.LightsService
05-30 22:53:51.448  1217  1217 V SystemServerTiming: OnBootPhase_550_com.android.server.lights.LightsService took to complete: 0ms
05-30 22:53:51.448  1217  1217 D SystemServerTiming: OnBootPhase_550_com.android.server.display.DisplayManagerService
05-30 22:53:51.448  1217  1217 V SystemServerTiming: OnBootPhase_550_com.android.server.display.DisplayManagerService took to complete: 0ms
05-30 22:53:51.448  1217  1217 D SystemServerTiming: OnBootPhase_550_com.android.server.pm.verify.domain.DomainVerificationService
05-30 22:53:51.448  1217  1217 V SystemServerTiming: OnBootPhase_550_com.android.server.pm.verify.domain.DomainVerificationService took to complete: 0ms
05-30 22:53:51.448  1217  1217 D SystemServerTiming: OnBootPhase_550_com.android.server.pm.PackageInstallerService$Lifecycle
05-30 22:53:51.448  1217  1217 V SystemServerTiming: OnBootPhase_550_com.android.server.pm.PackageInstallerService$Lifecycle took to complete: 0ms
05-30 22:53:51.448  1217  1217 D SystemServerTiming: OnBootPhase_550_com.android.server.pm.UserManagerService$LifeCycle
05-30 22:53:51.448  1217  1217 V SystemServerTiming: OnBootPhase_550_com.android.server.pm.UserManagerService$LifeCycle took to complete: 0ms
05-30 22:53:51.448  1217  1217 D SystemServerTiming: OnBootPhase_550_com.android.server.om.OverlayManagerService
05-30 22:53:51.448  1217  1217 V SystemServerTiming: OnBootPhase_550_com.android.server.om.OverlayManagerService took to complete: 0ms
05-30 22:53:51.448  1217  1217 D SystemServerTiming: OnBootPhase_550_com.android.server.resources.ResourcesManagerService
05-30 22:53:51.448  1217  1217 V SystemServerTiming: OnBootPhase_550_com.android.server.resources.ResourcesManagerService took to complete: 0ms
05-30 22:53:51.448  1217  1217 D SystemServerTiming: OnBootPhase_550_com.android.server.sensorprivacy.SensorPrivacyService
05-30 22:53:51.449  1217  1217 V SystemServerTiming: OnBootPhase_550_com.android.server.sensorprivacy.SensorPrivacyService took to complete: 1ms
05-30 22:53:51.449  1217  1217 D SystemServerTiming: OnBootPhase_550_com.android.server.sensors.SensorService
05-30 22:53:51.449  1217  1217 V SystemServerTiming: OnBootPhase_550_com.android.server.sensors.SensorService took to complete: 0ms
05-30 22:53:51.449  1217  1217 D SystemServerTiming: OnBootPhase_550_com.android.server.SystemConfigService
05-30 22:53:51.449  1217  1217 V SystemServerTiming: OnBootPhase_550_com.android.server.SystemConfigService took to complete: 0ms
05-30 22:53:51.449  1217  1217 D SystemServerTiming: OnBootPhase_550_com.android.server.BatteryService
05-30 22:53:51.449  1217  1217 V SystemServerTiming: OnBootPhase_550_com.android.server.BatteryService took to complete: 0ms
05-30 22:53:51.449  1217  1217 D SystemServerTiming: OnBootPhase_550_com.android.server.usage.UsageStatsService
05-30 22:53:51.449  1217  1217 V SystemServerTiming: OnBootPhase_550_com.android.server.usage.UsageStatsService took to complete: 0ms
05-30 22:53:51.449  1217  1217 D SystemServerTiming: OnBootPhase_550_com.android.server.webkit.WebViewUpdateService
05-30 22:53:51.449  1217  1217 V SystemServerTiming: OnBootPhase_550_com.android.server.webkit.WebViewUpdateService took to complete: 0ms
05-30 22:53:51.449  1217  1217 D SystemServerTiming: OnBootPhase_550_com.android.server.CachedDeviceStateService
05-30 22:53:51.450  1217  1217 V SystemServerTiming: OnBootPhase_550_com.android.server.CachedDeviceStateService took to complete: 0ms
05-30 22:53:51.450  1217  1217 D SystemServerTiming: OnBootPhase_550_com.android.server.BinderCallsStatsService$LifeCycle
05-30 22:53:51.450  1217  1217 V SystemServerTiming: OnBootPhase_550_com.android.server.BinderCallsStatsService$LifeCycle took to complete: 0ms
05-30 22:53:51.450  1217  1217 D SystemServerTiming: OnBootPhase_550_com.android.server.LooperStatsService$Lifecycle
05-30 22:53:51.450  1217  1217 V SystemServerTiming: OnBootPhase_550_com.android.server.LooperStatsService$Lifecycle took to complete: 0ms
05-30 22:53:51.450  1217  1217 D SystemServerTiming: OnBootPhase_550_com.android.server.rollback.RollbackManagerService
05-30 22:53:51.450  1217  1217 V SystemServerTiming: OnBootPhase_550_com.android.server.rollback.RollbackManagerService took to complete: 0ms
05-30 22:53:51.450  1217  1217 D SystemServerTiming: OnBootPhase_550_com.android.server.os.NativeTombstoneManagerService
05-30 22:53:51.450  1217  1217 V SystemServerTiming: OnBootPhase_550_com.android.server.os.NativeTombstoneManagerService took to complete: 0ms
05-30 22:53:51.450  1217  1217 D SystemServerTiming: OnBootPhase_550_com.android.server.os.BugreportManagerService
05-30 22:53:51.450  1217  1217 V SystemServerTiming: OnBootPhase_550_com.android.server.os.BugreportManagerService took to complete: 0ms
05-30 22:53:51.450  1217  1217 D SystemServerTiming: OnBootPhase_550_com.android.server.gpu.GpuService
05-30 22:53:51.450  1217  1217 V SystemServerTiming: OnBootPhase_550_com.android.server.gpu.GpuService took to complete: 0ms
05-30 22:53:51.450  1217  1217 D SystemServerTiming: OnBootPhase_550_com.android.server.security.KeyChainSystemService
05-30 22:53:51.450  1217  1217 V SystemServerTiming: OnBootPhase_550_com.android.server.security.KeyChainSystemService took to complete: 0ms
05-30 22:53:51.450  1217  1217 D SystemServerTiming: OnBootPhase_550_com.android.server.BinaryTransparencyService
05-30 22:53:51.450  1217  1217 V SystemServerTiming: OnBootPhase_550_com.android.server.BinaryTransparencyService took to complete: 0ms
05-30 22:53:51.450  1217  1217 D SystemServerTiming: OnBootPhase_550_com.android.server.telecom.TelecomLoaderService
05-30 22:53:51.451  1217  1217 W ActivityManager: Too early to start/bind service in system_server: Phase=550 ComponentInfo{com.android.server.telecom/com.android.server.telecom.components.TelecomService}
05-30 22:53:51.451  1217  1217 D CompatibilityChangeReporter: Compat change id reported: 168419799; UID 1000; state: DISABLED
05-30 22:53:51.451  1217  1217 D CompatibilityChangeReporter: Compat change id reported: 273564678; UID 1000; state: DISABLED
05-30 22:53:51.452  1217  1217 W ActivityManager: Too early to start/bind service in system_server: Phase=550 ComponentInfo{com.android.server.telecom/com.android.server.telecom.components.TelecomService}
05-30 22:53:51.452  1217  1217 V SystemServerTiming: OnBootPhase_550_com.android.server.telecom.TelecomLoaderService took to complete: 1ms
05-30 22:53:51.452  1217  1217 D SystemServerTiming: OnBootPhase_550_com.android.server.accounts.AccountManagerService$Lifecycle
05-30 22:53:51.452  1217  1217 V SystemServerTiming: OnBootPhase_550_com.android.server.accounts.AccountManagerService$Lifecycle took to complete: 0ms
05-30 22:53:51.452  1217  1217 D SystemServerTiming: OnBootPhase_550_com.android.server.content.ContentService$Lifecycle
05-30 22:53:51.454  1217  1430 E NativeTombstoneManager: Tombstone's UID (1027) not an app, ignoring
05-30 22:53:51.455  1217  1430 E NativeTombstoneManager: Tombstone's UID (1027) not an app, ignoring
05-30 22:53:51.457  1217  1430 E NativeTombstoneManager: Tombstone's UID (1027) not an app, ignoring
05-30 22:53:51.458  1217  1430 E NativeTombstoneManager: Tombstone's UID (1027) not an app, ignoring
05-30 22:53:51.461  1217  1430 E NativeTombstoneManager: Tombstone's UID (1027) not an app, ignoring
05-30 22:53:51.461  1217  1430 E NativeTombstoneManager: Tombstone's UID (1027) not an app, ignoring
05-30 22:53:51.462  1217  1430 E NativeTombstoneManager: Tombstone's UID (1027) not an app, ignoring
05-30 22:53:51.462  1217  1430 E NativeTombstoneManager: Tombstone's UID (1027) not an app, ignoring
05-30 22:53:51.463  1217  1430 E NativeTombstoneManager: Tombstone's UID (1027) not an app, ignoring
05-30 22:53:51.463  1217  1430 E NativeTombstoneManager: Tombstone's UID (1027) not an app, ignoring
05-30 22:53:51.463  1217  1430 E NativeTombstoneManager: Tombstone's UID (1027) not an app, ignoring
05-30 22:53:51.463  1217  1430 E NativeTombstoneManager: Tombstone's UID (1027) not an app, ignoring
05-30 22:53:51.464  1217  1430 E NativeTombstoneManager: Tombstone's UID (1027) not an app, ignoring
05-30 22:53:51.464  1217  1430 E NativeTombstoneManager: Tombstone's UID (1027) not an app, ignoring
05-30 22:53:51.464  1217  1430 E NativeTombstoneManager: Tombstone's UID (1027) not an app, ignoring
05-30 22:53:51.464  1217  1430 E NativeTombstoneManager: Tombstone's UID (1027) not an app, ignoring
05-30 22:53:51.465  1217  1430 E NativeTombstoneManager: Tombstone's UID (1027) not an app, ignoring
05-30 22:53:51.465  1217  1430 E NativeTombstoneManager: Tombstone's UID (1027) not an app, ignoring
05-30 22:53:51.465  1217  1430 E NativeTombstoneManager: Tombstone's UID (1027) not an app, ignoring
05-30 22:53:51.465  1217  1430 E NativeTombstoneManager: Tombstone's UID (1027) not an app, ignoring
05-30 22:53:51.466  1217  1430 E NativeTombstoneManager: Tombstone's UID (1027) not an app, ignoring
05-30 22:53:51.466  1217  1430 E NativeTombstoneManager: Tombstone's UID (1027) not an app, ignoring
05-30 22:53:51.466  1217  1430 E NativeTombstoneManager: Tombstone's UID (1027) not an app, ignoring
05-30 22:53:51.466  1217  1430 E NativeTombstoneManager: Tombstone's UID (1027) not an app, ignoring
05-30 22:53:51.467  1217  1430 E NativeTombstoneManager: Tombstone's UID (1027) not an app, ignoring
05-30 22:53:51.467  1217  1430 E NativeTombstoneManager: Tombstone's UID (1027) not an app, ignoring
05-30 22:53:51.468  1217  1430 E NativeTombstoneManager: Tombstone's UID (1027) not an app, ignoring
05-30 22:53:51.468  1217  1430 E NativeTombstoneManager: Tombstone's UID (1027) not an app, ignoring
05-30 22:53:51.468  1217  1430 E NativeTombstoneManager: Tombstone's UID (1027) not an app, ignoring
05-30 22:53:51.468  1217  1430 E NativeTombstoneManager: Tombstone's UID (1027) not an app, ignoring
05-30 22:53:51.469  1217  1430 E NativeTombstoneManager: Tombstone's UID (1027) not an app, ignoring
05-30 22:53:51.469  1217  1430 E NativeTombstoneManager: Tombstone's UID (1027) not an app, ignoring
05-30 22:53:51.470  1217  1430 E NativeTombstoneManager: Tombstone's UID (1027) not an app, ignoring
05-30 22:53:51.470  1217  1430 E NativeTombstoneManager: Tombstone's UID (1027) not an app, ignoring
05-30 22:53:51.470  1217  1430 E NativeTombstoneManager: Tombstone's UID (1027) not an app, ignoring
05-30 22:53:51.470  1217  1430 E NativeTombstoneManager: Tombstone's UID (1027) not an app, ignoring
05-30 22:53:51.471  1217  1430 E NativeTombstoneManager: Tombstone's UID (1027) not an app, ignoring
05-30 22:53:51.472  1217  1430 E NativeTombstoneManager: Tombstone's UID (1027) not an app, ignoring
05-30 22:53:51.472  1217  1430 E NativeTombstoneManager: Tombstone's UID (1027) not an app, ignoring
05-30 22:53:51.473  1217  1430 E NativeTombstoneManager: Tombstone's UID (1027) not an app, ignoring
05-30 22:53:51.473  1217  1430 E NativeTombstoneManager: Tombstone's UID (1027) not an app, ignoring
05-30 22:53:51.473  1217  1430 E NativeTombstoneManager: Tombstone's UID (1027) not an app, ignoring
05-30 22:53:51.474  1217  1430 E NativeTombstoneManager: Tombstone's UID (1027) not an app, ignoring
05-30 22:53:51.474  1217  1430 E NativeTombstoneManager: Tombstone's UID (1027) not an app, ignoring
05-30 22:53:51.475  1217  1430 E NativeTombstoneManager: Tombstone's UID (1027) not an app, ignoring
05-30 22:53:51.475  1217  1430 E NativeTombstoneManager: Tombstone's UID (1027) not an app, ignoring
05-30 22:53:51.476  1217  1430 E NativeTombstoneManager: Tombstone's UID (1027) not an app, ignoring
05-30 22:53:51.476  1217  1430 E NativeTombstoneManager: Tombstone's UID (1027) not an app, ignoring
05-30 22:53:51.478  1217  1430 E NativeTombstoneManager: Tombstone's UID (1027) not an app, ignoring
05-30 22:53:51.478  1217  1430 E NativeTombstoneManager: Tombstone's UID (1027) not an app, ignoring
05-30 22:53:51.479  1217  1430 E NativeTombstoneManager: Tombstone's UID (1027) not an app, ignoring
05-30 22:53:51.479  1217  1430 E NativeTombstoneManager: Tombstone's UID (1027) not an app, ignoring
05-30 22:53:51.480  1217  1430 E NativeTombstoneManager: Tombstone's UID (1027) not an app, ignoring
05-30 22:53:51.480  1217  1430 E NativeTombstoneManager: Tombstone's UID (1027) not an app, ignoring
05-30 22:53:51.481  1217  1430 E NativeTombstoneManager: Tombstone's UID (1027) not an app, ignoring
05-30 22:53:51.482  1217  1430 E NativeTombstoneManager: Tombstone's UID (1027) not an app, ignoring
05-30 22:53:51.482  1217  1430 E NativeTombstoneManager: Tombstone's UID (1027) not an app, ignoring
05-30 22:53:51.483  1217  1430 E NativeTombstoneManager: Tombstone's UID (1027) not an app, ignoring
05-30 22:53:51.483  1217  1430 E NativeTombstoneManager: Tombstone's UID (1027) not an app, ignoring
05-30 22:53:51.484  1217  1430 E NativeTombstoneManager: Tombstone's UID (1027) not an app, ignoring
05-30 22:53:51.484  1217  1430 E NativeTombstoneManager: Tombstone's UID (1027) not an app, ignoring
05-30 22:53:51.484  1217  1430 E NativeTombstoneManager: Tombstone's UID (1027) not an app, ignoring
05-30 22:53:51.485  1217  1430 E NativeTombstoneManager: Tombstone's UID (1027) not an app, ignoring
05-30 22:53:51.485  1217  1430 E NativeTombstoneManager: Tombstone's UID (1027) not an app, ignoring
05-30 22:53:51.486  1217  1430 E NativeTombstoneManager: Tombstone's UID (1027) not an app, ignoring
05-30 22:53:51.486  1217  1430 E NativeTombstoneManager: Tombstone's UID (1027) not an app, ignoring
05-30 22:53:51.487  1217  1430 E NativeTombstoneManager: Tombstone's UID (1027) not an app, ignoring
05-30 22:53:51.487  1217  1430 E NativeTombstoneManager: Tombstone's UID (1027) not an app, ignoring
05-30 22:53:51.488  1217  1430 E NativeTombstoneManager: Tombstone's UID (1027) not an app, ignoring
05-30 22:53:51.488  1217  1430 E NativeTombstoneManager: Tombstone's UID (1027) not an app, ignoring
05-30 22:53:51.489  1217  1430 E NativeTombstoneManager: Tombstone's UID (1027) not an app, ignoring
05-30 22:53:51.489  1217  1430 E NativeTombstoneManager: Tombstone's UID (1027) not an app, ignoring
05-30 22:53:51.490  1217  1430 E NativeTombstoneManager: Tombstone's UID (1027) not an app, ignoring
05-30 22:53:51.491  1217  1430 E NativeTombstoneManager: Tombstone's UID (1027) not an app, ignoring
05-30 22:53:51.491  1217  1430 E NativeTombstoneManager: Tombstone's UID (1027) not an app, ignoring
05-30 22:53:51.491  1217  1430 E NativeTombstoneManager: Tombstone's UID (1027) not an app, ignoring
05-30 22:53:51.492  1217  1430 E NativeTombstoneManager: Tombstone's UID (1027) not an app, ignoring
05-30 22:53:51.492  1217  1430 E NativeTombstoneManager: Tombstone's UID (1027) not an app, ignoring
05-30 22:53:51.493  1217  1430 E NativeTombstoneManager: Tombstone's UID (1027) not an app, ignoring
05-30 22:53:51.493  1217  1430 E NativeTombstoneManager: Tombstone's UID (1027) not an app, ignoring
05-30 22:53:51.494  1217  1430 E NativeTombstoneManager: Tombstone's UID (1027) not an app, ignoring
05-30 22:53:51.494  1217  1430 E NativeTombstoneManager: Tombstone's UID (1027) not an app, ignoring
05-30 22:53:51.494  1217  1430 E NativeTombstoneManager: Tombstone's UID (1027) not an app, ignoring
05-30 22:53:51.494  1217  1430 E NativeTombstoneManager: Tombstone's UID (1027) not an app, ignoring
05-30 22:53:51.494  1217  1430 E NativeTombstoneManager: Tombstone's UID (1027) not an app, ignoring
05-30 22:53:51.494  1217  1430 E NativeTombstoneManager: Tombstone's UID (1027) not an app, ignoring
