05-30 22:53:50.708  1217  1458 D SystemServerTimingAsync: InitThreadPoolExec:PersistentDataBlockService.onStart
05-30 22:53:50.708  1217  1458 D SystemServerInitThreadPool: Started executing PersistentDataBlockService.onStart
05-30 22:53:50.708  1217  1217 V SystemServerTiming: StartTestHarnessMode took to complete: 1ms
05-30 22:53:50.708  1217  1217 D SystemServerTiming: StartOemLockService
05-30 22:53:50.708  1217  1217 I SystemServiceManager: Starting com.android.server.oemlock.OemLockService
05-30 22:53:50.710  1217  1217 I OemLock : OemLock HAL not present on device
05-30 22:53:50.710  1217  1217 I OemLock : Using persistent data block based lock
05-30 22:53:50.711  1217  1217 V SystemServerTiming: StartOemLockService took to complete: 2ms
05-30 22:53:50.711  1217  1217 D SystemServerTiming: StartDeviceIdleController
05-30 22:53:50.711  1217  1217 I SystemServiceManager: Starting com.android.server.DeviceIdleController
05-30 22:53:50.715  1217  1217 V SystemServerTiming: StartDeviceIdleController took to complete: 5ms
05-30 22:53:50.715  1217  1217 D SystemServerTiming: StartDevicePolicyManager
05-30 22:53:50.715  1217  1217 I SystemServiceManager: Starting com.android.server.devicepolicy.DevicePolicyManagerService$Lifecycle
05-30 22:53:50.722  1217  1217 I DevicePolicyManager: Current version 3, latest version 3, not upgrading.
05-30 22:53:50.725  1217  1244 D PinnerService: pinRangeStream: null
05-30 22:53:50.725  1217  1217 I DevicePolicyManager: Set ro.organization_owned property to false
05-30 22:53:50.727  1217  1217 V SystemServerTiming: StartDevicePolicyManager took to complete: 11ms
05-30 22:53:50.727  1217  1217 D SystemServerTiming: StartStatusBarManagerService
05-30 22:53:50.728  1217  1217 V SystemServerTiming: StartStatusBarManagerService took to complete: 0ms
05-30 22:53:50.728  1217  1217 D SystemServer: MusicRecognitionManagerService not defined by OEM or disabled by flag
05-30 22:53:50.728  1217  1217 D SystemServer: ContentCaptureService disabled because resource is not overlaid
05-30 22:53:50.728  1217  1217 D SystemServer: AttentionService is not configured on this device
05-30 22:53:50.728  1217  1217 D SystemServer: RotationResolverService is not configured on this device
05-30 22:53:50.728  1217  1217 D SystemServer: SystemCaptionsManagerService disabled because resource is not overlaid
05-30 22:53:50.728  1217  1217 D SystemServerTiming: StartTextToSpeechManagerService
05-30 22:53:50.728  1217  1217 I SystemServiceManager: Starting com.android.server.texttospeech.TextToSpeechManagerService
05-30 22:53:50.729  1217  1458 D SystemServerInitThreadPool: Finished executing PersistentDataBlockService.onStart
05-30 22:53:50.729  1217  1458 V SystemServerTimingAsync: InitThreadPoolExec:PersistentDataBlockService.onStart took to complete: 20ms
05-30 22:53:50.729  1217  1217 V SystemServerTiming: StartTextToSpeechManagerService took to complete: 1ms
05-30 22:53:50.729  1217  1217 D SystemServerTiming: StartAmbientContextService
05-30 22:53:50.729  1217  1217 I SystemServiceManager: Starting com.android.server.ambientcontext.AmbientContextManagerService
05-30 22:53:50.730  1217  1217 V SystemServerTiming: StartAmbientContextService took to complete: 1ms
05-30 22:53:50.730  1217  1217 D SystemServerTiming: StartSpeechRecognitionManagerService
05-30 22:53:50.730  1217  1217 I SystemServiceManager: Starting com.android.server.speech.SpeechRecognitionManagerService
05-30 22:53:50.731  1217  1244 D PinnerService: pinRangeStream: null
05-30 22:53:50.731  1217  1217 V SystemServerTiming: StartSpeechRecognitionManagerService took to complete: 1ms
05-30 22:53:50.731  1217  1217 D SystemServer: AppPredictionService not defined by OEM
05-30 22:53:50.731  1217  1217 D SystemServer: ContentSuggestionsService not defined by OEM
05-30 22:53:50.731  1217  1217 D SystemServerTiming: StartSearchUiService
05-30 22:53:50.731  1217  1217 I SystemServiceManager: Starting com.android.server.searchui.SearchUiManagerService
05-30 22:53:50.732  1217  1244 D PinnerService: pinRangeStream: null
05-30 22:53:50.732  1217  1217 V SystemServerTiming: StartSearchUiService took to complete: 1ms
05-30 22:53:50.732  1217  1217 D SystemServerTiming: StartSmartspaceService
05-30 22:53:50.732  1217  1217 I SystemServiceManager: Starting com.android.server.smartspace.SmartspaceManagerService
05-30 22:53:50.733  1217  1217 V SystemServerTiming: StartSmartspaceService took to complete: 1ms
05-30 22:53:50.733  1217  1217 D SystemServerTiming: InitConnectivityModuleConnector
05-30 22:53:50.733  1217  1217 D ConnectivityModuleConnector: Network stack init
05-30 22:53:50.734  1217  1217 V SystemServerTiming: InitConnectivityModuleConnector took to complete: 1ms
05-30 22:53:50.734  1217  1217 D SystemServerTiming: InitNetworkStackClient
05-30 22:53:50.735  1217  1217 V SystemServerTiming: InitNetworkStackClient took to complete: 0ms
05-30 22:53:50.735  1217  1217 D SystemServerTiming: StartNetworkManagementService
05-30 22:53:50.736  1217  1217 V SystemServerTiming: StartNetworkManagementService took to complete: 2ms
05-30 22:53:50.736  1217  1217 D SystemServerTiming: StartFontManagerService
05-30 22:53:50.743  1217  1244 D PinnerService: pinRangeStream: null
05-30 22:53:50.747  1217  1244 D PinnerService: pinRangeStream: null
05-30 22:53:50.747  1217  1244 D PinnerService: pinRangeStream: null
05-30 22:53:50.748  1217  1244 D PinnerService: pinRangeStream: null
05-30 22:53:50.749  1217  1244 D PinnerService: pinRangeStream: null
05-30 22:53:50.749  1217  1244 D PinnerService: pinRangeStream: null
05-30 22:53:50.749  1217  1244 D PinnerService: pinRangeStream: null
05-30 22:53:50.750  1217  1244 D PinnerService: pinRangeStream: null
05-30 22:53:50.752  1217  1244 D PinnerService: pinRangeStream: null
05-30 22:53:50.802  1217  1244 D PinnerService: pinRangeStream: null
05-30 22:53:50.802  1217  1244 D PinnerService: pinRangeStream: null
05-30 22:53:50.816  1217  1217 V SystemServerTiming: StartFontManagerService took to complete: 80ms
05-30 22:53:50.817  1217  1217 D SystemServerTiming: StartTextServicesManager
05-30 22:53:50.817  1217  1217 I SystemServiceManager: Starting com.android.server.textservices.TextServicesManagerService$Lifecycle
05-30 22:53:50.817  1217  1217 V SystemServerTiming: StartTextServicesManager took to complete: 1ms
05-30 22:53:50.817  1217  1217 D SystemServerTiming: StartTextClassificationManagerService
05-30 22:53:50.817  1217  1217 I SystemServiceManager: Starting com.android.server.textclassifier.TextClassificationManagerService$Lifecycle
05-30 22:53:50.818  1217  1217 V SystemServerTiming: StartTextClassificationManagerService took to complete: 1ms
05-30 22:53:50.818  1217  1217 D SystemServerTiming: StartNetworkScoreService
05-30 22:53:50.818  1217  1217 I SystemServiceManager: Starting com.android.server.NetworkScoreService$Lifecycle
05-30 22:53:50.819  1217  1217 V SystemServerTiming: StartNetworkScoreService took to complete: 0ms
05-30 22:53:50.819  1217  1217 D SystemServerTiming: StartNetworkStatsService
05-30 22:53:50.831  1217  1244 D PinnerService: pinRangeStream: null
05-30 22:53:50.834  1217  1217 I SystemServiceManager: Starting com.android.server.NetworkStatsServiceInitializer
05-30 22:53:50.867  1217  1217 V SystemServerTiming: StartNetworkStatsService took to complete: 49ms
05-30 22:53:50.867  1217  1217 D SystemServerTiming: StartNetworkPolicyManagerService
05-30 22:53:50.868  1217  1244 D PinnerService: pinRangeStream: null
05-30 22:53:50.868  1217  1244 D PinnerService: pinRangeStream: null
05-30 22:53:50.871  1217  1217 V SystemServerTiming: StartNetworkPolicyManagerService took to complete: 4ms
05-30 22:53:50.871  1217  1217 D SystemServerTiming: StartWifi
05-30 22:53:50.886  1217  1217 I SystemServiceManager: Starting com.android.server.wifi.WifiService
05-30 22:53:50.956   970   970 I wificond: New wificond event callback registered
05-30 22:53:50.958  1472  1472 F libc    : Fatal signal 6 (SIGABRT), code -1 (SI_QUEUE) in tid 1472 (android.hardwar), pid 1472 (android.hardwar)
05-30 22:53:50.963  1217  1217 V HistoricalRegistry: Interaction before persistence initialized
05-30 22:53:50.966  1217  1217 V SystemServerTiming: StartWifi took to complete: 95ms
05-30 22:53:50.966  1217  1217 D SystemServerTiming: StartWifiScanning
05-30 22:53:50.967  1217  1217 I SystemServiceManager: Starting com.android.server.wifi.scanner.WifiScanningService
05-30 22:53:50.970  1217  1217 V SystemServerTiming: StartWifiScanning took to complete: 4ms
05-30 22:53:50.970  1217  1217 D SystemServerTiming: StartWifiP2P
05-30 22:53:50.971  1217  1217 I SystemServiceManager: Starting com.android.server.wifi.p2p.WifiP2pService
05-30 22:53:50.980  1217  1217 V SystemServerTiming: StartWifiP2P took to complete: 10ms
05-30 22:53:50.980  1217  1217 D SystemServerTiming: StartPacProxyService
05-30 22:53:50.982  1217  1217 V SystemServerTiming: StartPacProxyService took to complete: 2ms
05-30 22:53:50.982  1217  1217 D SystemServerTiming: StartConnectivityService
05-30 22:53:50.983  1217  1217 I SystemServiceManager: Starting com.android.server.ConnectivityServiceInitializer
05-30 22:53:50.990   740   740 V ZygoteInitTiming_lazy: PreloadClasses took to complete: 468ms
05-30 22:53:50.994  1475  1475 F DEBUG   : *** *** *** *** *** *** *** *** *** *** *** *** *** *** *** ***
05-30 22:53:50.995  1475  1475 F DEBUG   : LineageOS Version: '20.0-20240530-UNOFFICIAL-ivan'
05-30 22:53:50.995  1475  1475 F DEBUG   : Build fingerprint: 'oplus/ossi/ossi:12/SP1A.210812.016/1662019990870:user/release-keys'
05-30 22:53:50.995  1475  1475 F DEBUG   : Revision: '0'
05-30 22:53:50.995  1475  1475 F DEBUG   : ABI: 'arm64'
05-30 22:53:50.995  1475  1475 F DEBUG   : Timestamp: 2024-05-30 22:53:50.970444539+0200
05-30 22:53:50.995  1475  1475 F DEBUG   : Process uptime: 1s
05-30 22:53:50.995  1475  1475 F DEBUG   : Cmdline: /vendor/bin/hw/android.hardware.nfc@1.2-service
05-30 22:53:50.995  1475  1475 F DEBUG   : pid: 1472, tid: 1472, name: android.hardwar  >>> /vendor/bin/hw/android.hardware.nfc@1.2-service <<<
05-30 22:53:50.995  1475  1475 F DEBUG   : uid: 1027
05-30 22:53:50.995  1475  1475 F DEBUG   : signal 6 (SIGABRT), code -1 (SI_QUEUE), fault addr --------
05-30 22:53:50.995  1475  1475 F DEBUG   : Abort message: 'Could not register service for NFC HAL Iface (-2147483648).'
05-30 22:53:50.995  1475  1475 F DEBUG   :     x0  0000000000000000  x1  00000000000005c0  x2  0000000000000006  x3  0000007fe87b1990
05-30 22:53:50.995  1475  1475 F DEBUG   :     x4  4d1f716e651f6462  x5  4d1f716e651f6462  x6  4d1f716e651f6462  x7  7f7f7f7f7f7f7f7f
05-30 22:53:50.995  1475  1475 F DEBUG   :     x8  00000000000000f0  x9  00000079650da9e0  x10 0000000000000001  x11 000000796511c360
05-30 22:53:50.995  1475  1475 F DEBUG   :     x12 0000007fe87b1950  x13 000000000000003c  x14 0000007fe87b1b20  x15 0038fb6700904980
05-30 22:53:50.995  1475  1475 F DEBUG   :     x16 0000007965188d50  x17 0000007965164e70  x18 000000796d1f2000  x19 00000000000005c0
05-30 22:53:50.995  1475  1475 F DEBUG   :     x20 00000000000005c0  x21 00000000ffffffff  x22 0000000000000001  x23 0000000000000000
05-30 22:53:50.995  1475  1475 F DEBUG   :     x24 0000000000000000  x25 0000000000000000  x26 0000000000000000  x27 0000000000000000
05-30 22:53:50.995  1475  1475 F DEBUG   :     x28 0000000000000000  x29 0000007fe87b1a10
05-30 22:53:50.995  1475  1475 F DEBUG   :     lr  000000796510c1b8  sp  0000007fe87b1970  pc  000000796510c1e4  pst 0000000000001000
05-30 22:53:50.995  1475  1475 F DEBUG   : backtrace:
05-30 22:53:50.995  1475  1475 F DEBUG   :       #00 pc 00000000000531e4  /apex/com.android.runtime/lib64/bionic/libc.so (abort+164) (BuildId: 9298be534abc53e2b055c7caf3d3e48a)
05-30 22:53:50.995  1475  1475 F DEBUG   :       #01 pc 00000000000063fc  /system/lib64/liblog.so (__android_log_default_aborter+12) (BuildId: 37665dae6a4bf5f25f89ac2f18e5f2a7)
05-30 22:53:50.995  1475  1475 F DEBUG   :       #02 pc 0000000000006f14  /system/lib64/liblog.so (__android_log_assert+308) (BuildId: 37665dae6a4bf5f25f89ac2f18e5f2a7)
05-30 22:53:50.995  1475  1475 F DEBUG   :       #03 pc 0000000000004528  /vendor/bin/hw/android.hardware.nfc@1.2-service (main+728) (BuildId: 9a9d2d71493b69ab837313c68fd8a188)
05-30 22:53:50.995  1475  1475 F DEBUG   :       #04 pc 000000000004b600  /apex/com.android.runtime/lib64/bionic/libc.so (__libc_init+96) (BuildId: 9298be534abc53e2b055c7caf3d3e48a)
05-30 22:53:50.995   740   740 V ZygoteInitTiming_lazy: CacheNonBootClasspathClassLoaders took to complete: 6ms
05-30 22:53:51.001  1217  1430 W NativeTombstoneManager: failed to open /data/tombstones/tombstone_43.pb
05-30 22:53:51.001  1217  1430 W NativeTombstoneManager: java.io.FileNotFoundException: open failed: ENOENT (No such file or directory)
05-30 22:53:51.001  1217  1430 W NativeTombstoneManager: 	at android.os.ParcelFileDescriptor.openInternal(ParcelFileDescriptor.java:342)
05-30 22:53:51.001  1217  1430 W NativeTombstoneManager: 	at android.os.ParcelFileDescriptor.open(ParcelFileDescriptor.java:229)
05-30 22:53:51.001  1217  1430 W NativeTombstoneManager: 	at com.android.server.os.NativeTombstoneManager.handleProtoTombstone(NativeTombstoneManager.java:151)
05-30 22:53:51.001  1217  1430 W NativeTombstoneManager: 	at com.android.server.os.NativeTombstoneManager.handleTombstone(NativeTombstoneManager.java:120)
05-30 22:53:51.001  1217  1430 W NativeTombstoneManager: 	at com.android.server.os.NativeTombstoneManager.-$$Nest$mhandleTombstone(Unknown Source:0)
05-30 22:53:51.001  1217  1430 W NativeTombstoneManager: 	at com.android.server.os.NativeTombstoneManager$TombstoneWatcher.lambda$onEvent$0$com-android-server-os-NativeTombstoneManager$TombstoneWatcher(NativeTombstoneManager.java:564)
05-30 22:53:51.001  1217  1430 W NativeTombstoneManager: 	at com.android.server.os.NativeTombstoneManager$TombstoneWatcher$$ExternalSyntheticLambda0.run(Unknown Source:4)
05-30 22:53:51.001  1217  1430 W NativeTombstoneManager: 	at android.os.Handler.handleCallback(Handler.java:942)
05-30 22:53:51.001  1217  1430 W NativeTombstoneManager: 	at android.os.Handler.dispatchMessage(Handler.java:99)
05-30 22:53:51.001  1217  1430 W NativeTombstoneManager: 	at android.os.Looper.loopOnce(Looper.java:201)
05-30 22:53:51.001  1217  1430 W NativeTombstoneManager: 	at android.os.Looper.loop(Looper.java:288)
05-30 22:53:51.001  1217  1430 W NativeTombstoneManager: 	at android.os.HandlerThread.run(HandlerThread.java:67)
05-30 22:53:51.001  1217  1430 W NativeTombstoneManager: 	at com.android.server.ServiceThread.run(ServiceThread.java:44)
05-30 22:53:51.007   740   740 V ZygoteInitTiming_lazy: PreloadResources took to complete: 12ms
05-30 22:53:51.007  1217  1430 I BootReceiver: Copying /data/tombstones/tombstone_43 to DropBox (SYSTEM_TOMBSTONE)
05-30 22:53:51.007  1217  1430 I DropBoxManagerService: add tag=SYSTEM_TOMBSTONE isTagEnabled=true flags=0x6
05-30 22:53:51.008  1217  1217 D CompatibilityChangeReporter: Compat change id reported: 182478738; UID 1000; state: ENABLED
05-30 22:53:51.035  1217  1217 V SystemServerTiming: StartConnectivityService took to complete: 53ms
05-30 22:53:51.035  1217  1217 D SystemServerTiming: StartVpnManagerService
05-30 22:53:51.038  1217  1217 V SystemServerTiming: StartVpnManagerService took to complete: 3ms
05-30 22:53:51.038  1217  1217 D SystemServerTiming: StartVcnManagementService
05-30 22:53:51.040  1217  1217 V SystemServerTiming: StartVcnManagementService took to complete: 2ms
05-30 22:53:51.040  1217  1217 D SystemServerTiming: StartSystemUpdateManagerService
05-30 22:53:51.041  1217  1217 I SystemUpdateManagerService: No existing info file /data/system/system-update-info.xml
05-30 22:53:51.041  1217  1217 V SystemServerTiming: StartSystemUpdateManagerService took to complete: 1ms
05-30 22:53:51.041  1217  1217 D SystemServerTiming: StartUpdateLockService
05-30 22:53:51.042  1217  1217 V SystemServerTiming: StartUpdateLockService took to complete: 1ms
05-30 22:53:51.042  1217  1217 D SystemServerTiming: StartNotificationManager
05-30 22:53:51.042  1217  1217 I SystemServiceManager: Starting com.android.server.notification.NotificationManagerService
05-30 22:53:51.050  1217  1217 D ConditionProviders.SCP: new ScheduleConditionProvider()
05-30 22:53:51.055  1217  1217 E NotificationPrefHelper: createDefaultChannelIfNeededLocked - Exception: android.content.pm.PackageManager$NameNotFoundException: android.frameworkres.overlay.display.odm
05-30 22:53:51.055  1217  1217 E NotificationPrefHelper: createDefaultChannelIfNeededLocked - Exception: android.content.pm.PackageManager$NameNotFoundException: android.frameworkres.overlay.display.odm
05-30 22:53:51.056  1217  1217 E NotificationPrefHelper: createDefaultChannelIfNeededLocked - Exception: android.content.pm.PackageManager$NameNotFoundException: com.ancient.telephonyoverlay
05-30 22:53:51.056  1217  1217 E NotificationPrefHelper: createDefaultChannelIfNeededLocked - Exception: android.content.pm.PackageManager$NameNotFoundException: org.lineageos.settings.doze.overlay
05-30 22:53:51.056  1217  1217 E NotificationPrefHelper: createDefaultChannelIfNeededLocked - Exception: android.content.pm.PackageManager$NameNotFoundException: com.android.networkstack.tethering.ivan
05-30 22:53:51.056  1217  1217 E NotificationPrefHelper: createDefaultChannelIfNeededLocked - Exception: android.content.pm.PackageManager$NameNotFoundException: com.mediatek.FrameworkResOverlayExt
05-30 22:53:51.057  1217  1217 E NotificationPrefHelper: createDefaultChannelIfNeededLocked - Exception: android.content.pm.PackageManager$NameNotFoundException: id.my.oneplus.mtkims
05-30 22:53:51.057  1217  1217 E NotificationPrefHelper: createDefaultChannelIfNeededLocked - Exception: android.content.pm.PackageManager$NameNotFoundException: id.my.oneplus.mtkims
05-30 22:53:51.058  1217  1217 E NotificationPrefHelper: createDefaultChannelIfNeededLocked - Exception: android.content.pm.PackageManager$NameNotFoundException: com.mediatek.frameworkresoverlay
05-30 22:53:51.058  1217  1217 E NotificationPrefHelper: createDefaultChannelIfNeededLocked - Exception: android.content.pm.PackageManager$NameNotFoundException: id.my.oneplus.mtkims_telephony
05-30 22:53:51.058  1217  1217 E NotificationPrefHelper: createDefaultChannelIfNeededLocked - Exception: android.content.pm.PackageManager$NameNotFoundException: id.my.oneplus.mtkims_telephony
05-30 22:53:51.058  1217  1217 E NotificationPrefHelper: createDefaultChannelIfNeededLocked - Exception: android.content.pm.PackageManager$NameNotFoundException: com.android.networkstack.tethering.overlay
05-30 22:53:51.058  1217  1217 E NotificationPrefHelper: createDefaultChannelIfNeededLocked - Exception: android.content.pm.PackageManager$NameNotFoundException: com.android.carrierconfig.overlay
05-30 22:53:51.058  1217  1217 E NotificationPrefHelper: createDefaultChannelIfNeededLocked - Exception: android.content.pm.PackageManager$NameNotFoundException: com.android.carrierconfig.overlay
05-30 22:53:51.058  1217  1217 E NotificationPrefHelper: createDefaultChannelIfNeededLocked - Exception: android.content.pm.PackageManager$NameNotFoundException: com.google.android.networkstack.overlay
05-30 22:53:51.059  1217  1217 E NotificationPrefHelper: createDefaultChannelIfNeededLocked - Exception: android.content.pm.PackageManager$NameNotFoundException: com.android.wifi.mainline.resources.overlay
05-30 22:53:51.059  1217  1217 E NotificationPrefHelper: createDefaultChannelIfNeededLocked - Exception: android.content.pm.PackageManager$NameNotFoundException: com.mediatek.cellbroadcastuiresoverlay
05-30 22:53:51.059  1217  1217 E NotificationPrefHelper: createDefaultChannelIfNeededLocked - Exception: android.content.pm.PackageManager$NameNotFoundException: com.google.android.networkstack.tethering.overlay
05-30 22:53:51.059  1217  1217 E NotificationPrefHelper: createDefaultChannelIfNeededLocked - Exception: android.content.pm.PackageManager$NameNotFoundException: org.lineageos.settings.besloudness.auto_generated_rro_product__
05-30 22:53:51.059  1217  1217 E NotificationPrefHelper: createDefaultChannelIfNeededLocked - Exception: android.content.pm.PackageManager$NameNotFoundException: org.lineageos.settings.besloudness.auto_generated_rro_product__
05-30 22:53:51.059  1217  1217 E NotificationPrefHelper: createDefaultChannelIfNeededLocked - Exception: android.content.pm.PackageManager$NameNotFoundException: com.android.wifi.resources.overlay
05-30 22:53:51.059  1217  1217 E NotificationPrefHelper: createDefaultChannelIfNeededLocked - Exception: android.content.pm.PackageManager$NameNotFoundException: com.mediatek.SettingsProviderResOverlay
05-30 22:53:51.059  1217  1217 E NotificationPrefHelper: createDefaultChannelIfNeededLocked - Exception: android.content.pm.PackageManager$NameNotFoundException: com.android.networkstack.inprocess.overlay
05-30 22:53:51.060  1217  1217 E NotificationPrefHelper: createDefaultChannelIfNeededLocked - Exception: android.content.pm.PackageManager$NameNotFoundException: com.realme.doze.overlay_system
05-30 22:53:51.060  1217  1217 E NotificationPrefHelper: createDefaultChannelIfNeededLocked - Exception: android.content.pm.PackageManager$NameNotFoundException: com.mediatek.mt6877.gamedriver
05-30 22:53:51.060  1217  1217 E NotificationPrefHelper: createDefaultChannelIfNeededLocked - Exception: android.content.pm.PackageManager$NameNotFoundException: com.ancient.settingsoverlay
05-30 22:53:51.061  1217  1217 E NotificationPrefHelper: createDefaultChannelIfNeededLocked - Exception: android.content.pm.PackageManager$NameNotFoundException: com.mediatek.systemuiresoverlay
05-30 22:53:51.061  1217  1217 E NotificationPrefHelper: createDefaultChannelIfNeededLocked - Exception: android.content.pm.PackageManager$NameNotFoundException: com.ancient.frameworkresoverlay
05-30 22:53:51.061  1217  1217 E NotificationPrefHelper: createDefaultChannelIfNeededLocked - Exception: android.content.pm.PackageManager$NameNotFoundException: android.frameworkres.overlay.display.product
05-30 22:53:51.062  1217  1217 E NotificationPrefHelper: createDefaultChannelIfNeededLocked - Exception: android.content.pm.PackageManager$NameNotFoundException: com.android.networkstack.tethering.inprocess.overlay
05-30 22:53:51.062  1217  1217 E NotificationPrefHelper: createDefaultChannelIfNeededLocked - Exception: android.content.pm.PackageManager$NameNotFoundException: org.lineageos.settings.besloudness
05-30 22:53:51.062  1217  1217 E NotificationPrefHelper: createDefaultChannelIfNeededLocked - Exception: android.content.pm.PackageManager$NameNotFoundException: org.lineageos.settings.besloudness
05-30 22:53:51.062  1217  1217 E NotificationPrefHelper: createDefaultChannelIfNeededLocked - Exception: android.content.pm.PackageManager$NameNotFoundException: com.realme.doze.overlay_systemui
05-30 22:53:51.062  1217  1217 E NotificationPrefHelper: createDefaultChannelIfNeededLocked - Exception: android.content.pm.PackageManager$NameNotFoundException: com.ancient.systemuioverlay
05-30 22:53:51.062  1217  1217 E NotificationPrefHelper: createDefaultChannelIfNeededLocked - Exception: android.content.pm.PackageManager$NameNotFoundException: com.android.wifi.resources.ivan
05-30 22:53:51.063  1217  1217 I NotificationAssistants: Read notification assistant permissions from xml
05-30 22:53:51.063  1217  1217 I ConditionProviders: Read condition provider permissions from xml
05-30 22:53:51.063  1217  1217 I ConditionProviders: Read condition provider permissions from xml
05-30 22:53:51.063  1217  1217 D NotificationAssistants: Approving default notification assistant for user 0
05-30 22:53:51.063  1217  1217 I ConditionProviders:  Allowing condition provider android.ext.services/android.ext.services.notification.Assistant (userSet: true)
05-30 22:53:51.065  1217  1217 D CompatibilityChangeReporter: Compat change id reported: 157233955; UID 1000; state: ENABLED
05-30 22:53:51.076  1217  1430 E NativeTombstoneManager: Tombstone's UID (1027) not an app, ignoring
05-30 22:53:51.077  1217  1430 I DropBoxManagerService: add tag=SYSTEM_TOMBSTONE_PROTO isTagEnabled=true flags=0x4
05-30 22:53:51.077  1217  1217 V SystemServerTiming: StartNotificationManager took to complete: 34ms
05-30 22:53:51.077  1217  1217 D SystemServerTiming: StartDeviceMonitor
05-30 22:53:51.077  1217  1217 I SystemServiceManager: Starting com.android.server.storage.DeviceStorageMonitorService
05-30 22:53:51.078  1217  1217 V SystemServerTiming: StartDeviceMonitor took to complete: 1ms
05-30 22:53:51.078  1217  1217 D SystemServerTiming: StartLocationManagerService
05-30 22:53:51.078  1217  1217 I SystemServiceManager: Starting com.android.server.location.LocationManagerService$Lifecycle
05-30 22:53:51.082  1217  1217 V SystemServerTiming: StartLocationManagerService took to complete: 3ms
05-30 22:53:51.082  1217  1217 D SystemServerTiming: StartCountryDetectorService
05-30 22:53:51.082  1217  1217 V SystemServerTiming: StartCountryDetectorService took to complete: 1ms
05-30 22:53:51.083  1217  1217 D SystemServerTiming: StartTimeDetectorService
05-30 22:53:51.083  1217  1217 I SystemServiceManager: Starting com.android.server.timedetector.TimeDetectorService$Lifecycle
05-30 22:53:51.084  1217  1217 V SystemServerTiming: StartTimeDetectorService took to complete: 2ms
05-30 22:53:51.084  1217  1217 D SystemServerTiming: StartTimeZoneDetectorService
05-30 22:53:51.084  1217  1217 I SystemServiceManager: Starting com.android.server.timezonedetector.TimeZoneDetectorService$Lifecycle
05-30 22:53:51.086  1217  1217 V SystemServerTiming: StartTimeZoneDetectorService took to complete: 2ms
05-30 22:53:51.086  1217  1217 D SystemServerTiming: StartLocationTimeZoneManagerService
05-30 22:53:51.086  1217  1217 I SystemServiceManager: Starting com.android.server.timezonedetector.location.LocationTimeZoneManagerService$Lifecycle
05-30 22:53:51.087  1217  1217 V SystemServerTiming: StartLocationTimeZoneManagerService took to complete: 0ms
05-30 22:53:51.087  1217  1217 D SystemServerTiming: StartSearchManagerService
05-30 22:53:51.087  1217  1217 I SystemServiceManager: Starting com.android.server.search.SearchManagerService$Lifecycle
05-30 22:53:51.088  1217  1217 V SystemServerTiming: StartSearchManagerService took to complete: 1ms
05-30 22:53:51.088  1217  1217 D SystemServerTiming: StartWallpaperManagerService
05-30 22:53:51.088  1217  1217 I SystemServiceManager: Starting com.android.server.wallpaper.WallpaperManagerService$Lifecycle
05-30 22:53:51.088  1217  1217 V SystemServerTiming: StartWallpaperManagerService took to complete: 1ms
05-30 22:53:51.088  1217  1217 D SystemServerTiming: StartWallpaperEffectsGenerationService
05-30 22:53:51.088  1217  1217 I SystemServiceManager: Starting com.android.server.wallpapereffectsgeneration.WallpaperEffectsGenerationManagerService
05-30 22:53:51.089  1217  1217 V SystemServerTiming: StartWallpaperEffectsGenerationService took to complete: 1ms
05-30 22:53:51.089  1217  1217 D SystemServerTiming: StartAudioService
05-30 22:53:51.089  1217  1217 I SystemServiceManager: Starting com.android.server.audio.AudioService$Lifecycle
05-30 22:53:51.123  1217  1217 V SystemServerTiming: StartAudioService took to complete: 34ms
05-30 22:53:51.123  1217  1217 D SystemServerTiming: StartSoundTriggerMiddlewareService
05-30 22:53:51.123  1217  1217 I SystemServiceManager: Starting com.android.server.soundtrigger_middleware.SoundTriggerMiddlewareService$Lifecycle
05-30 22:53:51.128  1217  1217 V SystemServerTiming: StartSoundTriggerMiddlewareService took to complete: 4ms
05-30 22:53:51.128  1217  1217 D SystemServerTiming: StartDockObserver
05-30 22:53:51.128  1217  1217 I SystemServiceManager: Starting com.android.server.DockObserver
05-30 22:53:51.128  1217  1217 I DockObserver: No extcon dock device found in this kernel.
05-30 22:53:51.129  1217  1217 V SystemServerTiming: StartDockObserver took to complete: 0ms
05-30 22:53:51.129  1217  1217 D SystemServerTiming: StartWiredAccessoryManager
05-30 22:53:51.129  1217  1217 W WiredAccessoryManager: This kernel does not have usb audio support
05-30 22:53:51.129  1217  1217 W WiredAccessoryManager: This kernel does not have HDMI audio support
05-30 22:53:51.130  1217  1217 E WiredAccessoryManager: file /sys/devices/platform/soc/soc:qcom,msm-ext-disp/extcon/extcon3/name not found
05-30 22:53:51.130  1217  1217 W WiredAccessoryManager: Conn soc:qcom,msm-ext-disp/3/1 does not have DP audio support
05-30 22:53:51.130  1217  1217 E WiredAccessoryManager: file /sys/devices/platform/soc/soc:qcom,msm-ext-disp/extcon/extcon2/name not found
05-30 22:53:51.130  1217  1217 W WiredAccessoryManager: Conn soc:qcom,msm-ext-disp/2/1 does not have DP audio support
05-30 22:53:51.130  1217  1217 E WiredAccessoryManager: file /sys/devices/platform/soc/soc:qcom,msm-ext-disp/extcon/extcon1/name not found
05-30 22:53:51.130  1217  1217 W WiredAccessoryManager: Conn soc:qcom,msm-ext-disp/1/1 does not have DP audio support
05-30 22:53:51.130  1217  1217 E WiredAccessoryManager: file /sys/devices/platform/soc/soc:qcom,msm-ext-disp/extcon/extcon0/name not found
05-30 22:53:51.130  1217  1217 W WiredAccessoryManager: Conn soc:qcom,msm-ext-disp/0/1 does not have DP audio support
05-30 22:53:51.130  1217  1217 E WiredAccessoryManager: file /sys/devices/platform/soc/soc:qcom,msm-ext-disp/extcon/extcon3/name not found
05-30 22:53:51.130  1217  1217 W WiredAccessoryManager: Conn soc:qcom,msm-ext-disp/3/0 does not have DP audio support
05-30 22:53:51.131  1217  1217 E WiredAccessoryManager: file /sys/devices/platform/soc/soc:qcom,msm-ext-disp/extcon/extcon2/name not found
05-30 22:53:51.131  1217  1217 W WiredAccessoryManager: Conn soc:qcom,msm-ext-disp/2/0 does not have DP audio support
05-30 22:53:51.131  1217  1217 E WiredAccessoryManager: file /sys/devices/platform/soc/soc:qcom,msm-ext-disp/extcon/extcon1/name not found
05-30 22:53:51.131  1217  1217 W WiredAccessoryManager: Conn soc:qcom,msm-ext-disp/1/0 does not have DP audio support
05-30 22:53:51.131  1217  1217 E WiredAccessoryManager: file /sys/devices/platform/soc/soc:qcom,msm-ext-disp/extcon/extcon0/name not found
05-30 22:53:51.131  1217  1217 W WiredAccessoryManager: Conn soc:qcom,msm-ext-disp/0/0 does not have DP audio support
05-30 22:53:51.131  1217  1217 V SystemServerTiming: StartWiredAccessoryManager took to complete: 3ms
05-30 22:53:51.131  1217  1217 D SystemServerTiming: StartMidiManager
05-30 22:53:51.131  1217  1217 I SystemServiceManager: Starting com.android.server.midi.MidiService$Lifecycle
05-30 22:53:51.133  1217  1217 V SystemServerTiming: StartMidiManager took to complete: 2ms
05-30 22:53:51.133  1217  1217 D SystemServerTiming: StartAdbService
05-30 22:53:51.133  1217  1217 I SystemServiceManager: Starting com.android.server.adb.AdbService$Lifecycle
05-30 22:53:51.134  1217  1217 V SystemServerTiming: StartAdbService took to complete: 1ms
05-30 22:53:51.134  1217  1217 D SystemServerTiming: StartUsbService
05-30 22:53:51.135  1217  1217 I SystemServiceManager: Starting com.android.server.usb.UsbService$Lifecycle
05-30 22:53:51.135  1217  1217 V SystemServerTiming: StartUsbService took to complete: 0ms
05-30 22:53:51.135  1217  1217 D SystemServerTiming: StartSerialService
05-30 22:53:51.135  1217  1242 D SystemServerTimingAsync: InitThreadPoolExec:UsbService$Lifecycle#onStart
05-30 22:53:51.135  1217  1242 D SystemServerInitThreadPool: Started executing UsbService$Lifecycle#onStart
05-30 22:53:51.135  1217  1242 I UsbDeviceManager: failed to write to /sys/class/android_usb/android0/f_rndis/ethaddr
05-30 22:53:51.135  1217  1217 V SystemServerTiming: StartSerialService took to complete: 1ms
05-30 22:53:51.136  1217  1217 D SystemServerTiming: StartHardwarePropertiesManagerService
05-30 22:53:51.137  1217  1242 E UsbDeviceManager: Failed to open control for mtp
05-30 22:53:51.137  1217  1242 E UsbDeviceManager: Failed to open control for ptp
05-30 22:53:51.138  1217  1217 V SystemServerTiming: StartHardwarePropertiesManagerService took to complete: 2ms
05-30 22:53:51.138  1217  1217 D SystemServerTiming: StartTwilightService
05-30 22:53:51.138  1217  1217 I SystemServiceManager: Starting com.android.server.twilight.TwilightService
05-30 22:53:51.138  1217  1242 W StorageManagerService: No primary storage defined yet; hacking together a stub
05-30 22:53:51.138  1217  1217 V SystemServerTiming: StartTwilightService took to complete: 0ms
05-30 22:53:51.138  1217  1217 D SystemServerTiming: StartColorDisplay
05-30 22:53:51.138  1217  1217 I SystemServiceManager: Starting com.android.server.display.color.ColorDisplayService
05-30 22:53:51.140  1217  1217 V SystemServerTiming: StartColorDisplay took to complete: 1ms
05-30 22:53:51.140  1217  1217 D SystemServerTiming: StartJobScheduler
05-30 22:53:51.140  1217  1217 I SystemServiceManager: Starting com.android.server.job.JobSchedulerService
05-30 22:53:51.140  1217  1431 V SystemServerTimingAsync: SecondaryZygotePreload took to complete: 659ms
05-30 22:53:51.140  1217  1431 D SystemServerInitThreadPool: Finished executing SecondaryZygotePreload
05-30 22:53:51.140  1217  1431 V SystemServerTimingAsync: InitThreadPoolExec:SecondaryZygotePreload took to complete: 659ms
05-30 22:53:51.141  1217  1243 I UsbDeviceManager: Usb gadget hal service started android.hardware.usb.gadget@1.0::IUsbGadget default
05-30 22:53:51.141  1217  1217 D JobStore: Start tag: job-info
05-30 22:53:51.143  1217  1217 I JobStore: Read 8 jobs
05-30 22:53:51.144  1217  1235 I UsbDeviceManager: processing MSG_GET_CURRENT_USB_FUNCTIONS
05-30 22:53:51.144  1217  1235 I UsbDeviceManager: updating mCurrentFunctions
05-30 22:53:51.144  1217  1235 I UsbDeviceManager: mCurrentFunctions:0applied:1
05-30 22:53:51.145  1217  1242 D UsbPortManager: Querying USB HAL version
05-30 22:53:51.145  1217  1217 V HistoricalRegistry: Interaction before persistence initialized
05-30 22:53:51.146  1217  1217 V HistoricalRegistry: Interaction before persistence initialized
05-30 22:53:51.146  1217  1235 E SystemServiceRegistry: Manager wrapper not available: usb
05-30 22:53:51.146  1217  1217 V SystemServerTiming: StartJobScheduler took to complete: 7ms
05-30 22:53:51.146  1217  1217 D SystemServerTiming: StartSoundTrigger
05-30 22:53:51.146  1217  1217 I SystemServiceManager: Starting com.android.server.soundtrigger.SoundTriggerService
05-30 22:53:51.147  1217  1245 I DropBoxManagerService: add tag=system_server_wtf isTagEnabled=true flags=0x2
05-30 22:53:51.147  1217  1217 V SystemServerTiming: StartSoundTrigger took to complete: 0ms
05-30 22:53:51.147  1217  1217 D SystemServerTiming: StartTrustManager
05-30 22:53:51.147  1217  1217 I SystemServiceManager: Starting com.android.server.trust.TrustManagerService
05-30 22:53:51.147  1217  1217 V SystemServerTiming: StartTrustManager took to complete: 1ms
05-30 22:53:51.147  1217  1217 D SystemServerTiming: StartBackupManager
05-30 22:53:51.147  1217  1217 I SystemServiceManager: Starting com.android.server.backup.BackupManagerService$Lifecycle
05-30 22:53:51.148  1217  1242 I UsbPortManager: USB HAL HIDL present
05-30 22:53:51.148  1217  1245 I DropBoxManagerService: add tag=system_server_wtf isTagEnabled=true flags=0x2
05-30 22:53:51.149  1217  1217 V SystemServerTiming: StartBackupManager took to complete: 1ms
05-30 22:53:51.149  1217  1217 D SystemServerTiming: StartAppWidgetService
05-30 22:53:51.149  1217  1217 I SystemServiceManager: Starting com.android.server.appwidget.AppWidgetService
05-30 22:53:51.150  1217  1507 I UsbPortManager: Usb hal service started android.hardware.usb@1.0::IUsb default
05-30 22:53:51.151  1217  1217 V SystemServerTiming: StartAppWidgetService took to complete: 2ms
05-30 22:53:51.151  1217  1217 D SystemServerTiming: StartVoiceRecognitionManager
05-30 22:53:51.151  1217  1217 I SystemServiceManager: Starting com.android.server.voiceinteraction.VoiceInteractionManagerService
05-30 22:53:51.152  1217  1242 D UsbPortManager: getInstance done
05-30 22:53:51.153  1217  1242 D SystemServerInitThreadPool: Finished executing UsbService$Lifecycle#onStart
05-30 22:53:51.153  1217  1242 V SystemServerTimingAsync: InitThreadPoolExec:UsbService$Lifecycle#onStart took to complete: 19ms
05-30 22:53:51.155  1217  1217 V SystemServerTiming: StartVoiceRecognitionManager took to complete: 5ms
05-30 22:53:51.155  1217  1217 D SystemServerTiming: StartAppHibernationService
05-30 22:53:51.155  1217  1217 I SystemServiceManager: Starting com.android.server.apphibernation.AppHibernationService
05-30 22:53:51.157  1217  1217 V SystemServerTiming: StartAppHibernationService took to complete: 1ms
05-30 22:53:51.157  1217  1217 D SystemServerTiming: StartGestureLauncher
05-30 22:53:51.157  1217  1217 I SystemServiceManager: Starting com.android.server.GestureLauncherService
05-30 22:53:51.157  1217  1217 V SystemServerTiming: StartGestureLauncher took to complete: 0ms
05-30 22:53:51.157  1217  1217 D SystemServerTiming: StartSensorNotification
05-30 22:53:51.157  1217  1217 I SystemServiceManager: Starting com.android.server.SensorNotificationService
05-30 22:53:51.157  1217  1217 V SystemServerTiming: StartSensorNotification took to complete: 0ms
05-30 22:53:51.157  1217  1217 D SystemServerTiming: StartDiskStatsService
05-30 22:53:51.158  1217  1217 D CompatibilityChangeReporter: Compat change id reported: 194532703; UID 1000; state: ENABLED
05-30 22:53:51.159  1217  1217 V SystemServerTiming: StartDiskStatsService took to complete: 3ms
05-30 22:53:51.159  1217  1217 D SystemServerTiming: RuntimeService
05-30 22:53:51.160  1217  1217 V SystemServerTiming: RuntimeService took to complete: 0ms
05-30 22:53:51.160  1217  1217 D SystemServerTiming: StartNetworkTimeUpdateService
05-30 22:53:51.160  1217  1217 V SystemServerTiming: StartNetworkTimeUpdateService took to complete: 1ms
05-30 22:53:51.160  1217  1217 D SystemServerTiming: CertBlacklister
05-30 22:53:51.161  1217  1217 V SystemServerTiming: CertBlacklister took to complete: 0ms
05-30 22:53:51.161  1217  1217 D SystemServerTiming: StartEmergencyAffordanceService
05-30 22:53:51.161  1217  1217 I SystemServiceManager: Starting com.android.server.emergency.EmergencyAffordanceService
05-30 22:53:51.161  1217  1217 V SystemServerTiming: StartEmergencyAffordanceService took to complete: 1ms
05-30 22:53:51.161  1217  1217 D SystemServerTiming: startBlobStoreManagerService
05-30 22:53:51.161  1217  1217 I SystemServiceManager: Starting com.android.server.blob.BlobStoreManagerService
05-30 22:53:51.162  1217  1217 V SystemServerTiming: startBlobStoreManagerService took to complete: 1ms
05-30 22:53:51.162  1217  1217 D SystemServerTiming: StartDreamManager
05-30 22:53:51.162  1217  1217 I SystemServiceManager: Starting com.android.server.dreams.DreamManagerService
05-30 22:53:51.163  1217  1217 V SystemServerTiming: StartDreamManager took to complete: 0ms
05-30 22:53:51.163  1217  1217 D SystemServerTiming: AddGraphicsStatsService
05-30 22:53:51.164  1217  1217 V SystemServerTiming: AddGraphicsStatsService took to complete: 2ms
05-30 22:53:51.164  1217  1217 D SystemServerTiming: StartPrintManager
05-30 22:53:51.164  1217  1217 I SystemServiceManager: Starting com.android.server.print.PrintManagerService
05-30 22:53:51.165  1217  1217 V SystemServerTiming: StartPrintManager took to complete: 0ms
05-30 22:53:51.165  1217  1217 D SystemServerTiming: StartAttestationVerificationService
05-30 22:53:51.165  1217  1217 I SystemServiceManager: Starting com.android.server.security.AttestationVerificationManagerService
05-30 22:53:51.165  1217  1217 D AVF     : Started
05-30 22:53:51.165  1217  1217 V SystemServerTiming: StartAttestationVerificationService took to complete: 1ms
05-30 22:53:51.165  1217  1217 D SystemServerTiming: StartCompanionDeviceManager
05-30 22:53:51.166  1217  1217 I SystemServiceManager: Starting com.android.server.companion.CompanionDeviceManagerService
05-30 22:53:51.166  1217  1217 I CompanionDevice_PersistentDataStore: Reading associations for user 0 from disk
05-30 22:53:51.168  1217  1217 V SystemServerTiming: StartCompanionDeviceManager took to complete: 3ms
05-30 22:53:51.168  1217  1217 D SystemServerTiming: StartVirtualDeviceManager
05-30 22:53:51.168  1217  1217 I SystemServiceManager: Starting com.android.server.companion.virtual.VirtualDeviceManagerService
05-30 22:53:51.169  1217  1217 V SystemServerTiming: StartVirtualDeviceManager took to complete: 1ms
05-30 22:53:51.169  1217  1217 D SystemServerTiming: StartRestrictionManager
05-30 22:53:51.169  1217  1217 I SystemServiceManager: Starting com.android.server.restrictions.RestrictionsManagerService
05-30 22:53:51.170  1217  1217 V SystemServerTiming: StartRestrictionManager took to complete: 1ms
05-30 22:53:51.170  1217  1217 D SystemServerTiming: StartMediaSessionService
05-30 22:53:51.171  1217  1217 I SystemServiceManager: Starting com.android.server.media.MediaSessionService
05-30 22:53:51.173  1217  1217 V SystemServerTiming: StartMediaSessionService took to complete: 3ms
05-30 22:53:51.173  1217  1217 D SystemServerTiming: StartMediaResourceMonitor
05-30 22:53:51.173  1217  1217 I SystemServiceManager: Starting com.android.server.media.MediaResourceMonitorService
05-30 22:53:51.173  1217  1217 V SystemServerTiming: StartMediaResourceMonitor took to complete: 0ms
05-30 22:53:51.173  1217  1217 D SystemServerTiming: StartMediaRouterService
05-30 22:53:51.174  1217  1217 V HistoricalRegistry: Interaction before persistence initialized
05-30 22:53:51.175  1217  1217 V SystemServerTiming: StartMediaRouterService took to complete: 2ms
05-30 22:53:51.175  1217  1217 D SystemServerTiming: StartFingerprintSensor
05-30 22:53:51.175  1217  1217 I SystemServiceManager: Starting com.android.server.biometrics.sensors.fingerprint.FingerprintService
05-30 22:53:51.175  1217  1217 V SystemServerTiming: StartFingerprintSensor took to complete: 0ms
05-30 22:53:51.175  1217  1217 D SystemServerTiming: StartBiometricService
05-30 22:53:51.175  1217  1217 I SystemServiceManager: Starting com.android.server.biometrics.BiometricService
05-30 22:53:51.177  1217  1217 V SystemServerTiming: StartBiometricService took to complete: 2ms
05-30 22:53:51.177  1217  1217 D SystemServerTiming: StartAuthService
05-30 22:53:51.177  1217  1217 I SystemServiceManager: Starting com.android.server.biometrics.AuthService
05-30 22:53:51.177  1217  1217 D AuthService: Registering HIDL ID: 0 Modality: 2 Strength: 15
05-30 22:53:51.180  1217  1217 V SystemServerTiming: StartAuthService took to complete: 3ms
05-30 22:53:51.180  1217  1217 D SystemServerTiming: StartDynamicCodeLoggingService
05-30 22:53:51.181  1217  1519 D BiometricService: Registering ID: 0 Modality: 2 Strength: 15
05-30 22:53:51.181  1217  1217 V SystemServerTiming: StartDynamicCodeLoggingService took to complete: 1ms
05-30 22:53:51.181  1217  1217 D SystemServerTiming: StartPruneInstantAppsJobService
05-30 22:53:51.181  1217  1519 D BiometricStrengthController: updateStrengths: revert sensorId=0 to oemStrength=15
05-30 22:53:51.182  1217  1519 D BiometricService/Sensor: updateStrength: Before(ID(0), oemStrength: 15, updatedStrength: 15, modality 2, state: 0, cookie: 0) After(ID(0), oemStrength: 15, updatedStrength: 15, modality 2, state: 0, cookie: 0)
05-30 22:53:51.182  1217  1217 V SystemServerTiming: StartPruneInstantAppsJobService took to complete: 0ms
05-30 22:53:51.182  1217  1217 D SystemServerTiming: StartShortcutServiceLifecycle
05-30 22:53:51.182  1217  1217 I SystemServiceManager: Starting com.android.server.pm.ShortcutService$Lifecycle
05-30 22:53:51.183  1217  1217 V HistoricalRegistry: Interaction before persistence initialized
05-30 22:53:51.184  1217  1217 V SystemServerTiming: StartShortcutServiceLifecycle took to complete: 2ms
05-30 22:53:51.184  1217  1217 D SystemServerTiming: StartLauncherAppsService
05-30 22:53:51.184  1217  1217 I SystemServiceManager: Starting com.android.server.pm.LauncherAppsService
05-30 22:53:51.186  1217  1217 V SystemServerTiming: StartLauncherAppsService took to complete: 2ms
05-30 22:53:51.186  1217  1217 D SystemServerTiming: StartCrossProfileAppsService
05-30 22:53:51.186  1217  1217 I SystemServiceManager: Starting com.android.server.pm.CrossProfileAppsService
05-30 22:53:51.187  1217  1217 V SystemServerTiming: StartCrossProfileAppsService took to complete: 1ms
05-30 22:53:51.187  1217  1217 D SystemServerTiming: StartPeopleService
05-30 22:53:51.187  1217  1217 I SystemServiceManager: Starting com.android.server.people.PeopleService
05-30 22:53:51.188  1217  1217 V SystemServerTiming: StartPeopleService took to complete: 1ms
05-30 22:53:51.188  1217  1217 D SystemServerTiming: StartMediaMetricsManager
05-30 22:53:51.188  1217  1217 I SystemServiceManager: Starting com.android.server.media.metrics.MediaMetricsManagerService
05-30 22:53:51.188  1217  1217 V SystemServerTiming: StartMediaMetricsManager took to complete: 0ms
05-30 22:53:51.188  1217  1217 D SystemServerTiming: StartMediaProjectionManager
05-30 22:53:51.188  1217  1217 I SystemServiceManager: Starting com.android.server.media.projection.MediaProjectionManagerService
05-30 22:53:51.191  1217  1217 V SystemServerTiming: StartMediaProjectionManager took to complete: 3ms
05-30 22:53:51.191  1217  1217 D SystemServerTiming: StartSliceManagerService
05-30 22:53:51.191  1217  1217 I SystemServiceManager: Starting com.android.server.slice.SliceManagerService$Lifecycle
05-30 22:53:51.193  1217  1217 V SystemServerTiming: StartSliceManagerService took to complete: 1ms
05-30 22:53:51.193  1217  1217 D SystemServerTiming: StartStatsCompanion
05-30 22:53:51.193  1217  1217 I SystemServiceManager: Starting com.android.server.stats.StatsCompanion$Lifecycle
05-30 22:53:51.196  1217  1217 V SystemServerTiming: StartStatsCompanion took to complete: 3ms
05-30 22:53:51.196  1217  1217 D SystemServerTiming: StartRebootReadinessManagerService
05-30 22:53:51.196  1217  1217 I SystemServiceManager: Starting com.android.server.scheduling.RebootReadinessManagerService$Lifecycle
05-30 22:53:51.198  1217  1217 V SystemServerTiming: StartRebootReadinessManagerService took to complete: 3ms
05-30 22:53:51.198  1217  1217 D SystemServerTiming: StartStatsPullAtomService
05-30 22:53:51.199  1217  1217 I SystemServiceManager: Starting com.android.server.stats.pull.StatsPullAtomService
05-30 22:53:51.199  1217  1217 V SystemServerTiming: StartStatsPullAtomService took to complete: 0ms
05-30 22:53:51.199  1217  1217 D SystemServerTiming: StatsBootstrapAtomService
05-30 22:53:51.199  1217  1217 I SystemServiceManager: Starting com.android.server.stats.bootstrap.StatsBootstrapAtomService$Lifecycle
05-30 22:53:51.199  1217  1217 V SystemServerTiming: StatsBootstrapAtomService took to complete: 1ms
05-30 22:53:51.199  1217  1217 D SystemServerTiming: StartIncidentCompanionService
05-30 22:53:51.200  1217  1217 I SystemServiceManager: Starting com.android.server.incident.IncidentCompanionService
05-30 22:53:51.200  1217  1217 V SystemServerTiming: StartIncidentCompanionService took to complete: 1ms
05-30 22:53:51.200  1217  1217 D SystemServerTiming: StarSdkSandboxManagerService
05-30 22:53:51.201  1217  1217 I SystemServiceManager: Starting com.android.server.sdksandbox.SdkSandboxManagerService$Lifecycle
05-30 22:53:51.203  1217  1217 V SystemServerTiming: StarSdkSandboxManagerService took to complete: 3ms
05-30 22:53:51.203  1217  1217 D SystemServerTiming: StartAdServicesManagerService
05-30 22:53:51.204  1217  1217 I SystemServiceManager: Starting com.android.server.adservices.AdServicesManagerService$Lifecycle
05-30 22:53:51.204  1217  1217 V SystemServerTiming: StartAdServicesManagerService took to complete: 1ms
05-30 22:53:51.204  1217  1217 D SystemServerTiming: StartMmsService
05-30 22:53:51.204  1217  1217 I SystemServiceManager: Starting com.android.server.MmsServiceBroker
05-30 22:53:51.205  1217  1217 V SystemServerTiming: StartMmsService took to complete: 0ms
05-30 22:53:51.205  1217  1217 D SystemServerTiming: StartAutoFillService
05-30 22:53:51.205  1217  1217 I SystemServiceManager: Starting com.android.server.autofill.AutofillManagerService
05-30 22:53:51.206  1217  1217 V SystemServerTiming: StartAutoFillService took to complete: 2ms
05-30 22:53:51.207  1217  1217 D SystemServer: TranslationService not defined by OEM
05-30 22:53:51.207  1217  1217 D SystemServerTiming: StartClipboardService
05-30 22:53:51.207  1217  1217 I SystemServiceManager: Starting com.android.server.clipboard.ClipboardService
05-30 22:53:51.208  1217  1217 V SystemServerTiming: StartClipboardService took to complete: 1ms
05-30 22:53:51.208  1217  1217 D SystemServerTiming: AppServiceManager
05-30 22:53:51.208  1217  1217 I SystemServiceManager: Starting com.android.server.appbinding.AppBindingService$Lifecycle
05-30 22:53:51.208  1217  1217 V SystemServerTiming: AppServiceManager took to complete: 0ms
05-30 22:53:51.209  1217  1217 D SystemServerTiming: startTracingServiceProxy
05-30 22:53:51.209  1217  1217 I SystemServiceManager: Starting com.android.server.tracing.TracingServiceProxy
05-30 22:53:51.209  1217  1217 V SystemServerTiming: startTracingServiceProxy took to complete: 1ms
05-30 22:53:51.209  1217  1217 I LineageSystemServer: Attempting to start service org.lineageos.platform.internal.ProfileManagerService
05-30 22:53:51.210  1217  1217 I LineageSystemServer: Starting service org.lineageos.platform.internal.ProfileManagerService
05-30 22:53:51.211  1217  1217 I SystemServiceManager: Starting org.lineageos.platform.internal.ProfileManagerService
05-30 22:53:51.212  1217  1217 I LineageSystemServer: Attempting to start service org.lineageos.platform.internal.LineageHardwareService
05-30 22:53:51.212  1217  1217 I LineageSystemServer: Starting service org.lineageos.platform.internal.LineageHardwareService
05-30 22:53:51.212  1217  1217 I SystemServiceManager: Starting org.lineageos.platform.internal.LineageHardwareService
